02:28:15 **** Incremental Build of configuration Debug for project test ****
make -j8 all 
arm-none-eabi-size   test.elf 
   text	   data	    bss	    dec	    hex	filename
  38032	    124	   8500	  46656	   b640	test.elf
Finished building: default.size.stdout
 
02:28:20 **** Incremental Build of configuration Debug for project test ****
make -j8 all 
arm-none-eabi-size   test.elf 
   text	   data	    bss	    dec	    hex	filename
  38032	    124	   8500	  46656	   b640	test.elf
Finished building: default.size.stdout
 
02:28:21 **** Incremental Build of configuration Debug for project test ****
make -j8 all 
arm-none-eabi-size   test.elf 
   text	   data	    bss	    dec	    hex	filename
  38032	    124	   8500	  46656	   b640	test.elf
Finished building: default.size.stdout
 
02:29:39 **** Incremental Build of configuration Debug for project test ****
make -j8 all 
arm-none-eabi-size   test.elf 
   text	   data	    bss	    dec	    hex	filename
  38032	    124	   8500	  46656	   b640	test.elf
Finished building: default.size.stdout
 
02:33:34 **** Incremental Build of configuration Debug for project test ****
make -j8 all 
arm-none-eabi-gcc "../Drivers/STM32H7xx_HAL_Driver/Src/stm32h7xx_hal.c" -mcpu=cortex-m7 -std=gnu11 -g3 -DDEBUG -DUSE_HAL_DRIVER -DSTM32H743xx -c -I../Core/Inc -I"D:/Injun/Work/STM/H743IICT/Workspace/test/Core/BSP/Peri/Uart" -I"D:/Injun/Work/STM/H743IICT/Workspace/test/Core/BSP/Peri/ADC" -I"D:/Injun/Work/STM/H743IICT/Workspace/test/Core/BSP/Driver/DEBUG" -I"D:/Injun/Work/STM/H743IICT/Workspace/test/Core/BSP/Driver/ADC_Data" -I"D:/Injun/Work/STM/H743IICT/Workspace/test/Core/BSP/Peri" -I"D:/Injun/Work/STM/H743IICT/Workspace/test/Core/BSP" -I"D:/Injun/Work/STM/H743IICT/Workspace/test/Core/BSP/Driver" -I"D:/Injun/Work/STM/H743IICT/Workspace/test/Core/BSP/App" -I../Drivers/STM32H7xx_HAL_Driver/Inc -I../Drivers/STM32H7xx_HAL_Driver/Inc/Legacy -I../Drivers/CMSIS/Device/ST/STM32H7xx/Include -I../Drivers/CMSIS/Include -O0 -ffunction-sections -fdata-sections -Wall -fstack-usage -MMD -MP -MF"Drivers/STM32H7xx_HAL_Driver/Src/stm32h7xx_hal.d" -MT"Drivers/STM32H7xx_HAL_Driver/Src/stm32h7xx_hal.o" --specs=nano.specs -mfpu=fpv5-d16 -mfloat-abi=hard -mthumb -o "Drivers/STM32H7xx_HAL_Driver/Src/stm32h7xx_hal.o"
arm-none-eabi-gcc "../Drivers/STM32H7xx_HAL_Driver/Src/stm32h7xx_hal_adc.c" -mcpu=cortex-m7 -std=gnu11 -g3 -DDEBUG -DUSE_HAL_DRIVER -DSTM32H743xx -c -I../Core/Inc -I"D:/Injun/Work/STM/H743IICT/Workspace/test/Core/BSP/Peri/Uart" -I"D:/Injun/Work/STM/H743IICT/Workspace/test/Core/BSP/Peri/ADC" -I"D:/Injun/Work/STM/H743IICT/Workspace/test/Core/BSP/Driver/DEBUG" -I"D:/Injun/Work/STM/H743IICT/Workspace/test/Core/BSP/Driver/ADC_Data" -I"D:/Injun/Work/STM/H743IICT/Workspace/test/Core/BSP/Peri" -I"D:/Injun/Work/STM/H743IICT/Workspace/test/Core/BSP" -I"D:/Injun/Work/STM/H743IICT/Workspace/test/Core/BSP/Driver" -I"D:/Injun/Work/STM/H743IICT/Workspace/test/Core/BSP/App" -I../Drivers/STM32H7xx_HAL_Driver/Inc -I../Drivers/STM32H7xx_HAL_Driver/Inc/Legacy -I../Drivers/CMSIS/Device/ST/STM32H7xx/Include -I../Drivers/CMSIS/Include -O0 -ffunction-sections -fdata-sections -Wall -fstack-usage -MMD -MP -MF"Drivers/STM32H7xx_HAL_Driver/Src/stm32h7xx_hal_adc.d" -MT"Drivers/STM32H7xx_HAL_Driver/Src/stm32h7xx_hal_adc.o" --specs=nano.specs -mfpu=fpv5-d16 -mfloat-abi=hard -mthumb -o "Drivers/STM32H7xx_HAL_Driver/Src/stm32h7xx_hal_adc.o"
arm-none-eabi-gcc "../Drivers/STM32H7xx_HAL_Driver/Src/stm32h7xx_hal_adc_ex.c" -mcpu=cortex-m7 -std=gnu11 -g3 -DDEBUG -DUSE_HAL_DRIVER -DSTM32H743xx -c -I../Core/Inc -I"D:/Injun/Work/STM/H743IICT/Workspace/test/Core/BSP/Peri/Uart" -I"D:/Injun/Work/STM/H743IICT/Workspace/test/Core/BSP/Peri/ADC" -I"D:/Injun/Work/STM/H743IICT/Workspace/test/Core/BSP/Driver/DEBUG" -I"D:/Injun/Work/STM/H743IICT/Workspace/test/Core/BSP/Driver/ADC_Data" -I"D:/Injun/Work/STM/H743IICT/Workspace/test/Core/BSP/Peri" -I"D:/Injun/Work/STM/H743IICT/Workspace/test/Core/BSP" -I"D:/Injun/Work/STM/H743IICT/Workspace/test/Core/BSP/Driver" -I"D:/Injun/Work/STM/H743IICT/Workspace/test/Core/BSP/App" -I../Drivers/STM32H7xx_HAL_Driver/Inc -I../Drivers/STM32H7xx_HAL_Driver/Inc/Legacy -I../Drivers/CMSIS/Device/ST/STM32H7xx/Include -I../Drivers/CMSIS/Include -O0 -ffunction-sections -fdata-sections -Wall -fstack-usage -MMD -MP -MF"Drivers/STM32H7xx_HAL_Driver/Src/stm32h7xx_hal_adc_ex.d" -MT"Drivers/STM32H7xx_HAL_Driver/Src/stm32h7xx_hal_adc_ex.o" --specs=nano.specs -mfpu=fpv5-d16 -mfloat-abi=hard -mthumb -o "Drivers/STM32H7xx_HAL_Driver/Src/stm32h7xx_hal_adc_ex.o"
arm-none-eabi-gcc "../Drivers/STM32H7xx_HAL_Driver/Src/stm32h7xx_hal_cortex.c" -mcpu=cortex-m7 -std=gnu11 -g3 -DDEBUG -DUSE_HAL_DRIVER -DSTM32H743xx -c -I../Core/Inc -I"D:/Injun/Work/STM/H743IICT/Workspace/test/Core/BSP/Peri/Uart" -I"D:/Injun/Work/STM/H743IICT/Workspace/test/Core/BSP/Peri/ADC" -I"D:/Injun/Work/STM/H743IICT/Workspace/test/Core/BSP/Driver/DEBUG" -I"D:/Injun/Work/STM/H743IICT/Workspace/test/Core/BSP/Driver/ADC_Data" -I"D:/Injun/Work/STM/H743IICT/Workspace/test/Core/BSP/Peri" -I"D:/Injun/Work/STM/H743IICT/Workspace/test/Core/BSP" -I"D:/Injun/Work/STM/H743IICT/Workspace/test/Core/BSP/Driver" -I"D:/Injun/Work/STM/H743IICT/Workspace/test/Core/BSP/App" -I../Drivers/STM32H7xx_HAL_Driver/Inc -I../Drivers/STM32H7xx_HAL_Driver/Inc/Legacy -I../Drivers/CMSIS/Device/ST/STM32H7xx/Include -I../Drivers/CMSIS/Include -O0 -ffunction-sections -fdata-sections -Wall -fstack-usage -MMD -MP -MF"Drivers/STM32H7xx_HAL_Driver/Src/stm32h7xx_hal_cortex.d" -MT"Drivers/STM32H7xx_HAL_Driver/Src/stm32h7xx_hal_cortex.o" --specs=nano.specs -mfpu=fpv5-d16 -mfloat-abi=hard -mthumb -o "Drivers/STM32H7xx_HAL_Driver/Src/stm32h7xx_hal_cortex.o"
arm-none-eabi-gcc "../Drivers/STM32H7xx_HAL_Driver/Src/stm32h7xx_hal_dma.c" -mcpu=cortex-m7 -std=gnu11 -g3 -DDEBUG -DUSE_HAL_DRIVER -DSTM32H743xx -c -I../Core/Inc -I"D:/Injun/Work/STM/H743IICT/Workspace/test/Core/BSP/Peri/Uart" -I"D:/Injun/Work/STM/H743IICT/Workspace/test/Core/BSP/Peri/ADC" -I"D:/Injun/Work/STM/H743IICT/Workspace/test/Core/BSP/Driver/DEBUG" -I"D:/Injun/Work/STM/H743IICT/Workspace/test/Core/BSP/Driver/ADC_Data" -I"D:/Injun/Work/STM/H743IICT/Workspace/test/Core/BSP/Peri" -I"D:/Injun/Work/STM/H743IICT/Workspace/test/Core/BSP" -I"D:/Injun/Work/STM/H743IICT/Workspace/test/Core/BSP/Driver" -I"D:/Injun/Work/STM/H743IICT/Workspace/test/Core/BSP/App" -I../Drivers/STM32H7xx_HAL_Driver/Inc -I../Drivers/STM32H7xx_HAL_Driver/Inc/Legacy -I../Drivers/CMSIS/Device/ST/STM32H7xx/Include -I../Drivers/CMSIS/Include -O0 -ffunction-sections -fdata-sections -Wall -fstack-usage -MMD -MP -MF"Drivers/STM32H7xx_HAL_Driver/Src/stm32h7xx_hal_dma.d" -MT"Drivers/STM32H7xx_HAL_Driver/Src/stm32h7xx_hal_dma.o" --specs=nano.specs -mfpu=fpv5-d16 -mfloat-abi=hard -mthumb -o "Drivers/STM32H7xx_HAL_Driver/Src/stm32h7xx_hal_dma.o"
arm-none-eabi-gcc "../Drivers/STM32H7xx_HAL_Driver/Src/stm32h7xx_hal_dma_ex.c" -mcpu=cortex-m7 -std=gnu11 -g3 -DDEBUG -DUSE_HAL_DRIVER -DSTM32H743xx -c -I../Core/Inc -I"D:/Injun/Work/STM/H743IICT/Workspace/test/Core/BSP/Peri/Uart" -I"D:/Injun/Work/STM/H743IICT/Workspace/test/Core/BSP/Peri/ADC" -I"D:/Injun/Work/STM/H743IICT/Workspace/test/Core/BSP/Driver/DEBUG" -I"D:/Injun/Work/STM/H743IICT/Workspace/test/Core/BSP/Driver/ADC_Data" -I"D:/Injun/Work/STM/H743IICT/Workspace/test/Core/BSP/Peri" -I"D:/Injun/Work/STM/H743IICT/Workspace/test/Core/BSP" -I"D:/Injun/Work/STM/H743IICT/Workspace/test/Core/BSP/Driver" -I"D:/Injun/Work/STM/H743IICT/Workspace/test/Core/BSP/App" -I../Drivers/STM32H7xx_HAL_Driver/Inc -I../Drivers/STM32H7xx_HAL_Driver/Inc/Legacy -I../Drivers/CMSIS/Device/ST/STM32H7xx/Include -I../Drivers/CMSIS/Include -O0 -ffunction-sections -fdata-sections -Wall -fstack-usage -MMD -MP -MF"Drivers/STM32H7xx_HAL_Driver/Src/stm32h7xx_hal_dma_ex.d" -MT"Drivers/STM32H7xx_HAL_Driver/Src/stm32h7xx_hal_dma_ex.o" --specs=nano.specs -mfpu=fpv5-d16 -mfloat-abi=hard -mthumb -o "Drivers/STM32H7xx_HAL_Driver/Src/stm32h7xx_hal_dma_ex.o"
arm-none-eabi-gcc "../Drivers/STM32H7xx_HAL_Driver/Src/stm32h7xx_hal_exti.c" -mcpu=cortex-m7 -std=gnu11 -g3 -DDEBUG -DUSE_HAL_DRIVER -DSTM32H743xx -c -I../Core/Inc -I"D:/Injun/Work/STM/H743IICT/Workspace/test/Core/BSP/Peri/Uart" -I"D:/Injun/Work/STM/H743IICT/Workspace/test/Core/BSP/Peri/ADC" -I"D:/Injun/Work/STM/H743IICT/Workspace/test/Core/BSP/Driver/DEBUG" -I"D:/Injun/Work/STM/H743IICT/Workspace/test/Core/BSP/Driver/ADC_Data" -I"D:/Injun/Work/STM/H743IICT/Workspace/test/Core/BSP/Peri" -I"D:/Injun/Work/STM/H743IICT/Workspace/test/Core/BSP" -I"D:/Injun/Work/STM/H743IICT/Workspace/test/Core/BSP/Driver" -I"D:/Injun/Work/STM/H743IICT/Workspace/test/Core/BSP/App" -I../Drivers/STM32H7xx_HAL_Driver/Inc -I../Drivers/STM32H7xx_HAL_Driver/Inc/Legacy -I../Drivers/CMSIS/Device/ST/STM32H7xx/Include -I../Drivers/CMSIS/Include -O0 -ffunction-sections -fdata-sections -Wall -fstack-usage -MMD -MP -MF"Drivers/STM32H7xx_HAL_Driver/Src/stm32h7xx_hal_exti.d" -MT"Drivers/STM32H7xx_HAL_Driver/Src/stm32h7xx_hal_exti.o" --specs=nano.specs -mfpu=fpv5-d16 -mfloat-abi=hard -mthumb -o "Drivers/STM32H7xx_HAL_Driver/Src/stm32h7xx_hal_exti.o"
arm-none-eabi-gcc "../Drivers/STM32H7xx_HAL_Driver/Src/stm32h7xx_hal_flash.c" -mcpu=cortex-m7 -std=gnu11 -g3 -DDEBUG -DUSE_HAL_DRIVER -DSTM32H743xx -c -I../Core/Inc -I"D:/Injun/Work/STM/H743IICT/Workspace/test/Core/BSP/Peri/Uart" -I"D:/Injun/Work/STM/H743IICT/Workspace/test/Core/BSP/Peri/ADC" -I"D:/Injun/Work/STM/H743IICT/Workspace/test/Core/BSP/Driver/DEBUG" -I"D:/Injun/Work/STM/H743IICT/Workspace/test/Core/BSP/Driver/ADC_Data" -I"D:/Injun/Work/STM/H743IICT/Workspace/test/Core/BSP/Peri" -I"D:/Injun/Work/STM/H743IICT/Workspace/test/Core/BSP" -I"D:/Injun/Work/STM/H743IICT/Workspace/test/Core/BSP/Driver" -I"D:/Injun/Work/STM/H743IICT/Workspace/test/Core/BSP/App" -I../Drivers/STM32H7xx_HAL_Driver/Inc -I../Drivers/STM32H7xx_HAL_Driver/Inc/Legacy -I../Drivers/CMSIS/Device/ST/STM32H7xx/Include -I../Drivers/CMSIS/Include -O0 -ffunction-sections -fdata-sections -Wall -fstack-usage -MMD -MP -MF"Drivers/STM32H7xx_HAL_Driver/Src/stm32h7xx_hal_flash.d" -MT"Drivers/STM32H7xx_HAL_Driver/Src/stm32h7xx_hal_flash.o" --specs=nano.specs -mfpu=fpv5-d16 -mfloat-abi=hard -mthumb -o "Drivers/STM32H7xx_HAL_Driver/Src/stm32h7xx_hal_flash.o"
arm-none-eabi-gcc "../Drivers/STM32H7xx_HAL_Driver/Src/stm32h7xx_hal_flash_ex.c" -mcpu=cortex-m7 -std=gnu11 -g3 -DDEBUG -DUSE_HAL_DRIVER -DSTM32H743xx -c -I../Core/Inc -I"D:/Injun/Work/STM/H743IICT/Workspace/test/Core/BSP/Peri/Uart" -I"D:/Injun/Work/STM/H743IICT/Workspace/test/Core/BSP/Peri/ADC" -I"D:/Injun/Work/STM/H743IICT/Workspace/test/Core/BSP/Driver/DEBUG" -I"D:/Injun/Work/STM/H743IICT/Workspace/test/Core/BSP/Driver/ADC_Data" -I"D:/Injun/Work/STM/H743IICT/Workspace/test/Core/BSP/Peri" -I"D:/Injun/Work/STM/H743IICT/Workspace/test/Core/BSP" -I"D:/Injun/Work/STM/H743IICT/Workspace/test/Core/BSP/Driver" -I"D:/Injun/Work/STM/H743IICT/Workspace/test/Core/BSP/App" -I../Drivers/STM32H7xx_HAL_Driver/Inc -I../Drivers/STM32H7xx_HAL_Driver/Inc/Legacy -I../Drivers/CMSIS/Device/ST/STM32H7xx/Include -I../Drivers/CMSIS/Include -O0 -ffunction-sections -fdata-sections -Wall -fstack-usage -MMD -MP -MF"Drivers/STM32H7xx_HAL_Driver/Src/stm32h7xx_hal_flash_ex.d" -MT"Drivers/STM32H7xx_HAL_Driver/Src/stm32h7xx_hal_flash_ex.o" --specs=nano.specs -mfpu=fpv5-d16 -mfloat-abi=hard -mthumb -o "Drivers/STM32H7xx_HAL_Driver/Src/stm32h7xx_hal_flash_ex.o"
arm-none-eabi-gcc "../Drivers/STM32H7xx_HAL_Driver/Src/stm32h7xx_hal_gpio.c" -mcpu=cortex-m7 -std=gnu11 -g3 -DDEBUG -DUSE_HAL_DRIVER -DSTM32H743xx -c -I../Core/Inc -I"D:/Injun/Work/STM/H743IICT/Workspace/test/Core/BSP/Peri/Uart" -I"D:/Injun/Work/STM/H743IICT/Workspace/test/Core/BSP/Peri/ADC" -I"D:/Injun/Work/STM/H743IICT/Workspace/test/Core/BSP/Driver/DEBUG" -I"D:/Injun/Work/STM/H743IICT/Workspace/test/Core/BSP/Driver/ADC_Data" -I"D:/Injun/Work/STM/H743IICT/Workspace/test/Core/BSP/Peri" -I"D:/Injun/Work/STM/H743IICT/Workspace/test/Core/BSP" -I"D:/Injun/Work/STM/H743IICT/Workspace/test/Core/BSP/Driver" -I"D:/Injun/Work/STM/H743IICT/Workspace/test/Core/BSP/App" -I../Drivers/STM32H7xx_HAL_Driver/Inc -I../Drivers/STM32H7xx_HAL_Driver/Inc/Legacy -I../Drivers/CMSIS/Device/ST/STM32H7xx/Include -I../Drivers/CMSIS/Include -O0 -ffunction-sections -fdata-sections -Wall -fstack-usage -MMD -MP -MF"Drivers/STM32H7xx_HAL_Driver/Src/stm32h7xx_hal_gpio.d" -MT"Drivers/STM32H7xx_HAL_Driver/Src/stm32h7xx_hal_gpio.o" --specs=nano.specs -mfpu=fpv5-d16 -mfloat-abi=hard -mthumb -o "Drivers/STM32H7xx_HAL_Driver/Src/stm32h7xx_hal_gpio.o"
arm-none-eabi-gcc "../Drivers/STM32H7xx_HAL_Driver/Src/stm32h7xx_hal_hsem.c" -mcpu=cortex-m7 -std=gnu11 -g3 -DDEBUG -DUSE_HAL_DRIVER -DSTM32H743xx -c -I../Core/Inc -I"D:/Injun/Work/STM/H743IICT/Workspace/test/Core/BSP/Peri/Uart" -I"D:/Injun/Work/STM/H743IICT/Workspace/test/Core/BSP/Peri/ADC" -I"D:/Injun/Work/STM/H743IICT/Workspace/test/Core/BSP/Driver/DEBUG" -I"D:/Injun/Work/STM/H743IICT/Workspace/test/Core/BSP/Driver/ADC_Data" -I"D:/Injun/Work/STM/H743IICT/Workspace/test/Core/BSP/Peri" -I"D:/Injun/Work/STM/H743IICT/Workspace/test/Core/BSP" -I"D:/Injun/Work/STM/H743IICT/Workspace/test/Core/BSP/Driver" -I"D:/Injun/Work/STM/H743IICT/Workspace/test/Core/BSP/App" -I../Drivers/STM32H7xx_HAL_Driver/Inc -I../Drivers/STM32H7xx_HAL_Driver/Inc/Legacy -I../Drivers/CMSIS/Device/ST/STM32H7xx/Include -I../Drivers/CMSIS/Include -O0 -ffunction-sections -fdata-sections -Wall -fstack-usage -MMD -MP -MF"Drivers/STM32H7xx_HAL_Driver/Src/stm32h7xx_hal_hsem.d" -MT"Drivers/STM32H7xx_HAL_Driver/Src/stm32h7xx_hal_hsem.o" --specs=nano.specs -mfpu=fpv5-d16 -mfloat-abi=hard -mthumb -o "Drivers/STM32H7xx_HAL_Driver/Src/stm32h7xx_hal_hsem.o"
arm-none-eabi-gcc "../Drivers/STM32H7xx_HAL_Driver/Src/stm32h7xx_hal_i2c.c" -mcpu=cortex-m7 -std=gnu11 -g3 -DDEBUG -DUSE_HAL_DRIVER -DSTM32H743xx -c -I../Core/Inc -I"D:/Injun/Work/STM/H743IICT/Workspace/test/Core/BSP/Peri/Uart" -I"D:/Injun/Work/STM/H743IICT/Workspace/test/Core/BSP/Peri/ADC" -I"D:/Injun/Work/STM/H743IICT/Workspace/test/Core/BSP/Driver/DEBUG" -I"D:/Injun/Work/STM/H743IICT/Workspace/test/Core/BSP/Driver/ADC_Data" -I"D:/Injun/Work/STM/H743IICT/Workspace/test/Core/BSP/Peri" -I"D:/Injun/Work/STM/H743IICT/Workspace/test/Core/BSP" -I"D:/Injun/Work/STM/H743IICT/Workspace/test/Core/BSP/Driver" -I"D:/Injun/Work/STM/H743IICT/Workspace/test/Core/BSP/App" -I../Drivers/STM32H7xx_HAL_Driver/Inc -I../Drivers/STM32H7xx_HAL_Driver/Inc/Legacy -I../Drivers/CMSIS/Device/ST/STM32H7xx/Include -I../Drivers/CMSIS/Include -O0 -ffunction-sections -fdata-sections -Wall -fstack-usage -MMD -MP -MF"Drivers/STM32H7xx_HAL_Driver/Src/stm32h7xx_hal_i2c.d" -MT"Drivers/STM32H7xx_HAL_Driver/Src/stm32h7xx_hal_i2c.o" --specs=nano.specs -mfpu=fpv5-d16 -mfloat-abi=hard -mthumb -o "Drivers/STM32H7xx_HAL_Driver/Src/stm32h7xx_hal_i2c.o"
arm-none-eabi-gcc "../Drivers/STM32H7xx_HAL_Driver/Src/stm32h7xx_hal_i2c_ex.c" -mcpu=cortex-m7 -std=gnu11 -g3 -DDEBUG -DUSE_HAL_DRIVER -DSTM32H743xx -c -I../Core/Inc -I"D:/Injun/Work/STM/H743IICT/Workspace/test/Core/BSP/Peri/Uart" -I"D:/Injun/Work/STM/H743IICT/Workspace/test/Core/BSP/Peri/ADC" -I"D:/Injun/Work/STM/H743IICT/Workspace/test/Core/BSP/Driver/DEBUG" -I"D:/Injun/Work/STM/H743IICT/Workspace/test/Core/BSP/Driver/ADC_Data" -I"D:/Injun/Work/STM/H743IICT/Workspace/test/Core/BSP/Peri" -I"D:/Injun/Work/STM/H743IICT/Workspace/test/Core/BSP" -I"D:/Injun/Work/STM/H743IICT/Workspace/test/Core/BSP/Driver" -I"D:/Injun/Work/STM/H743IICT/Workspace/test/Core/BSP/App" -I../Drivers/STM32H7xx_HAL_Driver/Inc -I../Drivers/STM32H7xx_HAL_Driver/Inc/Legacy -I../Drivers/CMSIS/Device/ST/STM32H7xx/Include -I../Drivers/CMSIS/Include -O0 -ffunction-sections -fdata-sections -Wall -fstack-usage -MMD -MP -MF"Drivers/STM32H7xx_HAL_Driver/Src/stm32h7xx_hal_i2c_ex.d" -MT"Drivers/STM32H7xx_HAL_Driver/Src/stm32h7xx_hal_i2c_ex.o" --specs=nano.specs -mfpu=fpv5-d16 -mfloat-abi=hard -mthumb -o "Drivers/STM32H7xx_HAL_Driver/Src/stm32h7xx_hal_i2c_ex.o"
arm-none-eabi-gcc "../Drivers/STM32H7xx_HAL_Driver/Src/stm32h7xx_hal_mdma.c" -mcpu=cortex-m7 -std=gnu11 -g3 -DDEBUG -DUSE_HAL_DRIVER -DSTM32H743xx -c -I../Core/Inc -I"D:/Injun/Work/STM/H743IICT/Workspace/test/Core/BSP/Peri/Uart" -I"D:/Injun/Work/STM/H743IICT/Workspace/test/Core/BSP/Peri/ADC" -I"D:/Injun/Work/STM/H743IICT/Workspace/test/Core/BSP/Driver/DEBUG" -I"D:/Injun/Work/STM/H743IICT/Workspace/test/Core/BSP/Driver/ADC_Data" -I"D:/Injun/Work/STM/H743IICT/Workspace/test/Core/BSP/Peri" -I"D:/Injun/Work/STM/H743IICT/Workspace/test/Core/BSP" -I"D:/Injun/Work/STM/H743IICT/Workspace/test/Core/BSP/Driver" -I"D:/Injun/Work/STM/H743IICT/Workspace/test/Core/BSP/App" -I../Drivers/STM32H7xx_HAL_Driver/Inc -I../Drivers/STM32H7xx_HAL_Driver/Inc/Legacy -I../Drivers/CMSIS/Device/ST/STM32H7xx/Include -I../Drivers/CMSIS/Include -O0 -ffunction-sections -fdata-sections -Wall -fstack-usage -MMD -MP -MF"Drivers/STM32H7xx_HAL_Driver/Src/stm32h7xx_hal_mdma.d" -MT"Drivers/STM32H7xx_HAL_Driver/Src/stm32h7xx_hal_mdma.o" --specs=nano.specs -mfpu=fpv5-d16 -mfloat-abi=hard -mthumb -o "Drivers/STM32H7xx_HAL_Driver/Src/stm32h7xx_hal_mdma.o"
arm-none-eabi-gcc "../Drivers/STM32H7xx_HAL_Driver/Src/stm32h7xx_hal_pwr.c" -mcpu=cortex-m7 -std=gnu11 -g3 -DDEBUG -DUSE_HAL_DRIVER -DSTM32H743xx -c -I../Core/Inc -I"D:/Injun/Work/STM/H743IICT/Workspace/test/Core/BSP/Peri/Uart" -I"D:/Injun/Work/STM/H743IICT/Workspace/test/Core/BSP/Peri/ADC" -I"D:/Injun/Work/STM/H743IICT/Workspace/test/Core/BSP/Driver/DEBUG" -I"D:/Injun/Work/STM/H743IICT/Workspace/test/Core/BSP/Driver/ADC_Data" -I"D:/Injun/Work/STM/H743IICT/Workspace/test/Core/BSP/Peri" -I"D:/Injun/Work/STM/H743IICT/Workspace/test/Core/BSP" -I"D:/Injun/Work/STM/H743IICT/Workspace/test/Core/BSP/Driver" -I"D:/Injun/Work/STM/H743IICT/Workspace/test/Core/BSP/App" -I../Drivers/STM32H7xx_HAL_Driver/Inc -I../Drivers/STM32H7xx_HAL_Driver/Inc/Legacy -I../Drivers/CMSIS/Device/ST/STM32H7xx/Include -I../Drivers/CMSIS/Include -O0 -ffunction-sections -fdata-sections -Wall -fstack-usage -MMD -MP -MF"Drivers/STM32H7xx_HAL_Driver/Src/stm32h7xx_hal_pwr.d" -MT"Drivers/STM32H7xx_HAL_Driver/Src/stm32h7xx_hal_pwr.o" --specs=nano.specs -mfpu=fpv5-d16 -mfloat-abi=hard -mthumb -o "Drivers/STM32H7xx_HAL_Driver/Src/stm32h7xx_hal_pwr.o"
arm-none-eabi-gcc "../Drivers/STM32H7xx_HAL_Driver/Src/stm32h7xx_hal_pwr_ex.c" -mcpu=cortex-m7 -std=gnu11 -g3 -DDEBUG -DUSE_HAL_DRIVER -DSTM32H743xx -c -I../Core/Inc -I"D:/Injun/Work/STM/H743IICT/Workspace/test/Core/BSP/Peri/Uart" -I"D:/Injun/Work/STM/H743IICT/Workspace/test/Core/BSP/Peri/ADC" -I"D:/Injun/Work/STM/H743IICT/Workspace/test/Core/BSP/Driver/DEBUG" -I"D:/Injun/Work/STM/H743IICT/Workspace/test/Core/BSP/Driver/ADC_Data" -I"D:/Injun/Work/STM/H743IICT/Workspace/test/Core/BSP/Peri" -I"D:/Injun/Work/STM/H743IICT/Workspace/test/Core/BSP" -I"D:/Injun/Work/STM/H743IICT/Workspace/test/Core/BSP/Driver" -I"D:/Injun/Work/STM/H743IICT/Workspace/test/Core/BSP/App" -I../Drivers/STM32H7xx_HAL_Driver/Inc -I../Drivers/STM32H7xx_HAL_Driver/Inc/Legacy -I../Drivers/CMSIS/Device/ST/STM32H7xx/Include -I../Drivers/CMSIS/Include -O0 -ffunction-sections -fdata-sections -Wall -fstack-usage -MMD -MP -MF"Drivers/STM32H7xx_HAL_Driver/Src/stm32h7xx_hal_pwr_ex.d" -MT"Drivers/STM32H7xx_HAL_Driver/Src/stm32h7xx_hal_pwr_ex.o" --specs=nano.specs -mfpu=fpv5-d16 -mfloat-abi=hard -mthumb -o "Drivers/STM32H7xx_HAL_Driver/Src/stm32h7xx_hal_pwr_ex.o"
arm-none-eabi-gcc "../Drivers/STM32H7xx_HAL_Driver/Src/stm32h7xx_hal_rcc.c" -mcpu=cortex-m7 -std=gnu11 -g3 -DDEBUG -DUSE_HAL_DRIVER -DSTM32H743xx -c -I../Core/Inc -I"D:/Injun/Work/STM/H743IICT/Workspace/test/Core/BSP/Peri/Uart" -I"D:/Injun/Work/STM/H743IICT/Workspace/test/Core/BSP/Peri/ADC" -I"D:/Injun/Work/STM/H743IICT/Workspace/test/Core/BSP/Driver/DEBUG" -I"D:/Injun/Work/STM/H743IICT/Workspace/test/Core/BSP/Driver/ADC_Data" -I"D:/Injun/Work/STM/H743IICT/Workspace/test/Core/BSP/Peri" -I"D:/Injun/Work/STM/H743IICT/Workspace/test/Core/BSP" -I"D:/Injun/Work/STM/H743IICT/Workspace/test/Core/BSP/Driver" -I"D:/Injun/Work/STM/H743IICT/Workspace/test/Core/BSP/App" -I../Drivers/STM32H7xx_HAL_Driver/Inc -I../Drivers/STM32H7xx_HAL_Driver/Inc/Legacy -I../Drivers/CMSIS/Device/ST/STM32H7xx/Include -I../Drivers/CMSIS/Include -O0 -ffunction-sections -fdata-sections -Wall -fstack-usage -MMD -MP -MF"Drivers/STM32H7xx_HAL_Driver/Src/stm32h7xx_hal_rcc.d" -MT"Drivers/STM32H7xx_HAL_Driver/Src/stm32h7xx_hal_rcc.o" --specs=nano.specs -mfpu=fpv5-d16 -mfloat-abi=hard -mthumb -o "Drivers/STM32H7xx_HAL_Driver/Src/stm32h7xx_hal_rcc.o"
arm-none-eabi-gcc "../Drivers/STM32H7xx_HAL_Driver/Src/stm32h7xx_hal_rcc_ex.c" -mcpu=cortex-m7 -std=gnu11 -g3 -DDEBUG -DUSE_HAL_DRIVER -DSTM32H743xx -c -I../Core/Inc -I"D:/Injun/Work/STM/H743IICT/Workspace/test/Core/BSP/Peri/Uart" -I"D:/Injun/Work/STM/H743IICT/Workspace/test/Core/BSP/Peri/ADC" -I"D:/Injun/Work/STM/H743IICT/Workspace/test/Core/BSP/Driver/DEBUG" -I"D:/Injun/Work/STM/H743IICT/Workspace/test/Core/BSP/Driver/ADC_Data" -I"D:/Injun/Work/STM/H743IICT/Workspace/test/Core/BSP/Peri" -I"D:/Injun/Work/STM/H743IICT/Workspace/test/Core/BSP" -I"D:/Injun/Work/STM/H743IICT/Workspace/test/Core/BSP/Driver" -I"D:/Injun/Work/STM/H743IICT/Workspace/test/Core/BSP/App" -I../Drivers/STM32H7xx_HAL_Driver/Inc -I../Drivers/STM32H7xx_HAL_Driver/Inc/Legacy -I../Drivers/CMSIS/Device/ST/STM32H7xx/Include -I../Drivers/CMSIS/Include -O0 -ffunction-sections -fdata-sections -Wall -fstack-usage -MMD -MP -MF"Drivers/STM32H7xx_HAL_Driver/Src/stm32h7xx_hal_rcc_ex.d" -MT"Drivers/STM32H7xx_HAL_Driver/Src/stm32h7xx_hal_rcc_ex.o" --specs=nano.specs -mfpu=fpv5-d16 -mfloat-abi=hard -mthumb -o "Drivers/STM32H7xx_HAL_Driver/Src/stm32h7xx_hal_rcc_ex.o"
arm-none-eabi-gcc "../Drivers/STM32H7xx_HAL_Driver/Src/stm32h7xx_hal_tim.c" -mcpu=cortex-m7 -std=gnu11 -g3 -DDEBUG -DUSE_HAL_DRIVER -DSTM32H743xx -c -I../Core/Inc -I"D:/Injun/Work/STM/H743IICT/Workspace/test/Core/BSP/Peri/Uart" -I"D:/Injun/Work/STM/H743IICT/Workspace/test/Core/BSP/Peri/ADC" -I"D:/Injun/Work/STM/H743IICT/Workspace/test/Core/BSP/Driver/DEBUG" -I"D:/Injun/Work/STM/H743IICT/Workspace/test/Core/BSP/Driver/ADC_Data" -I"D:/Injun/Work/STM/H743IICT/Workspace/test/Core/BSP/Peri" -I"D:/Injun/Work/STM/H743IICT/Workspace/test/Core/BSP" -I"D:/Injun/Work/STM/H743IICT/Workspace/test/Core/BSP/Driver" -I"D:/Injun/Work/STM/H743IICT/Workspace/test/Core/BSP/App" -I../Drivers/STM32H7xx_HAL_Driver/Inc -I../Drivers/STM32H7xx_HAL_Driver/Inc/Legacy -I../Drivers/CMSIS/Device/ST/STM32H7xx/Include -I../Drivers/CMSIS/Include -O0 -ffunction-sections -fdata-sections -Wall -fstack-usage -MMD -MP -MF"Drivers/STM32H7xx_HAL_Driver/Src/stm32h7xx_hal_tim.d" -MT"Drivers/STM32H7xx_HAL_Driver/Src/stm32h7xx_hal_tim.o" --specs=nano.specs -mfpu=fpv5-d16 -mfloat-abi=hard -mthumb -o "Drivers/STM32H7xx_HAL_Driver/Src/stm32h7xx_hal_tim.o"
arm-none-eabi-gcc "../Drivers/STM32H7xx_HAL_Driver/Src/stm32h7xx_hal_tim_ex.c" -mcpu=cortex-m7 -std=gnu11 -g3 -DDEBUG -DUSE_HAL_DRIVER -DSTM32H743xx -c -I../Core/Inc -I"D:/Injun/Work/STM/H743IICT/Workspace/test/Core/BSP/Peri/Uart" -I"D:/Injun/Work/STM/H743IICT/Workspace/test/Core/BSP/Peri/ADC" -I"D:/Injun/Work/STM/H743IICT/Workspace/test/Core/BSP/Driver/DEBUG" -I"D:/Injun/Work/STM/H743IICT/Workspace/test/Core/BSP/Driver/ADC_Data" -I"D:/Injun/Work/STM/H743IICT/Workspace/test/Core/BSP/Peri" -I"D:/Injun/Work/STM/H743IICT/Workspace/test/Core/BSP" -I"D:/Injun/Work/STM/H743IICT/Workspace/test/Core/BSP/Driver" -I"D:/Injun/Work/STM/H743IICT/Workspace/test/Core/BSP/App" -I../Drivers/STM32H7xx_HAL_Driver/Inc -I../Drivers/STM32H7xx_HAL_Driver/Inc/Legacy -I../Drivers/CMSIS/Device/ST/STM32H7xx/Include -I../Drivers/CMSIS/Include -O0 -ffunction-sections -fdata-sections -Wall -fstack-usage -MMD -MP -MF"Drivers/STM32H7xx_HAL_Driver/Src/stm32h7xx_hal_tim_ex.d" -MT"Drivers/STM32H7xx_HAL_Driver/Src/stm32h7xx_hal_tim_ex.o" --specs=nano.specs -mfpu=fpv5-d16 -mfloat-abi=hard -mthumb -o "Drivers/STM32H7xx_HAL_Driver/Src/stm32h7xx_hal_tim_ex.o"
arm-none-eabi-gcc "../Drivers/STM32H7xx_HAL_Driver/Src/stm32h7xx_hal_uart.c" -mcpu=cortex-m7 -std=gnu11 -g3 -DDEBUG -DUSE_HAL_DRIVER -DSTM32H743xx -c -I../Core/Inc -I"D:/Injun/Work/STM/H743IICT/Workspace/test/Core/BSP/Peri/Uart" -I"D:/Injun/Work/STM/H743IICT/Workspace/test/Core/BSP/Peri/ADC" -I"D:/Injun/Work/STM/H743IICT/Workspace/test/Core/BSP/Driver/DEBUG" -I"D:/Injun/Work/STM/H743IICT/Workspace/test/Core/BSP/Driver/ADC_Data" -I"D:/Injun/Work/STM/H743IICT/Workspace/test/Core/BSP/Peri" -I"D:/Injun/Work/STM/H743IICT/Workspace/test/Core/BSP" -I"D:/Injun/Work/STM/H743IICT/Workspace/test/Core/BSP/Driver" -I"D:/Injun/Work/STM/H743IICT/Workspace/test/Core/BSP/App" -I../Drivers/STM32H7xx_HAL_Driver/Inc -I../Drivers/STM32H7xx_HAL_Driver/Inc/Legacy -I../Drivers/CMSIS/Device/ST/STM32H7xx/Include -I../Drivers/CMSIS/Include -O0 -ffunction-sections -fdata-sections -Wall -fstack-usage -MMD -MP -MF"Drivers/STM32H7xx_HAL_Driver/Src/stm32h7xx_hal_uart.d" -MT"Drivers/STM32H7xx_HAL_Driver/Src/stm32h7xx_hal_uart.o" --specs=nano.specs -mfpu=fpv5-d16 -mfloat-abi=hard -mthumb -o "Drivers/STM32H7xx_HAL_Driver/Src/stm32h7xx_hal_uart.o"
arm-none-eabi-gcc "../Drivers/STM32H7xx_HAL_Driver/Src/stm32h7xx_hal_uart_ex.c" -mcpu=cortex-m7 -std=gnu11 -g3 -DDEBUG -DUSE_HAL_DRIVER -DSTM32H743xx -c -I../Core/Inc -I"D:/Injun/Work/STM/H743IICT/Workspace/test/Core/BSP/Peri/Uart" -I"D:/Injun/Work/STM/H743IICT/Workspace/test/Core/BSP/Peri/ADC" -I"D:/Injun/Work/STM/H743IICT/Workspace/test/Core/BSP/Driver/DEBUG" -I"D:/Injun/Work/STM/H743IICT/Workspace/test/Core/BSP/Driver/ADC_Data" -I"D:/Injun/Work/STM/H743IICT/Workspace/test/Core/BSP/Peri" -I"D:/Injun/Work/STM/H743IICT/Workspace/test/Core/BSP" -I"D:/Injun/Work/STM/H743IICT/Workspace/test/Core/BSP/Driver" -I"D:/Injun/Work/STM/H743IICT/Workspace/test/Core/BSP/App" -I../Drivers/STM32H7xx_HAL_Driver/Inc -I../Drivers/STM32H7xx_HAL_Driver/Inc/Legacy -I../Drivers/CMSIS/Device/ST/STM32H7xx/Include -I../Drivers/CMSIS/Include -O0 -ffunction-sections -fdata-sections -Wall -fstack-usage -MMD -MP -MF"Drivers/STM32H7xx_HAL_Driver/Src/stm32h7xx_hal_uart_ex.d" -MT"Drivers/STM32H7xx_HAL_Driver/Src/stm32h7xx_hal_uart_ex.o" --specs=nano.specs -mfpu=fpv5-d16 -mfloat-abi=hard -mthumb -o "Drivers/STM32H7xx_HAL_Driver/Src/stm32h7xx_hal_uart_ex.o"
arm-none-eabi-gcc "../Core/Src/adc.c" -mcpu=cortex-m7 -std=gnu11 -g3 -DDEBUG -DUSE_HAL_DRIVER -DSTM32H743xx -c -I../Core/Inc -I"D:/Injun/Work/STM/H743IICT/Workspace/test/Core/BSP/Peri/Uart" -I"D:/Injun/Work/STM/H743IICT/Workspace/test/Core/BSP/Peri/ADC" -I"D:/Injun/Work/STM/H743IICT/Workspace/test/Core/BSP/Driver/DEBUG" -I"D:/Injun/Work/STM/H743IICT/Workspace/test/Core/BSP/Driver/ADC_Data" -I"D:/Injun/Work/STM/H743IICT/Workspace/test/Core/BSP/Peri" -I"D:/Injun/Work/STM/H743IICT/Workspace/test/Core/BSP" -I"D:/Injun/Work/STM/H743IICT/Workspace/test/Core/BSP/Driver" -I"D:/Injun/Work/STM/H743IICT/Workspace/test/Core/BSP/App" -I../Drivers/STM32H7xx_HAL_Driver/Inc -I../Drivers/STM32H7xx_HAL_Driver/Inc/Legacy -I../Drivers/CMSIS/Device/ST/STM32H7xx/Include -I../Drivers/CMSIS/Include -O0 -ffunction-sections -fdata-sections -Wall -fstack-usage -MMD -MP -MF"Core/Src/adc.d" -MT"Core/Src/adc.o" --specs=nano.specs -mfpu=fpv5-d16 -mfloat-abi=hard -mthumb -o "Core/Src/adc.o"
arm-none-eabi-gcc "../Core/Src/gpio.c" -mcpu=cortex-m7 -std=gnu11 -g3 -DDEBUG -DUSE_HAL_DRIVER -DSTM32H743xx -c -I../Core/Inc -I"D:/Injun/Work/STM/H743IICT/Workspace/test/Core/BSP/Peri/Uart" -I"D:/Injun/Work/STM/H743IICT/Workspace/test/Core/BSP/Peri/ADC" -I"D:/Injun/Work/STM/H743IICT/Workspace/test/Core/BSP/Driver/DEBUG" -I"D:/Injun/Work/STM/H743IICT/Workspace/test/Core/BSP/Driver/ADC_Data" -I"D:/Injun/Work/STM/H743IICT/Workspace/test/Core/BSP/Peri" -I"D:/Injun/Work/STM/H743IICT/Workspace/test/Core/BSP" -I"D:/Injun/Work/STM/H743IICT/Workspace/test/Core/BSP/Driver" -I"D:/Injun/Work/STM/H743IICT/Workspace/test/Core/BSP/App" -I../Drivers/STM32H7xx_HAL_Driver/Inc -I../Drivers/STM32H7xx_HAL_Driver/Inc/Legacy -I../Drivers/CMSIS/Device/ST/STM32H7xx/Include -I../Drivers/CMSIS/Include -O0 -ffunction-sections -fdata-sections -Wall -fstack-usage -MMD -MP -MF"Core/Src/gpio.d" -MT"Core/Src/gpio.o" --specs=nano.specs -mfpu=fpv5-d16 -mfloat-abi=hard -mthumb -o "Core/Src/gpio.o"
arm-none-eabi-gcc "../Core/Src/main.c" -mcpu=cortex-m7 -std=gnu11 -g3 -DDEBUG -DUSE_HAL_DRIVER -DSTM32H743xx -c -I../Core/Inc -I"D:/Injun/Work/STM/H743IICT/Workspace/test/Core/BSP/Peri/Uart" -I"D:/Injun/Work/STM/H743IICT/Workspace/test/Core/BSP/Peri/ADC" -I"D:/Injun/Work/STM/H743IICT/Workspace/test/Core/BSP/Driver/DEBUG" -I"D:/Injun/Work/STM/H743IICT/Workspace/test/Core/BSP/Driver/ADC_Data" -I"D:/Injun/Work/STM/H743IICT/Workspace/test/Core/BSP/Peri" -I"D:/Injun/Work/STM/H743IICT/Workspace/test/Core/BSP" -I"D:/Injun/Work/STM/H743IICT/Workspace/test/Core/BSP/Driver" -I"D:/Injun/Work/STM/H743IICT/Workspace/test/Core/BSP/App" -I../Drivers/STM32H7xx_HAL_Driver/Inc -I../Drivers/STM32H7xx_HAL_Driver/Inc/Legacy -I../Drivers/CMSIS/Device/ST/STM32H7xx/Include -I../Drivers/CMSIS/Include -O0 -ffunction-sections -fdata-sections -Wall -fstack-usage -MMD -MP -MF"Core/Src/main.d" -MT"Core/Src/main.o" --specs=nano.specs -mfpu=fpv5-d16 -mfloat-abi=hard -mthumb -o "Core/Src/main.o"
arm-none-eabi-gcc "../Core/Src/stm32h7xx_hal_msp.c" -mcpu=cortex-m7 -std=gnu11 -g3 -DDEBUG -DUSE_HAL_DRIVER -DSTM32H743xx -c -I../Core/Inc -I"D:/Injun/Work/STM/H743IICT/Workspace/test/Core/BSP/Peri/Uart" -I"D:/Injun/Work/STM/H743IICT/Workspace/test/Core/BSP/Peri/ADC" -I"D:/Injun/Work/STM/H743IICT/Workspace/test/Core/BSP/Driver/DEBUG" -I"D:/Injun/Work/STM/H743IICT/Workspace/test/Core/BSP/Driver/ADC_Data" -I"D:/Injun/Work/STM/H743IICT/Workspace/test/Core/BSP/Peri" -I"D:/Injun/Work/STM/H743IICT/Workspace/test/Core/BSP" -I"D:/Injun/Work/STM/H743IICT/Workspace/test/Core/BSP/Driver" -I"D:/Injun/Work/STM/H743IICT/Workspace/test/Core/BSP/App" -I../Drivers/STM32H7xx_HAL_Driver/Inc -I../Drivers/STM32H7xx_HAL_Driver/Inc/Legacy -I../Drivers/CMSIS/Device/ST/STM32H7xx/Include -I../Drivers/CMSIS/Include -O0 -ffunction-sections -fdata-sections -Wall -fstack-usage -MMD -MP -MF"Core/Src/stm32h7xx_hal_msp.d" -MT"Core/Src/stm32h7xx_hal_msp.o" --specs=nano.specs -mfpu=fpv5-d16 -mfloat-abi=hard -mthumb -o "Core/Src/stm32h7xx_hal_msp.o"
arm-none-eabi-gcc "../Core/Src/stm32h7xx_it.c" -mcpu=cortex-m7 -std=gnu11 -g3 -DDEBUG -DUSE_HAL_DRIVER -DSTM32H743xx -c -I../Core/Inc -I"D:/Injun/Work/STM/H743IICT/Workspace/test/Core/BSP/Peri/Uart" -I"D:/Injun/Work/STM/H743IICT/Workspace/test/Core/BSP/Peri/ADC" -I"D:/Injun/Work/STM/H743IICT/Workspace/test/Core/BSP/Driver/DEBUG" -I"D:/Injun/Work/STM/H743IICT/Workspace/test/Core/BSP/Driver/ADC_Data" -I"D:/Injun/Work/STM/H743IICT/Workspace/test/Core/BSP/Peri" -I"D:/Injun/Work/STM/H743IICT/Workspace/test/Core/BSP" -I"D:/Injun/Work/STM/H743IICT/Workspace/test/Core/BSP/Driver" -I"D:/Injun/Work/STM/H743IICT/Workspace/test/Core/BSP/App" -I../Drivers/STM32H7xx_HAL_Driver/Inc -I../Drivers/STM32H7xx_HAL_Driver/Inc/Legacy -I../Drivers/CMSIS/Device/ST/STM32H7xx/Include -I../Drivers/CMSIS/Include -O0 -ffunction-sections -fdata-sections -Wall -fstack-usage -MMD -MP -MF"Core/Src/stm32h7xx_it.d" -MT"Core/Src/stm32h7xx_it.o" --specs=nano.specs -mfpu=fpv5-d16 -mfloat-abi=hard -mthumb -o "Core/Src/stm32h7xx_it.o"
arm-none-eabi-gcc "../Core/Src/system_stm32h7xx.c" -mcpu=cortex-m7 -std=gnu11 -g3 -DDEBUG -DUSE_HAL_DRIVER -DSTM32H743xx -c -I../Core/Inc -I"D:/Injun/Work/STM/H743IICT/Workspace/test/Core/BSP/Peri/Uart" -I"D:/Injun/Work/STM/H743IICT/Workspace/test/Core/BSP/Peri/ADC" -I"D:/Injun/Work/STM/H743IICT/Workspace/test/Core/BSP/Driver/DEBUG" -I"D:/Injun/Work/STM/H743IICT/Workspace/test/Core/BSP/Driver/ADC_Data" -I"D:/Injun/Work/STM/H743IICT/Workspace/test/Core/BSP/Peri" -I"D:/Injun/Work/STM/H743IICT/Workspace/test/Core/BSP" -I"D:/Injun/Work/STM/H743IICT/Workspace/test/Core/BSP/Driver" -I"D:/Injun/Work/STM/H743IICT/Workspace/test/Core/BSP/App" -I../Drivers/STM32H7xx_HAL_Driver/Inc -I../Drivers/STM32H7xx_HAL_Driver/Inc/Legacy -I../Drivers/CMSIS/Device/ST/STM32H7xx/Include -I../Drivers/CMSIS/Include -O0 -ffunction-sections -fdata-sections -Wall -fstack-usage -MMD -MP -MF"Core/Src/system_stm32h7xx.d" -MT"Core/Src/system_stm32h7xx.o" --specs=nano.specs -mfpu=fpv5-d16 -mfloat-abi=hard -mthumb -o "Core/Src/system_stm32h7xx.o"
arm-none-eabi-gcc "../Core/Src/usart.c" -mcpu=cortex-m7 -std=gnu11 -g3 -DDEBUG -DUSE_HAL_DRIVER -DSTM32H743xx -c -I../Core/Inc -I"D:/Injun/Work/STM/H743IICT/Workspace/test/Core/BSP/Peri/Uart" -I"D:/Injun/Work/STM/H743IICT/Workspace/test/Core/BSP/Peri/ADC" -I"D:/Injun/Work/STM/H743IICT/Workspace/test/Core/BSP/Driver/DEBUG" -I"D:/Injun/Work/STM/H743IICT/Workspace/test/Core/BSP/Driver/ADC_Data" -I"D:/Injun/Work/STM/H743IICT/Workspace/test/Core/BSP/Peri" -I"D:/Injun/Work/STM/H743IICT/Workspace/test/Core/BSP" -I"D:/Injun/Work/STM/H743IICT/Workspace/test/Core/BSP/Driver" -I"D:/Injun/Work/STM/H743IICT/Workspace/test/Core/BSP/App" -I../Drivers/STM32H7xx_HAL_Driver/Inc -I../Drivers/STM32H7xx_HAL_Driver/Inc/Legacy -I../Drivers/CMSIS/Device/ST/STM32H7xx/Include -I../Drivers/CMSIS/Include -O0 -ffunction-sections -fdata-sections -Wall -fstack-usage -MMD -MP -MF"Core/Src/usart.d" -MT"Core/Src/usart.o" --specs=nano.specs -mfpu=fpv5-d16 -mfloat-abi=hard -mthumb -o "Core/Src/usart.o"
arm-none-eabi-gcc "../Core/BSP/Peri/Uart/Peri_Uart.c" -mcpu=cortex-m7 -std=gnu11 -g3 -DDEBUG -DUSE_HAL_DRIVER -DSTM32H743xx -c -I../Core/Inc -I"D:/Injun/Work/STM/H743IICT/Workspace/test/Core/BSP" -I"D:/Injun/Work/STM/H743IICT/Workspace/test/Core/BSP/Peri" -I"D:/Injun/Work/STM/H743IICT/Workspace/test/Core/BSP/Driver" -I"D:/Injun/Work/STM/H743IICT/Workspace/test/Core/BSP/App" -I../Drivers/STM32H7xx_HAL_Driver/Inc -I../Drivers/STM32H7xx_HAL_Driver/Inc/Legacy -I../Drivers/CMSIS/Device/ST/STM32H7xx/Include -I../Drivers/CMSIS/Include -O0 -ffunction-sections -fdata-sections -Wall -fstack-usage -MMD -MP -MF"Core/BSP/Peri/Uart/Peri_Uart.d" -MT"Core/BSP/Peri/Uart/Peri_Uart.o" --specs=nano.specs -mfpu=fpv5-d16 -mfloat-abi=hard -mthumb -o "Core/BSP/Peri/Uart/Peri_Uart.o"
arm-none-eabi-gcc "../Core/BSP/Peri/ADC/Peri_Adc.c" -mcpu=cortex-m7 -std=gnu11 -g3 -DDEBUG -DUSE_HAL_DRIVER -DSTM32H743xx -c -I../Core/Inc -I"D:/Injun/Work/STM/H743IICT/Workspace/test/Core/BSP" -I"D:/Injun/Work/STM/H743IICT/Workspace/test/Core/BSP/Peri" -I"D:/Injun/Work/STM/H743IICT/Workspace/test/Core/BSP/Driver" -I"D:/Injun/Work/STM/H743IICT/Workspace/test/Core/BSP/App" -I../Drivers/STM32H7xx_HAL_Driver/Inc -I../Drivers/STM32H7xx_HAL_Driver/Inc/Legacy -I../Drivers/CMSIS/Device/ST/STM32H7xx/Include -I../Drivers/CMSIS/Include -O0 -ffunction-sections -fdata-sections -Wall -fstack-usage -MMD -MP -MF"Core/BSP/Peri/ADC/Peri_Adc.d" -MT"Core/BSP/Peri/ADC/Peri_Adc.o" --specs=nano.specs -mfpu=fpv5-d16 -mfloat-abi=hard -mthumb -o "Core/BSP/Peri/ADC/Peri_Adc.o"
arm-none-eabi-gcc "../Core/BSP/Driver/DEBUG/debug.c" -mcpu=cortex-m7 -std=gnu11 -g3 -DDEBUG -DUSE_HAL_DRIVER -DSTM32H743xx -c -I../Core/Inc -I"D:/Injun/Work/STM/H743IICT/Workspace/test/Core/BSP" -I"D:/Injun/Work/STM/H743IICT/Workspace/test/Core/BSP/Peri" -I"D:/Injun/Work/STM/H743IICT/Workspace/test/Core/BSP/Driver" -I"D:/Injun/Work/STM/H743IICT/Workspace/test/Core/BSP/App" -I../Drivers/STM32H7xx_HAL_Driver/Inc -I../Drivers/STM32H7xx_HAL_Driver/Inc/Legacy -I../Drivers/CMSIS/Device/ST/STM32H7xx/Include -I../Drivers/CMSIS/Include -O0 -ffunction-sections -fdata-sections -Wall -fstack-usage -MMD -MP -MF"Core/BSP/Driver/DEBUG/debug.d" -MT"Core/BSP/Driver/DEBUG/debug.o" --specs=nano.specs -mfpu=fpv5-d16 -mfloat-abi=hard -mthumb -o "Core/BSP/Driver/DEBUG/debug.o"
arm-none-eabi-gcc "../Core/BSP/Driver/ADC_Data/ADC_Data.c" -mcpu=cortex-m7 -std=gnu11 -g3 -DDEBUG -DUSE_HAL_DRIVER -DSTM32H743xx -c -I../Core/Inc -I"D:/Injun/Work/STM/H743IICT/Workspace/test/Core/BSP" -I"D:/Injun/Work/STM/H743IICT/Workspace/test/Core/BSP/Peri" -I"D:/Injun/Work/STM/H743IICT/Workspace/test/Core/BSP/Driver" -I"D:/Injun/Work/STM/H743IICT/Workspace/test/Core/BSP/App" -I../Drivers/STM32H7xx_HAL_Driver/Inc -I../Drivers/STM32H7xx_HAL_Driver/Inc/Legacy -I../Drivers/CMSIS/Device/ST/STM32H7xx/Include -I../Drivers/CMSIS/Include -O0 -ffunction-sections -fdata-sections -Wall -fstack-usage -MMD -MP -MF"Core/BSP/Driver/ADC_Data/ADC_Data.d" -MT"Core/BSP/Driver/ADC_Data/ADC_Data.o" --specs=nano.specs -mfpu=fpv5-d16 -mfloat-abi=hard -mthumb -o "Core/BSP/Driver/ADC_Data/ADC_Data.o"
arm-none-eabi-gcc -o "test.elf" @"objects.list"   -mcpu=cortex-m7 -T"D:\Injun\Work\STM\H743IICT\Workspace\test\STM32H743IITX_FLASH.ld" --specs=nosys.specs -Wl,-Map="test.map" -Wl,--gc-sections -static --specs=nano.specs -mfpu=fpv5-d16 -mfloat-abi=hard -mthumb -Wl,--start-group -lc -lm -Wl,--end-group
Finished building target: test.elf
 
arm-none-eabi-size   test.elf 
arm-none-eabi-objdump -h -S  test.elf  > "test.list"
arm-none-eabi-objcopy  -O binary  test.elf  "test.bin"
   text	   data	    bss	    dec	    hex	filename
  38064	    124	   8500	  46688	   b660	test.elf
Finished building: default.size.stdout
 
Finished building: test.bin
 
Finished building: test.list
 
02:35:14 **** Incremental Build of configuration Debug for project test ****
make -j8 all 
arm-none-eabi-gcc "../Core/BSP/Driver/ADC_Data/ADC_Data.c" -mcpu=cortex-m7 -std=gnu11 -g3 -DDEBUG -DUSE_HAL_DRIVER -DSTM32H743xx -c -I../Core/Inc -I"D:/Injun/Work/STM/H743IICT/Workspace/test/Core/BSP" -I"D:/Injun/Work/STM/H743IICT/Workspace/test/Core/BSP/Peri" -I"D:/Injun/Work/STM/H743IICT/Workspace/test/Core/BSP/Driver" -I"D:/Injun/Work/STM/H743IICT/Workspace/test/Core/BSP/App" -I../Drivers/STM32H7xx_HAL_Driver/Inc -I../Drivers/STM32H7xx_HAL_Driver/Inc/Legacy -I../Drivers/CMSIS/Device/ST/STM32H7xx/Include -I../Drivers/CMSIS/Include -O0 -ffunction-sections -fdata-sections -Wall -fstack-usage -MMD -MP -MF"Core/BSP/Driver/ADC_Data/ADC_Data.d" -MT"Core/BSP/Driver/ADC_Data/ADC_Data.o" --specs=nano.specs -mfpu=fpv5-d16 -mfloat-abi=hard -mthumb -o "Core/BSP/Driver/ADC_Data/ADC_Data.o"
arm-none-eabi-gcc -o "test.elf" @"objects.list"   -mcpu=cortex-m7 -T"D:\Injun\Work\STM\H743IICT\Workspace\test\STM32H743IITX_FLASH.ld" --specs=nosys.specs -Wl,-Map="test.map" -Wl,--gc-sections -static --specs=nano.specs -mfpu=fpv5-d16 -mfloat-abi=hard -mthumb -Wl,--start-group -lc -lm -Wl,--end-group
Finished building target: test.elf
 
arm-none-eabi-size   test.elf 
arm-none-eabi-objdump -h -S  test.elf  > "test.list"
arm-none-eabi-objcopy  -O binary  test.elf  "test.bin"
   text	   data	    bss	    dec	    hex	filename
  38068	    124	   8500	  46692	   b664	test.elf
Finished building: default.size.stdout
 
Finished building: test.bin
 
Finished building: test.list
 
02:36:09 **** Incremental Build of configuration Debug for project test ****
make -j8 all 
arm-none-eabi-gcc "../Core/BSP/Peri/ADC/Peri_Adc.c" -mcpu=cortex-m7 -std=gnu11 -g3 -DDEBUG -DUSE_HAL_DRIVER -DSTM32H743xx -c -I../Core/Inc -I"D:/Injun/Work/STM/H743IICT/Workspace/test/Core/BSP" -I"D:/Injun/Work/STM/H743IICT/Workspace/test/Core/BSP/Peri" -I"D:/Injun/Work/STM/H743IICT/Workspace/test/Core/BSP/Driver" -I"D:/Injun/Work/STM/H743IICT/Workspace/test/Core/BSP/App" -I../Drivers/STM32H7xx_HAL_Driver/Inc -I../Drivers/STM32H7xx_HAL_Driver/Inc/Legacy -I../Drivers/CMSIS/Device/ST/STM32H7xx/Include -I../Drivers/CMSIS/Include -O0 -ffunction-sections -fdata-sections -Wall -fstack-usage -MMD -MP -MF"Core/BSP/Peri/ADC/Peri_Adc.d" -MT"Core/BSP/Peri/ADC/Peri_Adc.o" --specs=nano.specs -mfpu=fpv5-d16 -mfloat-abi=hard -mthumb -o "Core/BSP/Peri/ADC/Peri_Adc.o"
arm-none-eabi-gcc "../Core/BSP/Driver/ADC_Data/ADC_Data.c" -mcpu=cortex-m7 -std=gnu11 -g3 -DDEBUG -DUSE_HAL_DRIVER -DSTM32H743xx -c -I../Core/Inc -I"D:/Injun/Work/STM/H743IICT/Workspace/test/Core/BSP" -I"D:/Injun/Work/STM/H743IICT/Workspace/test/Core/BSP/Peri" -I"D:/Injun/Work/STM/H743IICT/Workspace/test/Core/BSP/Driver" -I"D:/Injun/Work/STM/H743IICT/Workspace/test/Core/BSP/App" -I../Drivers/STM32H7xx_HAL_Driver/Inc -I../Drivers/STM32H7xx_HAL_Driver/Inc/Legacy -I../Drivers/CMSIS/Device/ST/STM32H7xx/Include -I../Drivers/CMSIS/Include -O0 -ffunction-sections -fdata-sections -Wall -fstack-usage -MMD -MP -MF"Core/BSP/Driver/ADC_Data/ADC_Data.d" -MT"Core/BSP/Driver/ADC_Data/ADC_Data.o" --specs=nano.specs -mfpu=fpv5-d16 -mfloat-abi=hard -mthumb -o "Core/BSP/Driver/ADC_Data/ADC_Data.o"
arm-none-eabi-gcc -o "test.elf" @"objects.list"   -mcpu=cortex-m7 -T"D:\Injun\Work\STM\H743IICT\Workspace\test\STM32H743IITX_FLASH.ld" --specs=nosys.specs -Wl,-Map="test.map" -Wl,--gc-sections -static --specs=nano.specs -mfpu=fpv5-d16 -mfloat-abi=hard -mthumb -Wl,--start-group -lc -lm -Wl,--end-group
Finished building target: test.elf
 
arm-none-eabi-size   test.elf 
arm-none-eabi-objdump -h -S  test.elf  > "test.list"
arm-none-eabi-objcopy  -O binary  test.elf  "test.bin"
   text	   data	    bss	    dec	    hex	filename
  38068	    124	   8500	  46692	   b664	test.elf
Finished building: default.size.stdout
 
Finished building: test.bin
 
Finished building: test.list
 
02:39:09 **** Incremental Build of configuration Debug for project test ****
make -j8 all 
arm-none-eabi-gcc "../Drivers/STM32H7xx_HAL_Driver/Src/stm32h7xx_hal.c" -mcpu=cortex-m7 -std=gnu11 -g3 -DDEBUG -DUSE_HAL_DRIVER -DSTM32H743xx -c -I../Core/Inc -I"D:/Injun/Work/STM/H743IICT/Workspace/test/Core/BSP/Peri/Uart" -I"D:/Injun/Work/STM/H743IICT/Workspace/test/Core/BSP/Peri/ADC" -I"D:/Injun/Work/STM/H743IICT/Workspace/test/Core/BSP/Driver/DEBUG" -I"D:/Injun/Work/STM/H743IICT/Workspace/test/Core/BSP/Driver/ADC_Data" -I"D:/Injun/Work/STM/H743IICT/Workspace/test/Core/BSP/Peri" -I"D:/Injun/Work/STM/H743IICT/Workspace/test/Core/BSP" -I"D:/Injun/Work/STM/H743IICT/Workspace/test/Core/BSP/Driver" -I"D:/Injun/Work/STM/H743IICT/Workspace/test/Core/BSP/App" -I../Drivers/STM32H7xx_HAL_Driver/Inc -I../Drivers/STM32H7xx_HAL_Driver/Inc/Legacy -I../Drivers/CMSIS/Device/ST/STM32H7xx/Include -I../Drivers/CMSIS/Include -O0 -ffunction-sections -fdata-sections -Wall -fstack-usage -MMD -MP -MF"Drivers/STM32H7xx_HAL_Driver/Src/stm32h7xx_hal.d" -MT"Drivers/STM32H7xx_HAL_Driver/Src/stm32h7xx_hal.o" --specs=nano.specs -mfpu=fpv5-d16 -mfloat-abi=hard -mthumb -o "Drivers/STM32H7xx_HAL_Driver/Src/stm32h7xx_hal.o"
arm-none-eabi-gcc "../Drivers/STM32H7xx_HAL_Driver/Src/stm32h7xx_hal_adc.c" -mcpu=cortex-m7 -std=gnu11 -g3 -DDEBUG -DUSE_HAL_DRIVER -DSTM32H743xx -c -I../Core/Inc -I"D:/Injun/Work/STM/H743IICT/Workspace/test/Core/BSP/Peri/Uart" -I"D:/Injun/Work/STM/H743IICT/Workspace/test/Core/BSP/Peri/ADC" -I"D:/Injun/Work/STM/H743IICT/Workspace/test/Core/BSP/Driver/DEBUG" -I"D:/Injun/Work/STM/H743IICT/Workspace/test/Core/BSP/Driver/ADC_Data" -I"D:/Injun/Work/STM/H743IICT/Workspace/test/Core/BSP/Peri" -I"D:/Injun/Work/STM/H743IICT/Workspace/test/Core/BSP" -I"D:/Injun/Work/STM/H743IICT/Workspace/test/Core/BSP/Driver" -I"D:/Injun/Work/STM/H743IICT/Workspace/test/Core/BSP/App" -I../Drivers/STM32H7xx_HAL_Driver/Inc -I../Drivers/STM32H7xx_HAL_Driver/Inc/Legacy -I../Drivers/CMSIS/Device/ST/STM32H7xx/Include -I../Drivers/CMSIS/Include -O0 -ffunction-sections -fdata-sections -Wall -fstack-usage -MMD -MP -MF"Drivers/STM32H7xx_HAL_Driver/Src/stm32h7xx_hal_adc.d" -MT"Drivers/STM32H7xx_HAL_Driver/Src/stm32h7xx_hal_adc.o" --specs=nano.specs -mfpu=fpv5-d16 -mfloat-abi=hard -mthumb -o "Drivers/STM32H7xx_HAL_Driver/Src/stm32h7xx_hal_adc.o"
arm-none-eabi-gcc "../Drivers/STM32H7xx_HAL_Driver/Src/stm32h7xx_hal_adc_ex.c" -mcpu=cortex-m7 -std=gnu11 -g3 -DDEBUG -DUSE_HAL_DRIVER -DSTM32H743xx -c -I../Core/Inc -I"D:/Injun/Work/STM/H743IICT/Workspace/test/Core/BSP/Peri/Uart" -I"D:/Injun/Work/STM/H743IICT/Workspace/test/Core/BSP/Peri/ADC" -I"D:/Injun/Work/STM/H743IICT/Workspace/test/Core/BSP/Driver/DEBUG" -I"D:/Injun/Work/STM/H743IICT/Workspace/test/Core/BSP/Driver/ADC_Data" -I"D:/Injun/Work/STM/H743IICT/Workspace/test/Core/BSP/Peri" -I"D:/Injun/Work/STM/H743IICT/Workspace/test/Core/BSP" -I"D:/Injun/Work/STM/H743IICT/Workspace/test/Core/BSP/Driver" -I"D:/Injun/Work/STM/H743IICT/Workspace/test/Core/BSP/App" -I../Drivers/STM32H7xx_HAL_Driver/Inc -I../Drivers/STM32H7xx_HAL_Driver/Inc/Legacy -I../Drivers/CMSIS/Device/ST/STM32H7xx/Include -I../Drivers/CMSIS/Include -O0 -ffunction-sections -fdata-sections -Wall -fstack-usage -MMD -MP -MF"Drivers/STM32H7xx_HAL_Driver/Src/stm32h7xx_hal_adc_ex.d" -MT"Drivers/STM32H7xx_HAL_Driver/Src/stm32h7xx_hal_adc_ex.o" --specs=nano.specs -mfpu=fpv5-d16 -mfloat-abi=hard -mthumb -o "Drivers/STM32H7xx_HAL_Driver/Src/stm32h7xx_hal_adc_ex.o"
arm-none-eabi-gcc "../Drivers/STM32H7xx_HAL_Driver/Src/stm32h7xx_hal_cortex.c" -mcpu=cortex-m7 -std=gnu11 -g3 -DDEBUG -DUSE_HAL_DRIVER -DSTM32H743xx -c -I../Core/Inc -I"D:/Injun/Work/STM/H743IICT/Workspace/test/Core/BSP/Peri/Uart" -I"D:/Injun/Work/STM/H743IICT/Workspace/test/Core/BSP/Peri/ADC" -I"D:/Injun/Work/STM/H743IICT/Workspace/test/Core/BSP/Driver/DEBUG" -I"D:/Injun/Work/STM/H743IICT/Workspace/test/Core/BSP/Driver/ADC_Data" -I"D:/Injun/Work/STM/H743IICT/Workspace/test/Core/BSP/Peri" -I"D:/Injun/Work/STM/H743IICT/Workspace/test/Core/BSP" -I"D:/Injun/Work/STM/H743IICT/Workspace/test/Core/BSP/Driver" -I"D:/Injun/Work/STM/H743IICT/Workspace/test/Core/BSP/App" -I../Drivers/STM32H7xx_HAL_Driver/Inc -I../Drivers/STM32H7xx_HAL_Driver/Inc/Legacy -I../Drivers/CMSIS/Device/ST/STM32H7xx/Include -I../Drivers/CMSIS/Include -O0 -ffunction-sections -fdata-sections -Wall -fstack-usage -MMD -MP -MF"Drivers/STM32H7xx_HAL_Driver/Src/stm32h7xx_hal_cortex.d" -MT"Drivers/STM32H7xx_HAL_Driver/Src/stm32h7xx_hal_cortex.o" --specs=nano.specs -mfpu=fpv5-d16 -mfloat-abi=hard -mthumb -o "Drivers/STM32H7xx_HAL_Driver/Src/stm32h7xx_hal_cortex.o"
arm-none-eabi-gcc "../Drivers/STM32H7xx_HAL_Driver/Src/stm32h7xx_hal_dma.c" -mcpu=cortex-m7 -std=gnu11 -g3 -DDEBUG -DUSE_HAL_DRIVER -DSTM32H743xx -c -I../Core/Inc -I"D:/Injun/Work/STM/H743IICT/Workspace/test/Core/BSP/Peri/Uart" -I"D:/Injun/Work/STM/H743IICT/Workspace/test/Core/BSP/Peri/ADC" -I"D:/Injun/Work/STM/H743IICT/Workspace/test/Core/BSP/Driver/DEBUG" -I"D:/Injun/Work/STM/H743IICT/Workspace/test/Core/BSP/Driver/ADC_Data" -I"D:/Injun/Work/STM/H743IICT/Workspace/test/Core/BSP/Peri" -I"D:/Injun/Work/STM/H743IICT/Workspace/test/Core/BSP" -I"D:/Injun/Work/STM/H743IICT/Workspace/test/Core/BSP/Driver" -I"D:/Injun/Work/STM/H743IICT/Workspace/test/Core/BSP/App" -I../Drivers/STM32H7xx_HAL_Driver/Inc -I../Drivers/STM32H7xx_HAL_Driver/Inc/Legacy -I../Drivers/CMSIS/Device/ST/STM32H7xx/Include -I../Drivers/CMSIS/Include -O0 -ffunction-sections -fdata-sections -Wall -fstack-usage -MMD -MP -MF"Drivers/STM32H7xx_HAL_Driver/Src/stm32h7xx_hal_dma.d" -MT"Drivers/STM32H7xx_HAL_Driver/Src/stm32h7xx_hal_dma.o" --specs=nano.specs -mfpu=fpv5-d16 -mfloat-abi=hard -mthumb -o "Drivers/STM32H7xx_HAL_Driver/Src/stm32h7xx_hal_dma.o"
arm-none-eabi-gcc "../Drivers/STM32H7xx_HAL_Driver/Src/stm32h7xx_hal_dma_ex.c" -mcpu=cortex-m7 -std=gnu11 -g3 -DDEBUG -DUSE_HAL_DRIVER -DSTM32H743xx -c -I../Core/Inc -I"D:/Injun/Work/STM/H743IICT/Workspace/test/Core/BSP/Peri/Uart" -I"D:/Injun/Work/STM/H743IICT/Workspace/test/Core/BSP/Peri/ADC" -I"D:/Injun/Work/STM/H743IICT/Workspace/test/Core/BSP/Driver/DEBUG" -I"D:/Injun/Work/STM/H743IICT/Workspace/test/Core/BSP/Driver/ADC_Data" -I"D:/Injun/Work/STM/H743IICT/Workspace/test/Core/BSP/Peri" -I"D:/Injun/Work/STM/H743IICT/Workspace/test/Core/BSP" -I"D:/Injun/Work/STM/H743IICT/Workspace/test/Core/BSP/Driver" -I"D:/Injun/Work/STM/H743IICT/Workspace/test/Core/BSP/App" -I../Drivers/STM32H7xx_HAL_Driver/Inc -I../Drivers/STM32H7xx_HAL_Driver/Inc/Legacy -I../Drivers/CMSIS/Device/ST/STM32H7xx/Include -I../Drivers/CMSIS/Include -O0 -ffunction-sections -fdata-sections -Wall -fstack-usage -MMD -MP -MF"Drivers/STM32H7xx_HAL_Driver/Src/stm32h7xx_hal_dma_ex.d" -MT"Drivers/STM32H7xx_HAL_Driver/Src/stm32h7xx_hal_dma_ex.o" --specs=nano.specs -mfpu=fpv5-d16 -mfloat-abi=hard -mthumb -o "Drivers/STM32H7xx_HAL_Driver/Src/stm32h7xx_hal_dma_ex.o"
arm-none-eabi-gcc "../Drivers/STM32H7xx_HAL_Driver/Src/stm32h7xx_hal_exti.c" -mcpu=cortex-m7 -std=gnu11 -g3 -DDEBUG -DUSE_HAL_DRIVER -DSTM32H743xx -c -I../Core/Inc -I"D:/Injun/Work/STM/H743IICT/Workspace/test/Core/BSP/Peri/Uart" -I"D:/Injun/Work/STM/H743IICT/Workspace/test/Core/BSP/Peri/ADC" -I"D:/Injun/Work/STM/H743IICT/Workspace/test/Core/BSP/Driver/DEBUG" -I"D:/Injun/Work/STM/H743IICT/Workspace/test/Core/BSP/Driver/ADC_Data" -I"D:/Injun/Work/STM/H743IICT/Workspace/test/Core/BSP/Peri" -I"D:/Injun/Work/STM/H743IICT/Workspace/test/Core/BSP" -I"D:/Injun/Work/STM/H743IICT/Workspace/test/Core/BSP/Driver" -I"D:/Injun/Work/STM/H743IICT/Workspace/test/Core/BSP/App" -I../Drivers/STM32H7xx_HAL_Driver/Inc -I../Drivers/STM32H7xx_HAL_Driver/Inc/Legacy -I../Drivers/CMSIS/Device/ST/STM32H7xx/Include -I../Drivers/CMSIS/Include -O0 -ffunction-sections -fdata-sections -Wall -fstack-usage -MMD -MP -MF"Drivers/STM32H7xx_HAL_Driver/Src/stm32h7xx_hal_exti.d" -MT"Drivers/STM32H7xx_HAL_Driver/Src/stm32h7xx_hal_exti.o" --specs=nano.specs -mfpu=fpv5-d16 -mfloat-abi=hard -mthumb -o "Drivers/STM32H7xx_HAL_Driver/Src/stm32h7xx_hal_exti.o"
arm-none-eabi-gcc "../Drivers/STM32H7xx_HAL_Driver/Src/stm32h7xx_hal_flash.c" -mcpu=cortex-m7 -std=gnu11 -g3 -DDEBUG -DUSE_HAL_DRIVER -DSTM32H743xx -c -I../Core/Inc -I"D:/Injun/Work/STM/H743IICT/Workspace/test/Core/BSP/Peri/Uart" -I"D:/Injun/Work/STM/H743IICT/Workspace/test/Core/BSP/Peri/ADC" -I"D:/Injun/Work/STM/H743IICT/Workspace/test/Core/BSP/Driver/DEBUG" -I"D:/Injun/Work/STM/H743IICT/Workspace/test/Core/BSP/Driver/ADC_Data" -I"D:/Injun/Work/STM/H743IICT/Workspace/test/Core/BSP/Peri" -I"D:/Injun/Work/STM/H743IICT/Workspace/test/Core/BSP" -I"D:/Injun/Work/STM/H743IICT/Workspace/test/Core/BSP/Driver" -I"D:/Injun/Work/STM/H743IICT/Workspace/test/Core/BSP/App" -I../Drivers/STM32H7xx_HAL_Driver/Inc -I../Drivers/STM32H7xx_HAL_Driver/Inc/Legacy -I../Drivers/CMSIS/Device/ST/STM32H7xx/Include -I../Drivers/CMSIS/Include -O0 -ffunction-sections -fdata-sections -Wall -fstack-usage -MMD -MP -MF"Drivers/STM32H7xx_HAL_Driver/Src/stm32h7xx_hal_flash.d" -MT"Drivers/STM32H7xx_HAL_Driver/Src/stm32h7xx_hal_flash.o" --specs=nano.specs -mfpu=fpv5-d16 -mfloat-abi=hard -mthumb -o "Drivers/STM32H7xx_HAL_Driver/Src/stm32h7xx_hal_flash.o"
arm-none-eabi-gcc "../Drivers/STM32H7xx_HAL_Driver/Src/stm32h7xx_hal_flash_ex.c" -mcpu=cortex-m7 -std=gnu11 -g3 -DDEBUG -DUSE_HAL_DRIVER -DSTM32H743xx -c -I../Core/Inc -I"D:/Injun/Work/STM/H743IICT/Workspace/test/Core/BSP/Peri/Uart" -I"D:/Injun/Work/STM/H743IICT/Workspace/test/Core/BSP/Peri/ADC" -I"D:/Injun/Work/STM/H743IICT/Workspace/test/Core/BSP/Driver/DEBUG" -I"D:/Injun/Work/STM/H743IICT/Workspace/test/Core/BSP/Driver/ADC_Data" -I"D:/Injun/Work/STM/H743IICT/Workspace/test/Core/BSP/Peri" -I"D:/Injun/Work/STM/H743IICT/Workspace/test/Core/BSP" -I"D:/Injun/Work/STM/H743IICT/Workspace/test/Core/BSP/Driver" -I"D:/Injun/Work/STM/H743IICT/Workspace/test/Core/BSP/App" -I../Drivers/STM32H7xx_HAL_Driver/Inc -I../Drivers/STM32H7xx_HAL_Driver/Inc/Legacy -I../Drivers/CMSIS/Device/ST/STM32H7xx/Include -I../Drivers/CMSIS/Include -O0 -ffunction-sections -fdata-sections -Wall -fstack-usage -MMD -MP -MF"Drivers/STM32H7xx_HAL_Driver/Src/stm32h7xx_hal_flash_ex.d" -MT"Drivers/STM32H7xx_HAL_Driver/Src/stm32h7xx_hal_flash_ex.o" --specs=nano.specs -mfpu=fpv5-d16 -mfloat-abi=hard -mthumb -o "Drivers/STM32H7xx_HAL_Driver/Src/stm32h7xx_hal_flash_ex.o"
arm-none-eabi-gcc "../Drivers/STM32H7xx_HAL_Driver/Src/stm32h7xx_hal_gpio.c" -mcpu=cortex-m7 -std=gnu11 -g3 -DDEBUG -DUSE_HAL_DRIVER -DSTM32H743xx -c -I../Core/Inc -I"D:/Injun/Work/STM/H743IICT/Workspace/test/Core/BSP/Peri/Uart" -I"D:/Injun/Work/STM/H743IICT/Workspace/test/Core/BSP/Peri/ADC" -I"D:/Injun/Work/STM/H743IICT/Workspace/test/Core/BSP/Driver/DEBUG" -I"D:/Injun/Work/STM/H743IICT/Workspace/test/Core/BSP/Driver/ADC_Data" -I"D:/Injun/Work/STM/H743IICT/Workspace/test/Core/BSP/Peri" -I"D:/Injun/Work/STM/H743IICT/Workspace/test/Core/BSP" -I"D:/Injun/Work/STM/H743IICT/Workspace/test/Core/BSP/Driver" -I"D:/Injun/Work/STM/H743IICT/Workspace/test/Core/BSP/App" -I../Drivers/STM32H7xx_HAL_Driver/Inc -I../Drivers/STM32H7xx_HAL_Driver/Inc/Legacy -I../Drivers/CMSIS/Device/ST/STM32H7xx/Include -I../Drivers/CMSIS/Include -O0 -ffunction-sections -fdata-sections -Wall -fstack-usage -MMD -MP -MF"Drivers/STM32H7xx_HAL_Driver/Src/stm32h7xx_hal_gpio.d" -MT"Drivers/STM32H7xx_HAL_Driver/Src/stm32h7xx_hal_gpio.o" --specs=nano.specs -mfpu=fpv5-d16 -mfloat-abi=hard -mthumb -o "Drivers/STM32H7xx_HAL_Driver/Src/stm32h7xx_hal_gpio.o"
arm-none-eabi-gcc "../Drivers/STM32H7xx_HAL_Driver/Src/stm32h7xx_hal_hsem.c" -mcpu=cortex-m7 -std=gnu11 -g3 -DDEBUG -DUSE_HAL_DRIVER -DSTM32H743xx -c -I../Core/Inc -I"D:/Injun/Work/STM/H743IICT/Workspace/test/Core/BSP/Peri/Uart" -I"D:/Injun/Work/STM/H743IICT/Workspace/test/Core/BSP/Peri/ADC" -I"D:/Injun/Work/STM/H743IICT/Workspace/test/Core/BSP/Driver/DEBUG" -I"D:/Injun/Work/STM/H743IICT/Workspace/test/Core/BSP/Driver/ADC_Data" -I"D:/Injun/Work/STM/H743IICT/Workspace/test/Core/BSP/Peri" -I"D:/Injun/Work/STM/H743IICT/Workspace/test/Core/BSP" -I"D:/Injun/Work/STM/H743IICT/Workspace/test/Core/BSP/Driver" -I"D:/Injun/Work/STM/H743IICT/Workspace/test/Core/BSP/App" -I../Drivers/STM32H7xx_HAL_Driver/Inc -I../Drivers/STM32H7xx_HAL_Driver/Inc/Legacy -I../Drivers/CMSIS/Device/ST/STM32H7xx/Include -I../Drivers/CMSIS/Include -O0 -ffunction-sections -fdata-sections -Wall -fstack-usage -MMD -MP -MF"Drivers/STM32H7xx_HAL_Driver/Src/stm32h7xx_hal_hsem.d" -MT"Drivers/STM32H7xx_HAL_Driver/Src/stm32h7xx_hal_hsem.o" --specs=nano.specs -mfpu=fpv5-d16 -mfloat-abi=hard -mthumb -o "Drivers/STM32H7xx_HAL_Driver/Src/stm32h7xx_hal_hsem.o"
arm-none-eabi-gcc "../Drivers/STM32H7xx_HAL_Driver/Src/stm32h7xx_hal_i2c.c" -mcpu=cortex-m7 -std=gnu11 -g3 -DDEBUG -DUSE_HAL_DRIVER -DSTM32H743xx -c -I../Core/Inc -I"D:/Injun/Work/STM/H743IICT/Workspace/test/Core/BSP/Peri/Uart" -I"D:/Injun/Work/STM/H743IICT/Workspace/test/Core/BSP/Peri/ADC" -I"D:/Injun/Work/STM/H743IICT/Workspace/test/Core/BSP/Driver/DEBUG" -I"D:/Injun/Work/STM/H743IICT/Workspace/test/Core/BSP/Driver/ADC_Data" -I"D:/Injun/Work/STM/H743IICT/Workspace/test/Core/BSP/Peri" -I"D:/Injun/Work/STM/H743IICT/Workspace/test/Core/BSP" -I"D:/Injun/Work/STM/H743IICT/Workspace/test/Core/BSP/Driver" -I"D:/Injun/Work/STM/H743IICT/Workspace/test/Core/BSP/App" -I../Drivers/STM32H7xx_HAL_Driver/Inc -I../Drivers/STM32H7xx_HAL_Driver/Inc/Legacy -I../Drivers/CMSIS/Device/ST/STM32H7xx/Include -I../Drivers/CMSIS/Include -O0 -ffunction-sections -fdata-sections -Wall -fstack-usage -MMD -MP -MF"Drivers/STM32H7xx_HAL_Driver/Src/stm32h7xx_hal_i2c.d" -MT"Drivers/STM32H7xx_HAL_Driver/Src/stm32h7xx_hal_i2c.o" --specs=nano.specs -mfpu=fpv5-d16 -mfloat-abi=hard -mthumb -o "Drivers/STM32H7xx_HAL_Driver/Src/stm32h7xx_hal_i2c.o"
arm-none-eabi-gcc "../Drivers/STM32H7xx_HAL_Driver/Src/stm32h7xx_hal_i2c_ex.c" -mcpu=cortex-m7 -std=gnu11 -g3 -DDEBUG -DUSE_HAL_DRIVER -DSTM32H743xx -c -I../Core/Inc -I"D:/Injun/Work/STM/H743IICT/Workspace/test/Core/BSP/Peri/Uart" -I"D:/Injun/Work/STM/H743IICT/Workspace/test/Core/BSP/Peri/ADC" -I"D:/Injun/Work/STM/H743IICT/Workspace/test/Core/BSP/Driver/DEBUG" -I"D:/Injun/Work/STM/H743IICT/Workspace/test/Core/BSP/Driver/ADC_Data" -I"D:/Injun/Work/STM/H743IICT/Workspace/test/Core/BSP/Peri" -I"D:/Injun/Work/STM/H743IICT/Workspace/test/Core/BSP" -I"D:/Injun/Work/STM/H743IICT/Workspace/test/Core/BSP/Driver" -I"D:/Injun/Work/STM/H743IICT/Workspace/test/Core/BSP/App" -I../Drivers/STM32H7xx_HAL_Driver/Inc -I../Drivers/STM32H7xx_HAL_Driver/Inc/Legacy -I../Drivers/CMSIS/Device/ST/STM32H7xx/Include -I../Drivers/CMSIS/Include -O0 -ffunction-sections -fdata-sections -Wall -fstack-usage -MMD -MP -MF"Drivers/STM32H7xx_HAL_Driver/Src/stm32h7xx_hal_i2c_ex.d" -MT"Drivers/STM32H7xx_HAL_Driver/Src/stm32h7xx_hal_i2c_ex.o" --specs=nano.specs -mfpu=fpv5-d16 -mfloat-abi=hard -mthumb -o "Drivers/STM32H7xx_HAL_Driver/Src/stm32h7xx_hal_i2c_ex.o"
arm-none-eabi-gcc "../Drivers/STM32H7xx_HAL_Driver/Src/stm32h7xx_hal_mdma.c" -mcpu=cortex-m7 -std=gnu11 -g3 -DDEBUG -DUSE_HAL_DRIVER -DSTM32H743xx -c -I../Core/Inc -I"D:/Injun/Work/STM/H743IICT/Workspace/test/Core/BSP/Peri/Uart" -I"D:/Injun/Work/STM/H743IICT/Workspace/test/Core/BSP/Peri/ADC" -I"D:/Injun/Work/STM/H743IICT/Workspace/test/Core/BSP/Driver/DEBUG" -I"D:/Injun/Work/STM/H743IICT/Workspace/test/Core/BSP/Driver/ADC_Data" -I"D:/Injun/Work/STM/H743IICT/Workspace/test/Core/BSP/Peri" -I"D:/Injun/Work/STM/H743IICT/Workspace/test/Core/BSP" -I"D:/Injun/Work/STM/H743IICT/Workspace/test/Core/BSP/Driver" -I"D:/Injun/Work/STM/H743IICT/Workspace/test/Core/BSP/App" -I../Drivers/STM32H7xx_HAL_Driver/Inc -I../Drivers/STM32H7xx_HAL_Driver/Inc/Legacy -I../Drivers/CMSIS/Device/ST/STM32H7xx/Include -I../Drivers/CMSIS/Include -O0 -ffunction-sections -fdata-sections -Wall -fstack-usage -MMD -MP -MF"Drivers/STM32H7xx_HAL_Driver/Src/stm32h7xx_hal_mdma.d" -MT"Drivers/STM32H7xx_HAL_Driver/Src/stm32h7xx_hal_mdma.o" --specs=nano.specs -mfpu=fpv5-d16 -mfloat-abi=hard -mthumb -o "Drivers/STM32H7xx_HAL_Driver/Src/stm32h7xx_hal_mdma.o"
arm-none-eabi-gcc "../Drivers/STM32H7xx_HAL_Driver/Src/stm32h7xx_hal_pwr.c" -mcpu=cortex-m7 -std=gnu11 -g3 -DDEBUG -DUSE_HAL_DRIVER -DSTM32H743xx -c -I../Core/Inc -I"D:/Injun/Work/STM/H743IICT/Workspace/test/Core/BSP/Peri/Uart" -I"D:/Injun/Work/STM/H743IICT/Workspace/test/Core/BSP/Peri/ADC" -I"D:/Injun/Work/STM/H743IICT/Workspace/test/Core/BSP/Driver/DEBUG" -I"D:/Injun/Work/STM/H743IICT/Workspace/test/Core/BSP/Driver/ADC_Data" -I"D:/Injun/Work/STM/H743IICT/Workspace/test/Core/BSP/Peri" -I"D:/Injun/Work/STM/H743IICT/Workspace/test/Core/BSP" -I"D:/Injun/Work/STM/H743IICT/Workspace/test/Core/BSP/Driver" -I"D:/Injun/Work/STM/H743IICT/Workspace/test/Core/BSP/App" -I../Drivers/STM32H7xx_HAL_Driver/Inc -I../Drivers/STM32H7xx_HAL_Driver/Inc/Legacy -I../Drivers/CMSIS/Device/ST/STM32H7xx/Include -I../Drivers/CMSIS/Include -O0 -ffunction-sections -fdata-sections -Wall -fstack-usage -MMD -MP -MF"Drivers/STM32H7xx_HAL_Driver/Src/stm32h7xx_hal_pwr.d" -MT"Drivers/STM32H7xx_HAL_Driver/Src/stm32h7xx_hal_pwr.o" --specs=nano.specs -mfpu=fpv5-d16 -mfloat-abi=hard -mthumb -o "Drivers/STM32H7xx_HAL_Driver/Src/stm32h7xx_hal_pwr.o"
arm-none-eabi-gcc "../Drivers/STM32H7xx_HAL_Driver/Src/stm32h7xx_hal_pwr_ex.c" -mcpu=cortex-m7 -std=gnu11 -g3 -DDEBUG -DUSE_HAL_DRIVER -DSTM32H743xx -c -I../Core/Inc -I"D:/Injun/Work/STM/H743IICT/Workspace/test/Core/BSP/Peri/Uart" -I"D:/Injun/Work/STM/H743IICT/Workspace/test/Core/BSP/Peri/ADC" -I"D:/Injun/Work/STM/H743IICT/Workspace/test/Core/BSP/Driver/DEBUG" -I"D:/Injun/Work/STM/H743IICT/Workspace/test/Core/BSP/Driver/ADC_Data" -I"D:/Injun/Work/STM/H743IICT/Workspace/test/Core/BSP/Peri" -I"D:/Injun/Work/STM/H743IICT/Workspace/test/Core/BSP" -I"D:/Injun/Work/STM/H743IICT/Workspace/test/Core/BSP/Driver" -I"D:/Injun/Work/STM/H743IICT/Workspace/test/Core/BSP/App" -I../Drivers/STM32H7xx_HAL_Driver/Inc -I../Drivers/STM32H7xx_HAL_Driver/Inc/Legacy -I../Drivers/CMSIS/Device/ST/STM32H7xx/Include -I../Drivers/CMSIS/Include -O0 -ffunction-sections -fdata-sections -Wall -fstack-usage -MMD -MP -MF"Drivers/STM32H7xx_HAL_Driver/Src/stm32h7xx_hal_pwr_ex.d" -MT"Drivers/STM32H7xx_HAL_Driver/Src/stm32h7xx_hal_pwr_ex.o" --specs=nano.specs -mfpu=fpv5-d16 -mfloat-abi=hard -mthumb -o "Drivers/STM32H7xx_HAL_Driver/Src/stm32h7xx_hal_pwr_ex.o"
arm-none-eabi-gcc "../Drivers/STM32H7xx_HAL_Driver/Src/stm32h7xx_hal_rcc.c" -mcpu=cortex-m7 -std=gnu11 -g3 -DDEBUG -DUSE_HAL_DRIVER -DSTM32H743xx -c -I../Core/Inc -I"D:/Injun/Work/STM/H743IICT/Workspace/test/Core/BSP/Peri/Uart" -I"D:/Injun/Work/STM/H743IICT/Workspace/test/Core/BSP/Peri/ADC" -I"D:/Injun/Work/STM/H743IICT/Workspace/test/Core/BSP/Driver/DEBUG" -I"D:/Injun/Work/STM/H743IICT/Workspace/test/Core/BSP/Driver/ADC_Data" -I"D:/Injun/Work/STM/H743IICT/Workspace/test/Core/BSP/Peri" -I"D:/Injun/Work/STM/H743IICT/Workspace/test/Core/BSP" -I"D:/Injun/Work/STM/H743IICT/Workspace/test/Core/BSP/Driver" -I"D:/Injun/Work/STM/H743IICT/Workspace/test/Core/BSP/App" -I../Drivers/STM32H7xx_HAL_Driver/Inc -I../Drivers/STM32H7xx_HAL_Driver/Inc/Legacy -I../Drivers/CMSIS/Device/ST/STM32H7xx/Include -I../Drivers/CMSIS/Include -O0 -ffunction-sections -fdata-sections -Wall -fstack-usage -MMD -MP -MF"Drivers/STM32H7xx_HAL_Driver/Src/stm32h7xx_hal_rcc.d" -MT"Drivers/STM32H7xx_HAL_Driver/Src/stm32h7xx_hal_rcc.o" --specs=nano.specs -mfpu=fpv5-d16 -mfloat-abi=hard -mthumb -o "Drivers/STM32H7xx_HAL_Driver/Src/stm32h7xx_hal_rcc.o"
arm-none-eabi-gcc "../Drivers/STM32H7xx_HAL_Driver/Src/stm32h7xx_hal_rcc_ex.c" -mcpu=cortex-m7 -std=gnu11 -g3 -DDEBUG -DUSE_HAL_DRIVER -DSTM32H743xx -c -I../Core/Inc -I"D:/Injun/Work/STM/H743IICT/Workspace/test/Core/BSP/Peri/Uart" -I"D:/Injun/Work/STM/H743IICT/Workspace/test/Core/BSP/Peri/ADC" -I"D:/Injun/Work/STM/H743IICT/Workspace/test/Core/BSP/Driver/DEBUG" -I"D:/Injun/Work/STM/H743IICT/Workspace/test/Core/BSP/Driver/ADC_Data" -I"D:/Injun/Work/STM/H743IICT/Workspace/test/Core/BSP/Peri" -I"D:/Injun/Work/STM/H743IICT/Workspace/test/Core/BSP" -I"D:/Injun/Work/STM/H743IICT/Workspace/test/Core/BSP/Driver" -I"D:/Injun/Work/STM/H743IICT/Workspace/test/Core/BSP/App" -I../Drivers/STM32H7xx_HAL_Driver/Inc -I../Drivers/STM32H7xx_HAL_Driver/Inc/Legacy -I../Drivers/CMSIS/Device/ST/STM32H7xx/Include -I../Drivers/CMSIS/Include -O0 -ffunction-sections -fdata-sections -Wall -fstack-usage -MMD -MP -MF"Drivers/STM32H7xx_HAL_Driver/Src/stm32h7xx_hal_rcc_ex.d" -MT"Drivers/STM32H7xx_HAL_Driver/Src/stm32h7xx_hal_rcc_ex.o" --specs=nano.specs -mfpu=fpv5-d16 -mfloat-abi=hard -mthumb -o "Drivers/STM32H7xx_HAL_Driver/Src/stm32h7xx_hal_rcc_ex.o"
arm-none-eabi-gcc "../Drivers/STM32H7xx_HAL_Driver/Src/stm32h7xx_hal_tim.c" -mcpu=cortex-m7 -std=gnu11 -g3 -DDEBUG -DUSE_HAL_DRIVER -DSTM32H743xx -c -I../Core/Inc -I"D:/Injun/Work/STM/H743IICT/Workspace/test/Core/BSP/Peri/Uart" -I"D:/Injun/Work/STM/H743IICT/Workspace/test/Core/BSP/Peri/ADC" -I"D:/Injun/Work/STM/H743IICT/Workspace/test/Core/BSP/Driver/DEBUG" -I"D:/Injun/Work/STM/H743IICT/Workspace/test/Core/BSP/Driver/ADC_Data" -I"D:/Injun/Work/STM/H743IICT/Workspace/test/Core/BSP/Peri" -I"D:/Injun/Work/STM/H743IICT/Workspace/test/Core/BSP" -I"D:/Injun/Work/STM/H743IICT/Workspace/test/Core/BSP/Driver" -I"D:/Injun/Work/STM/H743IICT/Workspace/test/Core/BSP/App" -I../Drivers/STM32H7xx_HAL_Driver/Inc -I../Drivers/STM32H7xx_HAL_Driver/Inc/Legacy -I../Drivers/CMSIS/Device/ST/STM32H7xx/Include -I../Drivers/CMSIS/Include -O0 -ffunction-sections -fdata-sections -Wall -fstack-usage -MMD -MP -MF"Drivers/STM32H7xx_HAL_Driver/Src/stm32h7xx_hal_tim.d" -MT"Drivers/STM32H7xx_HAL_Driver/Src/stm32h7xx_hal_tim.o" --specs=nano.specs -mfpu=fpv5-d16 -mfloat-abi=hard -mthumb -o "Drivers/STM32H7xx_HAL_Driver/Src/stm32h7xx_hal_tim.o"
arm-none-eabi-gcc "../Drivers/STM32H7xx_HAL_Driver/Src/stm32h7xx_hal_tim_ex.c" -mcpu=cortex-m7 -std=gnu11 -g3 -DDEBUG -DUSE_HAL_DRIVER -DSTM32H743xx -c -I../Core/Inc -I"D:/Injun/Work/STM/H743IICT/Workspace/test/Core/BSP/Peri/Uart" -I"D:/Injun/Work/STM/H743IICT/Workspace/test/Core/BSP/Peri/ADC" -I"D:/Injun/Work/STM/H743IICT/Workspace/test/Core/BSP/Driver/DEBUG" -I"D:/Injun/Work/STM/H743IICT/Workspace/test/Core/BSP/Driver/ADC_Data" -I"D:/Injun/Work/STM/H743IICT/Workspace/test/Core/BSP/Peri" -I"D:/Injun/Work/STM/H743IICT/Workspace/test/Core/BSP" -I"D:/Injun/Work/STM/H743IICT/Workspace/test/Core/BSP/Driver" -I"D:/Injun/Work/STM/H743IICT/Workspace/test/Core/BSP/App" -I../Drivers/STM32H7xx_HAL_Driver/Inc -I../Drivers/STM32H7xx_HAL_Driver/Inc/Legacy -I../Drivers/CMSIS/Device/ST/STM32H7xx/Include -I../Drivers/CMSIS/Include -O0 -ffunction-sections -fdata-sections -Wall -fstack-usage -MMD -MP -MF"Drivers/STM32H7xx_HAL_Driver/Src/stm32h7xx_hal_tim_ex.d" -MT"Drivers/STM32H7xx_HAL_Driver/Src/stm32h7xx_hal_tim_ex.o" --specs=nano.specs -mfpu=fpv5-d16 -mfloat-abi=hard -mthumb -o "Drivers/STM32H7xx_HAL_Driver/Src/stm32h7xx_hal_tim_ex.o"
arm-none-eabi-gcc "../Drivers/STM32H7xx_HAL_Driver/Src/stm32h7xx_hal_uart.c" -mcpu=cortex-m7 -std=gnu11 -g3 -DDEBUG -DUSE_HAL_DRIVER -DSTM32H743xx -c -I../Core/Inc -I"D:/Injun/Work/STM/H743IICT/Workspace/test/Core/BSP/Peri/Uart" -I"D:/Injun/Work/STM/H743IICT/Workspace/test/Core/BSP/Peri/ADC" -I"D:/Injun/Work/STM/H743IICT/Workspace/test/Core/BSP/Driver/DEBUG" -I"D:/Injun/Work/STM/H743IICT/Workspace/test/Core/BSP/Driver/ADC_Data" -I"D:/Injun/Work/STM/H743IICT/Workspace/test/Core/BSP/Peri" -I"D:/Injun/Work/STM/H743IICT/Workspace/test/Core/BSP" -I"D:/Injun/Work/STM/H743IICT/Workspace/test/Core/BSP/Driver" -I"D:/Injun/Work/STM/H743IICT/Workspace/test/Core/BSP/App" -I../Drivers/STM32H7xx_HAL_Driver/Inc -I../Drivers/STM32H7xx_HAL_Driver/Inc/Legacy -I../Drivers/CMSIS/Device/ST/STM32H7xx/Include -I../Drivers/CMSIS/Include -O0 -ffunction-sections -fdata-sections -Wall -fstack-usage -MMD -MP -MF"Drivers/STM32H7xx_HAL_Driver/Src/stm32h7xx_hal_uart.d" -MT"Drivers/STM32H7xx_HAL_Driver/Src/stm32h7xx_hal_uart.o" --specs=nano.specs -mfpu=fpv5-d16 -mfloat-abi=hard -mthumb -o "Drivers/STM32H7xx_HAL_Driver/Src/stm32h7xx_hal_uart.o"
arm-none-eabi-gcc "../Drivers/STM32H7xx_HAL_Driver/Src/stm32h7xx_hal_uart_ex.c" -mcpu=cortex-m7 -std=gnu11 -g3 -DDEBUG -DUSE_HAL_DRIVER -DSTM32H743xx -c -I../Core/Inc -I"D:/Injun/Work/STM/H743IICT/Workspace/test/Core/BSP/Peri/Uart" -I"D:/Injun/Work/STM/H743IICT/Workspace/test/Core/BSP/Peri/ADC" -I"D:/Injun/Work/STM/H743IICT/Workspace/test/Core/BSP/Driver/DEBUG" -I"D:/Injun/Work/STM/H743IICT/Workspace/test/Core/BSP/Driver/ADC_Data" -I"D:/Injun/Work/STM/H743IICT/Workspace/test/Core/BSP/Peri" -I"D:/Injun/Work/STM/H743IICT/Workspace/test/Core/BSP" -I"D:/Injun/Work/STM/H743IICT/Workspace/test/Core/BSP/Driver" -I"D:/Injun/Work/STM/H743IICT/Workspace/test/Core/BSP/App" -I../Drivers/STM32H7xx_HAL_Driver/Inc -I../Drivers/STM32H7xx_HAL_Driver/Inc/Legacy -I../Drivers/CMSIS/Device/ST/STM32H7xx/Include -I../Drivers/CMSIS/Include -O0 -ffunction-sections -fdata-sections -Wall -fstack-usage -MMD -MP -MF"Drivers/STM32H7xx_HAL_Driver/Src/stm32h7xx_hal_uart_ex.d" -MT"Drivers/STM32H7xx_HAL_Driver/Src/stm32h7xx_hal_uart_ex.o" --specs=nano.specs -mfpu=fpv5-d16 -mfloat-abi=hard -mthumb -o "Drivers/STM32H7xx_HAL_Driver/Src/stm32h7xx_hal_uart_ex.o"
arm-none-eabi-gcc "../Core/Src/adc.c" -mcpu=cortex-m7 -std=gnu11 -g3 -DDEBUG -DUSE_HAL_DRIVER -DSTM32H743xx -c -I../Core/Inc -I"D:/Injun/Work/STM/H743IICT/Workspace/test/Core/BSP/Peri/Uart" -I"D:/Injun/Work/STM/H743IICT/Workspace/test/Core/BSP/Peri/ADC" -I"D:/Injun/Work/STM/H743IICT/Workspace/test/Core/BSP/Driver/DEBUG" -I"D:/Injun/Work/STM/H743IICT/Workspace/test/Core/BSP/Driver/ADC_Data" -I"D:/Injun/Work/STM/H743IICT/Workspace/test/Core/BSP/Peri" -I"D:/Injun/Work/STM/H743IICT/Workspace/test/Core/BSP" -I"D:/Injun/Work/STM/H743IICT/Workspace/test/Core/BSP/Driver" -I"D:/Injun/Work/STM/H743IICT/Workspace/test/Core/BSP/App" -I../Drivers/STM32H7xx_HAL_Driver/Inc -I../Drivers/STM32H7xx_HAL_Driver/Inc/Legacy -I../Drivers/CMSIS/Device/ST/STM32H7xx/Include -I../Drivers/CMSIS/Include -O0 -ffunction-sections -fdata-sections -Wall -fstack-usage -MMD -MP -MF"Core/Src/adc.d" -MT"Core/Src/adc.o" --specs=nano.specs -mfpu=fpv5-d16 -mfloat-abi=hard -mthumb -o "Core/Src/adc.o"
arm-none-eabi-gcc "../Core/Src/gpio.c" -mcpu=cortex-m7 -std=gnu11 -g3 -DDEBUG -DUSE_HAL_DRIVER -DSTM32H743xx -c -I../Core/Inc -I"D:/Injun/Work/STM/H743IICT/Workspace/test/Core/BSP/Peri/Uart" -I"D:/Injun/Work/STM/H743IICT/Workspace/test/Core/BSP/Peri/ADC" -I"D:/Injun/Work/STM/H743IICT/Workspace/test/Core/BSP/Driver/DEBUG" -I"D:/Injun/Work/STM/H743IICT/Workspace/test/Core/BSP/Driver/ADC_Data" -I"D:/Injun/Work/STM/H743IICT/Workspace/test/Core/BSP/Peri" -I"D:/Injun/Work/STM/H743IICT/Workspace/test/Core/BSP" -I"D:/Injun/Work/STM/H743IICT/Workspace/test/Core/BSP/Driver" -I"D:/Injun/Work/STM/H743IICT/Workspace/test/Core/BSP/App" -I../Drivers/STM32H7xx_HAL_Driver/Inc -I../Drivers/STM32H7xx_HAL_Driver/Inc/Legacy -I../Drivers/CMSIS/Device/ST/STM32H7xx/Include -I../Drivers/CMSIS/Include -O0 -ffunction-sections -fdata-sections -Wall -fstack-usage -MMD -MP -MF"Core/Src/gpio.d" -MT"Core/Src/gpio.o" --specs=nano.specs -mfpu=fpv5-d16 -mfloat-abi=hard -mthumb -o "Core/Src/gpio.o"
arm-none-eabi-gcc "../Core/Src/main.c" -mcpu=cortex-m7 -std=gnu11 -g3 -DDEBUG -DUSE_HAL_DRIVER -DSTM32H743xx -c -I../Core/Inc -I"D:/Injun/Work/STM/H743IICT/Workspace/test/Core/BSP/Peri/Uart" -I"D:/Injun/Work/STM/H743IICT/Workspace/test/Core/BSP/Peri/ADC" -I"D:/Injun/Work/STM/H743IICT/Workspace/test/Core/BSP/Driver/DEBUG" -I"D:/Injun/Work/STM/H743IICT/Workspace/test/Core/BSP/Driver/ADC_Data" -I"D:/Injun/Work/STM/H743IICT/Workspace/test/Core/BSP/Peri" -I"D:/Injun/Work/STM/H743IICT/Workspace/test/Core/BSP" -I"D:/Injun/Work/STM/H743IICT/Workspace/test/Core/BSP/Driver" -I"D:/Injun/Work/STM/H743IICT/Workspace/test/Core/BSP/App" -I../Drivers/STM32H7xx_HAL_Driver/Inc -I../Drivers/STM32H7xx_HAL_Driver/Inc/Legacy -I../Drivers/CMSIS/Device/ST/STM32H7xx/Include -I../Drivers/CMSIS/Include -O0 -ffunction-sections -fdata-sections -Wall -fstack-usage -MMD -MP -MF"Core/Src/main.d" -MT"Core/Src/main.o" --specs=nano.specs -mfpu=fpv5-d16 -mfloat-abi=hard -mthumb -o "Core/Src/main.o"
arm-none-eabi-gcc "../Core/Src/stm32h7xx_hal_msp.c" -mcpu=cortex-m7 -std=gnu11 -g3 -DDEBUG -DUSE_HAL_DRIVER -DSTM32H743xx -c -I../Core/Inc -I"D:/Injun/Work/STM/H743IICT/Workspace/test/Core/BSP/Peri/Uart" -I"D:/Injun/Work/STM/H743IICT/Workspace/test/Core/BSP/Peri/ADC" -I"D:/Injun/Work/STM/H743IICT/Workspace/test/Core/BSP/Driver/DEBUG" -I"D:/Injun/Work/STM/H743IICT/Workspace/test/Core/BSP/Driver/ADC_Data" -I"D:/Injun/Work/STM/H743IICT/Workspace/test/Core/BSP/Peri" -I"D:/Injun/Work/STM/H743IICT/Workspace/test/Core/BSP" -I"D:/Injun/Work/STM/H743IICT/Workspace/test/Core/BSP/Driver" -I"D:/Injun/Work/STM/H743IICT/Workspace/test/Core/BSP/App" -I../Drivers/STM32H7xx_HAL_Driver/Inc -I../Drivers/STM32H7xx_HAL_Driver/Inc/Legacy -I../Drivers/CMSIS/Device/ST/STM32H7xx/Include -I../Drivers/CMSIS/Include -O0 -ffunction-sections -fdata-sections -Wall -fstack-usage -MMD -MP -MF"Core/Src/stm32h7xx_hal_msp.d" -MT"Core/Src/stm32h7xx_hal_msp.o" --specs=nano.specs -mfpu=fpv5-d16 -mfloat-abi=hard -mthumb -o "Core/Src/stm32h7xx_hal_msp.o"
arm-none-eabi-gcc "../Core/Src/stm32h7xx_it.c" -mcpu=cortex-m7 -std=gnu11 -g3 -DDEBUG -DUSE_HAL_DRIVER -DSTM32H743xx -c -I../Core/Inc -I"D:/Injun/Work/STM/H743IICT/Workspace/test/Core/BSP/Peri/Uart" -I"D:/Injun/Work/STM/H743IICT/Workspace/test/Core/BSP/Peri/ADC" -I"D:/Injun/Work/STM/H743IICT/Workspace/test/Core/BSP/Driver/DEBUG" -I"D:/Injun/Work/STM/H743IICT/Workspace/test/Core/BSP/Driver/ADC_Data" -I"D:/Injun/Work/STM/H743IICT/Workspace/test/Core/BSP/Peri" -I"D:/Injun/Work/STM/H743IICT/Workspace/test/Core/BSP" -I"D:/Injun/Work/STM/H743IICT/Workspace/test/Core/BSP/Driver" -I"D:/Injun/Work/STM/H743IICT/Workspace/test/Core/BSP/App" -I../Drivers/STM32H7xx_HAL_Driver/Inc -I../Drivers/STM32H7xx_HAL_Driver/Inc/Legacy -I../Drivers/CMSIS/Device/ST/STM32H7xx/Include -I../Drivers/CMSIS/Include -O0 -ffunction-sections -fdata-sections -Wall -fstack-usage -MMD -MP -MF"Core/Src/stm32h7xx_it.d" -MT"Core/Src/stm32h7xx_it.o" --specs=nano.specs -mfpu=fpv5-d16 -mfloat-abi=hard -mthumb -o "Core/Src/stm32h7xx_it.o"
arm-none-eabi-gcc "../Core/Src/system_stm32h7xx.c" -mcpu=cortex-m7 -std=gnu11 -g3 -DDEBUG -DUSE_HAL_DRIVER -DSTM32H743xx -c -I../Core/Inc -I"D:/Injun/Work/STM/H743IICT/Workspace/test/Core/BSP/Peri/Uart" -I"D:/Injun/Work/STM/H743IICT/Workspace/test/Core/BSP/Peri/ADC" -I"D:/Injun/Work/STM/H743IICT/Workspace/test/Core/BSP/Driver/DEBUG" -I"D:/Injun/Work/STM/H743IICT/Workspace/test/Core/BSP/Driver/ADC_Data" -I"D:/Injun/Work/STM/H743IICT/Workspace/test/Core/BSP/Peri" -I"D:/Injun/Work/STM/H743IICT/Workspace/test/Core/BSP" -I"D:/Injun/Work/STM/H743IICT/Workspace/test/Core/BSP/Driver" -I"D:/Injun/Work/STM/H743IICT/Workspace/test/Core/BSP/App" -I../Drivers/STM32H7xx_HAL_Driver/Inc -I../Drivers/STM32H7xx_HAL_Driver/Inc/Legacy -I../Drivers/CMSIS/Device/ST/STM32H7xx/Include -I../Drivers/CMSIS/Include -O0 -ffunction-sections -fdata-sections -Wall -fstack-usage -MMD -MP -MF"Core/Src/system_stm32h7xx.d" -MT"Core/Src/system_stm32h7xx.o" --specs=nano.specs -mfpu=fpv5-d16 -mfloat-abi=hard -mthumb -o "Core/Src/system_stm32h7xx.o"
arm-none-eabi-gcc "../Core/Src/usart.c" -mcpu=cortex-m7 -std=gnu11 -g3 -DDEBUG -DUSE_HAL_DRIVER -DSTM32H743xx -c -I../Core/Inc -I"D:/Injun/Work/STM/H743IICT/Workspace/test/Core/BSP/Peri/Uart" -I"D:/Injun/Work/STM/H743IICT/Workspace/test/Core/BSP/Peri/ADC" -I"D:/Injun/Work/STM/H743IICT/Workspace/test/Core/BSP/Driver/DEBUG" -I"D:/Injun/Work/STM/H743IICT/Workspace/test/Core/BSP/Driver/ADC_Data" -I"D:/Injun/Work/STM/H743IICT/Workspace/test/Core/BSP/Peri" -I"D:/Injun/Work/STM/H743IICT/Workspace/test/Core/BSP" -I"D:/Injun/Work/STM/H743IICT/Workspace/test/Core/BSP/Driver" -I"D:/Injun/Work/STM/H743IICT/Workspace/test/Core/BSP/App" -I../Drivers/STM32H7xx_HAL_Driver/Inc -I../Drivers/STM32H7xx_HAL_Driver/Inc/Legacy -I../Drivers/CMSIS/Device/ST/STM32H7xx/Include -I../Drivers/CMSIS/Include -O0 -ffunction-sections -fdata-sections -Wall -fstack-usage -MMD -MP -MF"Core/Src/usart.d" -MT"Core/Src/usart.o" --specs=nano.specs -mfpu=fpv5-d16 -mfloat-abi=hard -mthumb -o "Core/Src/usart.o"
arm-none-eabi-gcc "../Core/BSP/Peri/Uart/Peri_Uart.c" -mcpu=cortex-m7 -std=gnu11 -g3 -DDEBUG -DUSE_HAL_DRIVER -DSTM32H743xx -c -I../Core/Inc -I"D:/Injun/Work/STM/H743IICT/Workspace/test/Core/BSP" -I"D:/Injun/Work/STM/H743IICT/Workspace/test/Core/BSP/Peri" -I"D:/Injun/Work/STM/H743IICT/Workspace/test/Core/BSP/Driver" -I"D:/Injun/Work/STM/H743IICT/Workspace/test/Core/BSP/App" -I../Drivers/STM32H7xx_HAL_Driver/Inc -I../Drivers/STM32H7xx_HAL_Driver/Inc/Legacy -I../Drivers/CMSIS/Device/ST/STM32H7xx/Include -I../Drivers/CMSIS/Include -O0 -ffunction-sections -fdata-sections -Wall -fstack-usage -MMD -MP -MF"Core/BSP/Peri/Uart/Peri_Uart.d" -MT"Core/BSP/Peri/Uart/Peri_Uart.o" --specs=nano.specs -mfpu=fpv5-d16 -mfloat-abi=hard -mthumb -o "Core/BSP/Peri/Uart/Peri_Uart.o"
arm-none-eabi-gcc "../Core/BSP/Peri/ADC/Peri_Adc.c" -mcpu=cortex-m7 -std=gnu11 -g3 -DDEBUG -DUSE_HAL_DRIVER -DSTM32H743xx -c -I../Core/Inc -I"D:/Injun/Work/STM/H743IICT/Workspace/test/Core/BSP" -I"D:/Injun/Work/STM/H743IICT/Workspace/test/Core/BSP/Peri" -I"D:/Injun/Work/STM/H743IICT/Workspace/test/Core/BSP/Driver" -I"D:/Injun/Work/STM/H743IICT/Workspace/test/Core/BSP/App" -I../Drivers/STM32H7xx_HAL_Driver/Inc -I../Drivers/STM32H7xx_HAL_Driver/Inc/Legacy -I../Drivers/CMSIS/Device/ST/STM32H7xx/Include -I../Drivers/CMSIS/Include -O0 -ffunction-sections -fdata-sections -Wall -fstack-usage -MMD -MP -MF"Core/BSP/Peri/ADC/Peri_Adc.d" -MT"Core/BSP/Peri/ADC/Peri_Adc.o" --specs=nano.specs -mfpu=fpv5-d16 -mfloat-abi=hard -mthumb -o "Core/BSP/Peri/ADC/Peri_Adc.o"
arm-none-eabi-gcc "../Core/BSP/Driver/DEBUG/debug.c" -mcpu=cortex-m7 -std=gnu11 -g3 -DDEBUG -DUSE_HAL_DRIVER -DSTM32H743xx -c -I../Core/Inc -I"D:/Injun/Work/STM/H743IICT/Workspace/test/Core/BSP" -I"D:/Injun/Work/STM/H743IICT/Workspace/test/Core/BSP/Peri" -I"D:/Injun/Work/STM/H743IICT/Workspace/test/Core/BSP/Driver" -I"D:/Injun/Work/STM/H743IICT/Workspace/test/Core/BSP/App" -I../Drivers/STM32H7xx_HAL_Driver/Inc -I../Drivers/STM32H7xx_HAL_Driver/Inc/Legacy -I../Drivers/CMSIS/Device/ST/STM32H7xx/Include -I../Drivers/CMSIS/Include -O0 -ffunction-sections -fdata-sections -Wall -fstack-usage -MMD -MP -MF"Core/BSP/Driver/DEBUG/debug.d" -MT"Core/BSP/Driver/DEBUG/debug.o" --specs=nano.specs -mfpu=fpv5-d16 -mfloat-abi=hard -mthumb -o "Core/BSP/Driver/DEBUG/debug.o"
arm-none-eabi-gcc "../Core/BSP/Driver/ADC_Data/ADC_Data.c" -mcpu=cortex-m7 -std=gnu11 -g3 -DDEBUG -DUSE_HAL_DRIVER -DSTM32H743xx -c -I../Core/Inc -I"D:/Injun/Work/STM/H743IICT/Workspace/test/Core/BSP" -I"D:/Injun/Work/STM/H743IICT/Workspace/test/Core/BSP/Peri" -I"D:/Injun/Work/STM/H743IICT/Workspace/test/Core/BSP/Driver" -I"D:/Injun/Work/STM/H743IICT/Workspace/test/Core/BSP/App" -I../Drivers/STM32H7xx_HAL_Driver/Inc -I../Drivers/STM32H7xx_HAL_Driver/Inc/Legacy -I../Drivers/CMSIS/Device/ST/STM32H7xx/Include -I../Drivers/CMSIS/Include -O0 -ffunction-sections -fdata-sections -Wall -fstack-usage -MMD -MP -MF"Core/BSP/Driver/ADC_Data/ADC_Data.d" -MT"Core/BSP/Driver/ADC_Data/ADC_Data.o" --specs=nano.specs -mfpu=fpv5-d16 -mfloat-abi=hard -mthumb -o "Core/BSP/Driver/ADC_Data/ADC_Data.o"
arm-none-eabi-gcc -o "test.elf" @"objects.list"   -mcpu=cortex-m7 -T"D:\Injun\Work\STM\H743IICT\Workspace\test\STM32H743IITX_FLASH.ld" --specs=nosys.specs -Wl,-Map="test.map" -Wl,--gc-sections -static --specs=nano.specs -mfpu=fpv5-d16 -mfloat-abi=hard -mthumb -Wl,--start-group -lc -lm -Wl,--end-group
Finished building target: test.elf
 
arm-none-eabi-size   test.elf 
arm-none-eabi-objdump -h -S  test.elf  > "test.list"
arm-none-eabi-objcopy  -O binary  test.elf  "test.bin"
   text	   data	    bss	    dec	    hex	filename
  38068	    124	   8500	  46692	   b664	test.elf
Finished building: default.size.stdout
 
Finished building: test.bin
 
Finished building: test.list
 
02:42:11 **** Incremental Build of configuration Debug for project test ****
make -j8 all 
arm-none-eabi-gcc "../Drivers/STM32H7xx_HAL_Driver/Src/stm32h7xx_hal.c" -mcpu=cortex-m7 -std=gnu11 -g3 -DDEBUG -DUSE_HAL_DRIVER -DSTM32H743xx -c -I../Core/Inc -I"D:/Injun/Work/STM/H743IICT/Workspace/test/Core/BSP/Peri/Uart" -I"D:/Injun/Work/STM/H743IICT/Workspace/test/Core/BSP/Peri/ADC" -I"D:/Injun/Work/STM/H743IICT/Workspace/test/Core/BSP/Driver/DEBUG" -I"D:/Injun/Work/STM/H743IICT/Workspace/test/Core/BSP/Driver/ADC_Data" -I"D:/Injun/Work/STM/H743IICT/Workspace/test/Core/BSP/Peri" -I"D:/Injun/Work/STM/H743IICT/Workspace/test/Core/BSP" -I"D:/Injun/Work/STM/H743IICT/Workspace/test/Core/BSP/Driver" -I"D:/Injun/Work/STM/H743IICT/Workspace/test/Core/BSP/App" -I../Drivers/STM32H7xx_HAL_Driver/Inc -I../Drivers/STM32H7xx_HAL_Driver/Inc/Legacy -I../Drivers/CMSIS/Device/ST/STM32H7xx/Include -I../Drivers/CMSIS/Include -O0 -ffunction-sections -fdata-sections -Wall -fstack-usage -MMD -MP -MF"Drivers/STM32H7xx_HAL_Driver/Src/stm32h7xx_hal.d" -MT"Drivers/STM32H7xx_HAL_Driver/Src/stm32h7xx_hal.o" --specs=nano.specs -mfpu=fpv5-d16 -mfloat-abi=hard -mthumb -o "Drivers/STM32H7xx_HAL_Driver/Src/stm32h7xx_hal.o"
arm-none-eabi-gcc "../Drivers/STM32H7xx_HAL_Driver/Src/stm32h7xx_hal_adc.c" -mcpu=cortex-m7 -std=gnu11 -g3 -DDEBUG -DUSE_HAL_DRIVER -DSTM32H743xx -c -I../Core/Inc -I"D:/Injun/Work/STM/H743IICT/Workspace/test/Core/BSP/Peri/Uart" -I"D:/Injun/Work/STM/H743IICT/Workspace/test/Core/BSP/Peri/ADC" -I"D:/Injun/Work/STM/H743IICT/Workspace/test/Core/BSP/Driver/DEBUG" -I"D:/Injun/Work/STM/H743IICT/Workspace/test/Core/BSP/Driver/ADC_Data" -I"D:/Injun/Work/STM/H743IICT/Workspace/test/Core/BSP/Peri" -I"D:/Injun/Work/STM/H743IICT/Workspace/test/Core/BSP" -I"D:/Injun/Work/STM/H743IICT/Workspace/test/Core/BSP/Driver" -I"D:/Injun/Work/STM/H743IICT/Workspace/test/Core/BSP/App" -I../Drivers/STM32H7xx_HAL_Driver/Inc -I../Drivers/STM32H7xx_HAL_Driver/Inc/Legacy -I../Drivers/CMSIS/Device/ST/STM32H7xx/Include -I../Drivers/CMSIS/Include -O0 -ffunction-sections -fdata-sections -Wall -fstack-usage -MMD -MP -MF"Drivers/STM32H7xx_HAL_Driver/Src/stm32h7xx_hal_adc.d" -MT"Drivers/STM32H7xx_HAL_Driver/Src/stm32h7xx_hal_adc.o" --specs=nano.specs -mfpu=fpv5-d16 -mfloat-abi=hard -mthumb -o "Drivers/STM32H7xx_HAL_Driver/Src/stm32h7xx_hal_adc.o"
arm-none-eabi-gcc "../Drivers/STM32H7xx_HAL_Driver/Src/stm32h7xx_hal_adc_ex.c" -mcpu=cortex-m7 -std=gnu11 -g3 -DDEBUG -DUSE_HAL_DRIVER -DSTM32H743xx -c -I../Core/Inc -I"D:/Injun/Work/STM/H743IICT/Workspace/test/Core/BSP/Peri/Uart" -I"D:/Injun/Work/STM/H743IICT/Workspace/test/Core/BSP/Peri/ADC" -I"D:/Injun/Work/STM/H743IICT/Workspace/test/Core/BSP/Driver/DEBUG" -I"D:/Injun/Work/STM/H743IICT/Workspace/test/Core/BSP/Driver/ADC_Data" -I"D:/Injun/Work/STM/H743IICT/Workspace/test/Core/BSP/Peri" -I"D:/Injun/Work/STM/H743IICT/Workspace/test/Core/BSP" -I"D:/Injun/Work/STM/H743IICT/Workspace/test/Core/BSP/Driver" -I"D:/Injun/Work/STM/H743IICT/Workspace/test/Core/BSP/App" -I../Drivers/STM32H7xx_HAL_Driver/Inc -I../Drivers/STM32H7xx_HAL_Driver/Inc/Legacy -I../Drivers/CMSIS/Device/ST/STM32H7xx/Include -I../Drivers/CMSIS/Include -O0 -ffunction-sections -fdata-sections -Wall -fstack-usage -MMD -MP -MF"Drivers/STM32H7xx_HAL_Driver/Src/stm32h7xx_hal_adc_ex.d" -MT"Drivers/STM32H7xx_HAL_Driver/Src/stm32h7xx_hal_adc_ex.o" --specs=nano.specs -mfpu=fpv5-d16 -mfloat-abi=hard -mthumb -o "Drivers/STM32H7xx_HAL_Driver/Src/stm32h7xx_hal_adc_ex.o"
[...]
arm-none-eabi-gcc "../Core/BSP/Driver/ADC_Data/ADC_Data.c" -mcpu=cortex-m7 -std=gnu11 -g3 -DDEBUG -DUSE_HAL_DRIVER -DSTM32H743xx -c -I../Core/Inc -I"D:/Injun/Work/STM/H743IICT/Workspace/test/Core/BSP" -I"D:/Injun/Work/STM/H743IICT/Workspace/test/Core/BSP/Peri" -I"D:/Injun/Work/STM/H743IICT/Workspace/test/Core/BSP/Driver" -I"D:/Injun/Work/STM/H743IICT/Workspace/test/Core/BSP/App" -I../Drivers/STM32H7xx_HAL_Driver/Inc -I../Drivers/STM32H7xx_HAL_Driver/Inc/Legacy -I../Drivers/CMSIS/Device/ST/STM32H7xx/Include -I../Drivers/CMSIS/Include -O0 -ffunction-sections -fdata-sections -Wall -fstack-usage -MMD -MP -MF"Core/BSP/Driver/ADC_Data/ADC_Data.d" -MT"Core/BSP/Driver/ADC_Data/ADC_Data.o" --specs=nano.specs -mfpu=fpv5-d16 -mfloat-abi=hard -mthumb -o "Core/BSP/Driver/ADC_Data/ADC_Data.o"
In file included from ../Core/BSP/Driver/ADC_Data/ADC_Data.c:10:
D:/Injun/Work/STM/H743IICT/Workspace/test/Core/BSP/Peri/ADC/Peri_Adc.h:44:31: error: unknown type name 'ADC_HandleTypeDef'; did you mean 'I2C_HandleTypeDef'?
   44 |  extern void Peri_Adc_DMA_Get(ADC_HandleTypeDef* adcHandle,uint32_t *src,uint32_t *dst, uint8_t len);
      |                               ^~~~~~~~~~~~~~~~~
      |                               I2C_HandleTypeDef
In file included from ../Core/BSP/Peri/ADC/Peri_Adc.c:8:
../Core/BSP/Peri/ADC/Peri_Adc.h:44:31: error: unknown type name 'ADC_HandleTypeDef'; did you mean 'I2C_HandleTypeDef'?
   44 |  extern void Peri_Adc_DMA_Get(ADC_HandleTypeDef* adcHandle,uint32_t *src,uint32_t *dst, uint8_t len);
      |                               ^~~~~~~~~~~~~~~~~
      |                               I2C_HandleTypeDef
D:/Injun/Work/STM/H743IICT/Workspace/test/Core/BSP/Peri/ADC/Peri_Adc.h:45:36: error: unknown type name 'ADC_HandleTypeDef'; did you mean 'I2C_HandleTypeDef'?
   45 |  extern void Peri_Adc_Poll_Int_Get(ADC_HandleTypeDef* adcHandle,uint32_t *buf,uint8_t len);
      |                                    ^~~~~~~~~~~~~~~~~
      |                                    I2C_HandleTypeDef
../Core/BSP/Peri/ADC/Peri_Adc.h:45:36: error: unknown type name 'ADC_HandleTypeDef'; did you mean 'I2C_HandleTypeDef'?
   45 |  extern void Peri_Adc_Poll_Int_Get(ADC_HandleTypeDef* adcHandle,uint32_t *buf,uint8_t len);
      |                                    ^~~~~~~~~~~~~~~~~
      |                                    I2C_HandleTypeDef
D:/Injun/Work/STM/H743IICT/Workspace/test/Core/BSP/Peri/ADC/Peri_Adc.h:46:41: error: unknown type name 'ADC_HandleTypeDef'; did you mean 'I2C_HandleTypeDef'?
   46 |  extern void Peri_Adc_Stop(uint8_t mod, ADC_HandleTypeDef* adcHandle);
      |                                         ^~~~~~~~~~~~~~~~~
      |                                         I2C_HandleTypeDef
../Core/BSP/Peri/ADC/Peri_Adc.h:46:41: error: unknown type name 'ADC_HandleTypeDef'; did you mean 'I2C_HandleTypeDef'?
   46 |  extern void Peri_Adc_Stop(uint8_t mod, ADC_HandleTypeDef* adcHandle);
      |                                         ^~~~~~~~~~~~~~~~~
      |                                         I2C_HandleTypeDef
D:/Injun/Work/STM/H743IICT/Workspace/test/Core/BSP/Peri/ADC/Peri_Adc.h:47:42: error: unknown type name 'ADC_HandleTypeDef'; did you mean 'I2C_HandleTypeDef'?
   47 |  extern void Peri_Adc_Start(uint8_t mod, ADC_HandleTypeDef* adcHandle,uint32_t *pData, uint32_t Length);
      |                                          ^~~~~~~~~~~~~~~~~
      |                                          I2C_HandleTypeDef
../Core/BSP/Peri/ADC/Peri_Adc.h:47:42: error: unknown type name 'ADC_HandleTypeDef'; did you mean 'I2C_HandleTypeDef'?
   47 |  extern void Peri_Adc_Start(uint8_t mod, ADC_HandleTypeDef* adcHandle,uint32_t *pData, uint32_t Length);
      |                                          ^~~~~~~~~~~~~~~~~
      |                                          I2C_HandleTypeDef
D:/Injun/Work/STM/H743IICT/Workspace/test/Core/BSP/Peri/ADC/Peri_Adc.h:48:30: error: unknown type name 'ADC_HandleTypeDef'; did you mean 'I2C_HandleTypeDef'?
   48 |  extern void Peri_Adc_DeInit(ADC_HandleTypeDef* adcHandle);
      |                              ^~~~~~~~~~~~~~~~~
      |                              I2C_HandleTypeDef
../Core/BSP/Driver/ADC_Data/ADC_Data.c:11:10: fatal error: adc.h: No such file or directory
   11 | #include "adc.h"
      |          ^~~~~~~
compilation terminated.
../Core/BSP/Peri/ADC/Peri_Adc.h:48:30: error: unknown type name 'ADC_HandleTypeDef'; did you mean 'I2C_HandleTypeDef'?
   48 |  extern void Peri_Adc_DeInit(ADC_HandleTypeDef* adcHandle);
      |                              ^~~~~~~~~~~~~~~~~
      |                              I2C_HandleTypeDef
../Core/BSP/Peri/ADC/Peri_Adc.c:12:10: fatal error: adc.h: No such file or directory
   12 | #include "adc.h"
      |          ^~~~~~~
compilation terminated.
make: *** [Core/BSP/Driver/ADC_Data/subdir.mk:19: Core/BSP/Driver/ADC_Data/ADC_Data.o] Error 1
make: *** Waiting for unfinished jobs....
make: *** [Core/BSP/Peri/ADC/subdir.mk:19: Core/BSP/Peri/ADC/Peri_Adc.o] Error 1
"make -j8 all" terminated with exit code 2. Build might be incomplete.
23:54:19 **** Incremental Build of configuration Debug for project test ****
make -j8 all 
arm-none-eabi-gcc "../Core/Src/main.c" -mcpu=cortex-m7 -std=gnu11 -g3 -DDEBUG -DUSE_HAL_DRIVER -DSTM32H743xx -c -I../Core/Inc -I"D:/Injun/Work/STM/H743IICT/Workspace/test/Core/BSP/Peri/Uart" -I"D:/Injun/Work/STM/H743IICT/Workspace/test/Core/BSP/Peri/ADC" -I"D:/Injun/Work/STM/H743IICT/Workspace/test/Core/BSP/Driver/DEBUG" -I"D:/Injun/Work/STM/H743IICT/Workspace/test/Core/BSP/Driver/ADC_Data" -I"D:/Injun/Work/STM/H743IICT/Workspace/test/Core/BSP/Peri" -I"D:/Injun/Work/STM/H743IICT/Workspace/test/Core/BSP" -I"D:/Injun/Work/STM/H743IICT/Workspace/test/Core/BSP/Driver" -I"D:/Injun/Work/STM/H743IICT/Workspace/test/Core/BSP/App" -I../Drivers/STM32H7xx_HAL_Driver/Inc -I../Drivers/STM32H7xx_HAL_Driver/Inc/Legacy -I../Drivers/CMSIS/Device/ST/STM32H7xx/Include -I../Drivers/CMSIS/Include -O0 -ffunction-sections -fdata-sections -Wall -fstack-usage -MMD -MP -MF"Core/Src/main.d" -MT"Core/Src/main.o" --specs=nano.specs -mfpu=fpv5-d16 -mfloat-abi=hard -mthumb -o "Core/Src/main.o"
arm-none-eabi-gcc "../Core/BSP/Peri/ADC/Peri_Adc.c" -mcpu=cortex-m7 -std=gnu11 -g3 -DDEBUG -DUSE_HAL_DRIVER -DSTM32H743xx -c -I../Core/Inc -I"D:/Injun/Work/STM/H743IICT/Workspace/test/Core/BSP" -I"D:/Injun/Work/STM/H743IICT/Workspace/test/Core/BSP/Peri" -I"D:/Injun/Work/STM/H743IICT/Workspace/test/Core/BSP/Driver" -I"D:/Injun/Work/STM/H743IICT/Workspace/test/Core/BSP/App" -I../Drivers/STM32H7xx_HAL_Driver/Inc -I../Drivers/STM32H7xx_HAL_Driver/Inc/Legacy -I../Drivers/CMSIS/Device/ST/STM32H7xx/Include -I../Drivers/CMSIS/Include -O0 -ffunction-sections -fdata-sections -Wall -fstack-usage -MMD -MP -MF"Core/BSP/Peri/ADC/Peri_Adc.d" -MT"Core/BSP/Peri/ADC/Peri_Adc.o" --specs=nano.specs -mfpu=fpv5-d16 -mfloat-abi=hard -mthumb -o "Core/BSP/Peri/ADC/Peri_Adc.o"
arm-none-eabi-gcc "../Core/BSP/Driver/ADC_Data/ADC_Data.c" -mcpu=cortex-m7 -std=gnu11 -g3 -DDEBUG -DUSE_HAL_DRIVER -DSTM32H743xx -c -I../Core/Inc -I"D:/Injun/Work/STM/H743IICT/Workspace/test/Core/BSP" -I"D:/Injun/Work/STM/H743IICT/Workspace/test/Core/BSP/Peri" -I"D:/Injun/Work/STM/H743IICT/Workspace/test/Core/BSP/Driver" -I"D:/Injun/Work/STM/H743IICT/Workspace/test/Core/BSP/App" -I../Drivers/STM32H7xx_HAL_Driver/Inc -I../Drivers/STM32H7xx_HAL_Driver/Inc/Legacy -I../Drivers/CMSIS/Device/ST/STM32H7xx/Include -I../Drivers/CMSIS/Include -O0 -ffunction-sections -fdata-sections -Wall -fstack-usage -MMD -MP -MF"Core/BSP/Driver/ADC_Data/ADC_Data.d" -MT"Core/BSP/Driver/ADC_Data/ADC_Data.o" --specs=nano.specs -mfpu=fpv5-d16 -mfloat-abi=hard -mthumb -o "Core/BSP/Driver/ADC_Data/ADC_Data.o"
arm-none-eabi-gcc -o "test.elf" @"objects.list"   -mcpu=cortex-m7 -T"D:\Injun\Work\STM\H743IICT\Workspace\test\STM32H743IITX_FLASH.ld" --specs=nosys.specs -Wl,-Map="test.map" -Wl,--gc-sections -static --specs=nano.specs -mfpu=fpv5-d16 -mfloat-abi=hard -mthumb -Wl,--start-group -lc -lm -Wl,--end-group
Finished building target: test.elf
 
arm-none-eabi-size   test.elf 
arm-none-eabi-objdump -h -S  test.elf  > "test.list"
arm-none-eabi-objcopy  -O binary  test.elf  "test.bin"
   text	   data	    bss	    dec	    hex	filename
  32056	     24	   8664	  40744	   9f28	test.elf
Finished building: default.size.stdout
 
Finished building: test.bin
 
Finished building: test.list
 
23:57:04 **** Incremental Build of configuration Debug for project test ****
make -j8 all 
arm-none-eabi-gcc "../Core/BSP/Peri/SPI/Peri_Spi.c" -mcpu=cortex-m7 -std=gnu11 -g3 -DDEBUG -DUSE_HAL_DRIVER -DSTM32H743xx -c -I../Core/Inc -I"D:/Injun/Work/STM/H743IICT/Workspace/test/Core/BSP" -I"D:/Injun/Work/STM/H743IICT/Workspace/test/Core/BSP/Peri" -I"D:/Injun/Work/STM/H743IICT/Workspace/test/Core/BSP/Driver" -I"D:/Injun/Work/STM/H743IICT/Workspace/test/Core/BSP/App" -I../Drivers/STM32H7xx_HAL_Driver/Inc -I../Drivers/STM32H7xx_HAL_Driver/Inc/Legacy -I../Drivers/CMSIS/Device/ST/STM32H7xx/Include -I../Drivers/CMSIS/Include -O0 -ffunction-sections -fdata-sections -Wall -fstack-usage -MMD -MP -MF"Core/BSP/Peri/SPI/Peri_Spi.d" -MT"Core/BSP/Peri/SPI/Peri_Spi.o" --specs=nano.specs -mfpu=fpv5-d16 -mfloat-abi=hard -mthumb -o "Core/BSP/Peri/SPI/Peri_Spi.o"
arm-none-eabi-gcc "../Core/BSP/Peri/I2S/Peri_I2s.c" -mcpu=cortex-m7 -std=gnu11 -g3 -DDEBUG -DUSE_HAL_DRIVER -DSTM32H743xx -c -I../Core/Inc -I"D:/Injun/Work/STM/H743IICT/Workspace/test/Core/BSP" -I"D:/Injun/Work/STM/H743IICT/Workspace/test/Core/BSP/Peri" -I"D:/Injun/Work/STM/H743IICT/Workspace/test/Core/BSP/Driver" -I"D:/Injun/Work/STM/H743IICT/Workspace/test/Core/BSP/App" -I../Drivers/STM32H7xx_HAL_Driver/Inc -I../Drivers/STM32H7xx_HAL_Driver/Inc/Legacy -I../Drivers/CMSIS/Device/ST/STM32H7xx/Include -I../Drivers/CMSIS/Include -O0 -ffunction-sections -fdata-sections -Wall -fstack-usage -MMD -MP -MF"Core/BSP/Peri/I2S/Peri_I2s.d" -MT"Core/BSP/Peri/I2S/Peri_I2s.o" --specs=nano.specs -mfpu=fpv5-d16 -mfloat-abi=hard -mthumb -o "Core/BSP/Peri/I2S/Peri_I2s.o"
arm-none-eabi-gcc "../Core/BSP/Peri/I2C/Peri_I2c.c" -mcpu=cortex-m7 -std=gnu11 -g3 -DDEBUG -DUSE_HAL_DRIVER -DSTM32H743xx -c -I../Core/Inc -I"D:/Injun/Work/STM/H743IICT/Workspace/test/Core/BSP" -I"D:/Injun/Work/STM/H743IICT/Workspace/test/Core/BSP/Peri" -I"D:/Injun/Work/STM/H743IICT/Workspace/test/Core/BSP/Driver" -I"D:/Injun/Work/STM/H743IICT/Workspace/test/Core/BSP/App" -I../Drivers/STM32H7xx_HAL_Driver/Inc -I../Drivers/STM32H7xx_HAL_Driver/Inc/Legacy -I../Drivers/CMSIS/Device/ST/STM32H7xx/Include -I../Drivers/CMSIS/Include -O0 -ffunction-sections -fdata-sections -Wall -fstack-usage -MMD -MP -MF"Core/BSP/Peri/I2C/Peri_I2c.d" -MT"Core/BSP/Peri/I2C/Peri_I2c.o" --specs=nano.specs -mfpu=fpv5-d16 -mfloat-abi=hard -mthumb -o "Core/BSP/Peri/I2C/Peri_I2c.o"
arm-none-eabi-gcc -o "test.elf" @"objects.list"   -mcpu=cortex-m7 -T"D:\Injun\Work\STM\H743IICT\Workspace\test\STM32H743IITX_FLASH.ld" --specs=nosys.specs -Wl,-Map="test.map" -Wl,--gc-sections -static --specs=nano.specs -mfpu=fpv5-d16 -mfloat-abi=hard -mthumb -Wl,--start-group -lc -lm -Wl,--end-group
Finished building target: test.elf
 
arm-none-eabi-size   test.elf 
arm-none-eabi-objdump -h -S  test.elf  > "test.list"
arm-none-eabi-objcopy  -O binary  test.elf  "test.bin"
   text	   data	    bss	    dec	    hex	filename
  32056	     24	   8664	  40744	   9f28	test.elf
Finished building: default.size.stdout
 
Finished building: test.bin
 
Finished building: test.list
 
00:26:56 **** Incremental Build of configuration Debug for project test ****
make -j8 all 
arm-none-eabi-gcc "../Core/BSP/Peri/SPI/Peri_Spi.c" -mcpu=cortex-m7 -std=gnu11 -g3 -DDEBUG -DUSE_HAL_DRIVER -DSTM32H743xx -c -I../Core/Inc -I"D:/Injun/Work/STM/H743IICT/Workspace/test/Core/BSP" -I"D:/Injun/Work/STM/H743IICT/Workspace/test/Core/BSP/Peri" -I"D:/Injun/Work/STM/H743IICT/Workspace/test/Core/BSP/Driver" -I"D:/Injun/Work/STM/H743IICT/Workspace/test/Core/BSP/App" -I../Drivers/STM32H7xx_HAL_Driver/Inc -I../Drivers/STM32H7xx_HAL_Driver/Inc/Legacy -I../Drivers/CMSIS/Device/ST/STM32H7xx/Include -I../Drivers/CMSIS/Include -O0 -ffunction-sections -fdata-sections -Wall -fstack-usage -MMD -MP -MF"Core/BSP/Peri/SPI/Peri_Spi.d" -MT"Core/BSP/Peri/SPI/Peri_Spi.o" --specs=nano.specs -mfpu=fpv5-d16 -mfloat-abi=hard -mthumb -o "Core/BSP/Peri/SPI/Peri_Spi.o"
arm-none-eabi-gcc "../Core/BSP/Peri/I2S/Peri_I2s.c" -mcpu=cortex-m7 -std=gnu11 -g3 -DDEBUG -DUSE_HAL_DRIVER -DSTM32H743xx -c -I../Core/Inc -I"D:/Injun/Work/STM/H743IICT/Workspace/test/Core/BSP" -I"D:/Injun/Work/STM/H743IICT/Workspace/test/Core/BSP/Peri" -I"D:/Injun/Work/STM/H743IICT/Workspace/test/Core/BSP/Driver" -I"D:/Injun/Work/STM/H743IICT/Workspace/test/Core/BSP/App" -I../Drivers/STM32H7xx_HAL_Driver/Inc -I../Drivers/STM32H7xx_HAL_Driver/Inc/Legacy -I../Drivers/CMSIS/Device/ST/STM32H7xx/Include -I../Drivers/CMSIS/Include -O0 -ffunction-sections -fdata-sections -Wall -fstack-usage -MMD -MP -MF"Core/BSP/Peri/I2S/Peri_I2s.d" -MT"Core/BSP/Peri/I2S/Peri_I2s.o" --specs=nano.specs -mfpu=fpv5-d16 -mfloat-abi=hard -mthumb -o "Core/BSP/Peri/I2S/Peri_I2s.o"
arm-none-eabi-gcc "../Core/BSP/Peri/I2C/Peri_I2c.c" -mcpu=cortex-m7 -std=gnu11 -g3 -DDEBUG -DUSE_HAL_DRIVER -DSTM32H743xx -c -I../Core/Inc -I"D:/Injun/Work/STM/H743IICT/Workspace/test/Core/BSP" -I"D:/Injun/Work/STM/H743IICT/Workspace/test/Core/BSP/Peri" -I"D:/Injun/Work/STM/H743IICT/Workspace/test/Core/BSP/Driver" -I"D:/Injun/Work/STM/H743IICT/Workspace/test/Core/BSP/App" -I../Drivers/STM32H7xx_HAL_Driver/Inc -I../Drivers/STM32H7xx_HAL_Driver/Inc/Legacy -I../Drivers/CMSIS/Device/ST/STM32H7xx/Include -I../Drivers/CMSIS/Include -O0 -ffunction-sections -fdata-sections -Wall -fstack-usage -MMD -MP -MF"Core/BSP/Peri/I2C/Peri_I2c.d" -MT"Core/BSP/Peri/I2C/Peri_I2c.o" --specs=nano.specs -mfpu=fpv5-d16 -mfloat-abi=hard -mthumb -o "Core/BSP/Peri/I2C/Peri_I2c.o"
../Core/BSP/Peri/I2C/Peri_I2c.c:72:1: error: expected identifier or '(' before '{' token
   72 | {
      | ^
../Core/BSP/Peri/I2C/Peri_I2c.c:91:1: error: expected identifier or '(' before '/' token
   91 | /
      | ^
make: *** [Core/BSP/Peri/I2C/subdir.mk:19: Core/BSP/Peri/I2C/Peri_I2c.o] Error 1
make: *** Waiting for unfinished jobs....
"make -j8 all" terminated with exit code 2. Build might be incomplete.
00:50:38 **** Incremental Build of configuration Debug for project test ****
make -j8 all 
arm-none-eabi-gcc "../Core/BSP/Peri/I2C/Peri_I2c.c" -mcpu=cortex-m7 -std=gnu11 -g3 -DDEBUG -DUSE_HAL_DRIVER -DSTM32H743xx -c -I../Core/Inc -I"D:/Injun/Work/STM/H743IICT/Workspace/test/Core/BSP" -I"D:/Injun/Work/STM/H743IICT/Workspace/test/Core/BSP/Peri" -I"D:/Injun/Work/STM/H743IICT/Workspace/test/Core/BSP/Driver" -I"D:/Injun/Work/STM/H743IICT/Workspace/test/Core/BSP/App" -I../Drivers/STM32H7xx_HAL_Driver/Inc -I../Drivers/STM32H7xx_HAL_Driver/Inc/Legacy -I../Drivers/CMSIS/Device/ST/STM32H7xx/Include -I../Drivers/CMSIS/Include -O0 -ffunction-sections -fdata-sections -Wall -fstack-usage -MMD -MP -MF"Core/BSP/Peri/I2C/Peri_I2c.d" -MT"Core/BSP/Peri/I2C/Peri_I2c.o" --specs=nano.specs -mfpu=fpv5-d16 -mfloat-abi=hard -mthumb -o "Core/BSP/Peri/I2C/Peri_I2c.o"
../Core/BSP/Peri/I2C/Peri_I2c.c: In function 'Peri_I2C_Status':
../Core/BSP/Peri/I2C/Peri_I2c.c:167:11: warning: variable 'Error_Result' set but not used [-Wunused-but-set-variable]
  167 |  uint32_t Error_Result=0;
      |           ^~~~~~~~~~~~
../Core/BSP/Peri/I2C/Peri_I2c.c:166:22: warning: variable 'mode' set but not used [-Wunused-but-set-variable]
  166 |  HAL_I2C_ModeTypeDef mode=0;
      |                      ^~~~
../Core/BSP/Peri/I2C/Peri_I2c.c:165:23: warning: variable 'status' set but not used [-Wunused-but-set-variable]
  165 |  HAL_I2C_StateTypeDef status=0;
      |                       ^~~~~~
arm-none-eabi-gcc -o "test.elf" @"objects.list"   -mcpu=cortex-m7 -T"D:\Injun\Work\STM\H743IICT\Workspace\test\STM32H743IITX_FLASH.ld" --specs=nosys.specs -Wl,-Map="test.map" -Wl,--gc-sections -static --specs=nano.specs -mfpu=fpv5-d16 -mfloat-abi=hard -mthumb -Wl,--start-group -lc -lm -Wl,--end-group
d:\st\stm32cubeide_1.8.0\stm32cubeide\plugins\com.st.stm32cube.ide.mcu.externaltools.gnu-tools-for-stm32.9-2020-q2-update.win32_2.0.0.202105311346\tools\arm-none-eabi\bin\ld.exe: ./Drivers/STM32H7xx_HAL_Driver/Src/stm32h7xx_hal_i2c.o: in function `HAL_I2C_EV_IRQHandler':
D:/Injun/Work/STM/H743IICT/Workspace/test/Debug/../Drivers/STM32H7xx_HAL_Driver/Src/stm32h7xx_hal_i2c.c:4443: multiple definition of `HAL_I2C_EV_IRQHandler'; ./Core/BSP/Peri/I2C/Peri_I2c.o:D:/Injun/Work/STM/H743IICT/Workspace/test/Debug/../Core/BSP/Peri/I2C/Peri_I2c.c:177: first defined here
d:\st\stm32cubeide_1.8.0\stm32cubeide\plugins\com.st.stm32cube.ide.mcu.externaltools.gnu-tools-for-stm32.9-2020-q2-update.win32_2.0.0.202105311346\tools\arm-none-eabi\bin\ld.exe: ./Drivers/STM32H7xx_HAL_Driver/Src/stm32h7xx_hal_i2c.o: in function `HAL_I2C_ER_IRQHandler':
D:/Injun/Work/STM/H743IICT/Workspace/test/Debug/../Drivers/STM32H7xx_HAL_Driver/Src/stm32h7xx_hal_i2c.c:4462: multiple definition of `HAL_I2C_ER_IRQHandler'; ./Core/BSP/Peri/I2C/Peri_I2c.o:D:/Injun/Work/STM/H743IICT/Workspace/test/Debug/../Core/BSP/Peri/I2C/Peri_I2c.c:181: first defined here
collect2.exe: error: ld returned 1 exit status
make: *** [makefile:74: test.elf] Error 1
"make -j8 all" terminated with exit code 2. Build might be incomplete.
00:50:59 **** Incremental Build of configuration Debug for project test ****
make -j8 all 
arm-none-eabi-gcc "../Core/BSP/Peri/I2C/Peri_I2c.c" -mcpu=cortex-m7 -std=gnu11 -g3 -DDEBUG -DUSE_HAL_DRIVER -DSTM32H743xx -c -I../Core/Inc -I"D:/Injun/Work/STM/H743IICT/Workspace/test/Core/BSP" -I"D:/Injun/Work/STM/H743IICT/Workspace/test/Core/BSP/Peri" -I"D:/Injun/Work/STM/H743IICT/Workspace/test/Core/BSP/Driver" -I"D:/Injun/Work/STM/H743IICT/Workspace/test/Core/BSP/App" -I../Drivers/STM32H7xx_HAL_Driver/Inc -I../Drivers/STM32H7xx_HAL_Driver/Inc/Legacy -I../Drivers/CMSIS/Device/ST/STM32H7xx/Include -I../Drivers/CMSIS/Include -O0 -ffunction-sections -fdata-sections -Wall -fstack-usage -MMD -MP -MF"Core/BSP/Peri/I2C/Peri_I2c.d" -MT"Core/BSP/Peri/I2C/Peri_I2c.o" --specs=nano.specs -mfpu=fpv5-d16 -mfloat-abi=hard -mthumb -o "Core/BSP/Peri/I2C/Peri_I2c.o"
../Core/BSP/Peri/I2C/Peri_I2c.c: In function 'Peri_I2C_Status':
../Core/BSP/Peri/I2C/Peri_I2c.c:167:11: warning: variable 'Error_Result' set but not used [-Wunused-but-set-variable]
  167 |  uint32_t Error_Result=0;
      |           ^~~~~~~~~~~~
../Core/BSP/Peri/I2C/Peri_I2c.c:166:22: warning: variable 'mode' set but not used [-Wunused-but-set-variable]
  166 |  HAL_I2C_ModeTypeDef mode=0;
      |                      ^~~~
../Core/BSP/Peri/I2C/Peri_I2c.c:165:23: warning: variable 'status' set but not used [-Wunused-but-set-variable]
  165 |  HAL_I2C_StateTypeDef status=0;
      |                       ^~~~~~
arm-none-eabi-gcc -o "test.elf" @"objects.list"   -mcpu=cortex-m7 -T"D:\Injun\Work\STM\H743IICT\Workspace\test\STM32H743IITX_FLASH.ld" --specs=nosys.specs -Wl,-Map="test.map" -Wl,--gc-sections -static --specs=nano.specs -mfpu=fpv5-d16 -mfloat-abi=hard -mthumb -Wl,--start-group -lc -lm -Wl,--end-group
Finished building target: test.elf
 
arm-none-eabi-size   test.elf 
arm-none-eabi-objdump -h -S  test.elf  > "test.list"
arm-none-eabi-objcopy  -O binary  test.elf  "test.bin"
   text	   data	    bss	    dec	    hex	filename
  32056	     24	   8664	  40744	   9f28	test.elf
Finished building: default.size.stdout
 
Finished building: test.bin
 
Finished building: test.list
 
