03:39:38 **** Incremental Build of configuration Debug for project test ****
make -j8 all 
arm-none-eabi-gcc "../Drivers/STM32H7xx_HAL_Driver/Src/stm32h7xx_hal.c" -mcpu=cortex-m7 -std=gnu11 -g3 -DDEBUG -DUSE_HAL_DRIVER -DSTM32H743xx -c -I../Core/Inc -I"D:/Injun/Work/STM/H743IICT/Workspace/test/Core/BSP/Peri/Uart" -I"D:/Injun/Work/STM/H743IICT/Workspace/test/Core/BSP/Peri/ADC" -I"D:/Injun/Work/STM/H743IICT/Workspace/test/Core/BSP/Driver/DEBUG" -I"D:/Injun/Work/STM/H743IICT/Workspace/test/Core/BSP/Driver/ADC_Data" -I"D:/Injun/Work/STM/H743IICT/Workspace/test/Core/BSP/Peri" -I"D:/Injun/Work/STM/H743IICT/Workspace/test/Core/BSP" -I"D:/Injun/Work/STM/H743IICT/Workspace/test/Core/BSP/Driver" -I"D:/Injun/Work/STM/H743IICT/Workspace/test/Core/BSP/App" -I../Drivers/STM32H7xx_HAL_Driver/Inc -I../Drivers/STM32H7xx_HAL_Driver/Inc/Legacy -I../Drivers/CMSIS/Device/ST/STM32H7xx/Include -I../Drivers/CMSIS/Include -O0 -ffunction-sections -fdata-sections -Wall -fstack-usage -MMD -MP -MF"Drivers/STM32H7xx_HAL_Driver/Src/stm32h7xx_hal.d" -MT"Drivers/STM32H7xx_HAL_Driver/Src/stm32h7xx_hal.o" --specs=nano.specs -mfpu=fpv5-d16 -mfloat-abi=hard -mthumb -o "Drivers/STM32H7xx_HAL_Driver/Src/stm32h7xx_hal.o"
arm-none-eabi-gcc "../Drivers/STM32H7xx_HAL_Driver/Src/stm32h7xx_hal_adc.c" -mcpu=cortex-m7 -std=gnu11 -g3 -DDEBUG -DUSE_HAL_DRIVER -DSTM32H743xx -c -I../Core/Inc -I"D:/Injun/Work/STM/H743IICT/Workspace/test/Core/BSP/Peri/Uart" -I"D:/Injun/Work/STM/H743IICT/Workspace/test/Core/BSP/Peri/ADC" -I"D:/Injun/Work/STM/H743IICT/Workspace/test/Core/BSP/Driver/DEBUG" -I"D:/Injun/Work/STM/H743IICT/Workspace/test/Core/BSP/Driver/ADC_Data" -I"D:/Injun/Work/STM/H743IICT/Workspace/test/Core/BSP/Peri" -I"D:/Injun/Work/STM/H743IICT/Workspace/test/Core/BSP" -I"D:/Injun/Work/STM/H743IICT/Workspace/test/Core/BSP/Driver" -I"D:/Injun/Work/STM/H743IICT/Workspace/test/Core/BSP/App" -I../Drivers/STM32H7xx_HAL_Driver/Inc -I../Drivers/STM32H7xx_HAL_Driver/Inc/Legacy -I../Drivers/CMSIS/Device/ST/STM32H7xx/Include -I../Drivers/CMSIS/Include -O0 -ffunction-sections -fdata-sections -Wall -fstack-usage -MMD -MP -MF"Drivers/STM32H7xx_HAL_Driver/Src/stm32h7xx_hal_adc.d" -MT"Drivers/STM32H7xx_HAL_Driver/Src/stm32h7xx_hal_adc.o" --specs=nano.specs -mfpu=fpv5-d16 -mfloat-abi=hard -mthumb -o "Drivers/STM32H7xx_HAL_Driver/Src/stm32h7xx_hal_adc.o"
arm-none-eabi-gcc "../Drivers/STM32H7xx_HAL_Driver/Src/stm32h7xx_hal_adc_ex.c" -mcpu=cortex-m7 -std=gnu11 -g3 -DDEBUG -DUSE_HAL_DRIVER -DSTM32H743xx -c -I../Core/Inc -I"D:/Injun/Work/STM/H743IICT/Workspace/test/Core/BSP/Peri/Uart" -I"D:/Injun/Work/STM/H743IICT/Workspace/test/Core/BSP/Peri/ADC" -I"D:/Injun/Work/STM/H743IICT/Workspace/test/Core/BSP/Driver/DEBUG" -I"D:/Injun/Work/STM/H743IICT/Workspace/test/Core/BSP/Driver/ADC_Data" -I"D:/Injun/Work/STM/H743IICT/Workspace/test/Core/BSP/Peri" -I"D:/Injun/Work/STM/H743IICT/Workspace/test/Core/BSP" -I"D:/Injun/Work/STM/H743IICT/Workspace/test/Core/BSP/Driver" -I"D:/Injun/Work/STM/H743IICT/Workspace/test/Core/BSP/App" -I../Drivers/STM32H7xx_HAL_Driver/Inc -I../Drivers/STM32H7xx_HAL_Driver/Inc/Legacy -I../Drivers/CMSIS/Device/ST/STM32H7xx/Include -I../Drivers/CMSIS/Include -O0 -ffunction-sections -fdata-sections -Wall -fstack-usage -MMD -MP -MF"Drivers/STM32H7xx_HAL_Driver/Src/stm32h7xx_hal_adc_ex.d" -MT"Drivers/STM32H7xx_HAL_Driver/Src/stm32h7xx_hal_adc_ex.o" --specs=nano.specs -mfpu=fpv5-d16 -mfloat-abi=hard -mthumb -o "Drivers/STM32H7xx_HAL_Driver/Src/stm32h7xx_hal_adc_ex.o"
arm-none-eabi-gcc "../Drivers/STM32H7xx_HAL_Driver/Src/stm32h7xx_hal_cortex.c" -mcpu=cortex-m7 -std=gnu11 -g3 -DDEBUG -DUSE_HAL_DRIVER -DSTM32H743xx -c -I../Core/Inc -I"D:/Injun/Work/STM/H743IICT/Workspace/test/Core/BSP/Peri/Uart" -I"D:/Injun/Work/STM/H743IICT/Workspace/test/Core/BSP/Peri/ADC" -I"D:/Injun/Work/STM/H743IICT/Workspace/test/Core/BSP/Driver/DEBUG" -I"D:/Injun/Work/STM/H743IICT/Workspace/test/Core/BSP/Driver/ADC_Data" -I"D:/Injun/Work/STM/H743IICT/Workspace/test/Core/BSP/Peri" -I"D:/Injun/Work/STM/H743IICT/Workspace/test/Core/BSP" -I"D:/Injun/Work/STM/H743IICT/Workspace/test/Core/BSP/Driver" -I"D:/Injun/Work/STM/H743IICT/Workspace/test/Core/BSP/App" -I../Drivers/STM32H7xx_HAL_Driver/Inc -I../Drivers/STM32H7xx_HAL_Driver/Inc/Legacy -I../Drivers/CMSIS/Device/ST/STM32H7xx/Include -I../Drivers/CMSIS/Include -O0 -ffunction-sections -fdata-sections -Wall -fstack-usage -MMD -MP -MF"Drivers/STM32H7xx_HAL_Driver/Src/stm32h7xx_hal_cortex.d" -MT"Drivers/STM32H7xx_HAL_Driver/Src/stm32h7xx_hal_cortex.o" --specs=nano.specs -mfpu=fpv5-d16 -mfloat-abi=hard -mthumb -o "Drivers/STM32H7xx_HAL_Driver/Src/stm32h7xx_hal_cortex.o"
arm-none-eabi-gcc "../Drivers/STM32H7xx_HAL_Driver/Src/stm32h7xx_hal_dma.c" -mcpu=cortex-m7 -std=gnu11 -g3 -DDEBUG -DUSE_HAL_DRIVER -DSTM32H743xx -c -I../Core/Inc -I"D:/Injun/Work/STM/H743IICT/Workspace/test/Core/BSP/Peri/Uart" -I"D:/Injun/Work/STM/H743IICT/Workspace/test/Core/BSP/Peri/ADC" -I"D:/Injun/Work/STM/H743IICT/Workspace/test/Core/BSP/Driver/DEBUG" -I"D:/Injun/Work/STM/H743IICT/Workspace/test/Core/BSP/Driver/ADC_Data" -I"D:/Injun/Work/STM/H743IICT/Workspace/test/Core/BSP/Peri" -I"D:/Injun/Work/STM/H743IICT/Workspace/test/Core/BSP" -I"D:/Injun/Work/STM/H743IICT/Workspace/test/Core/BSP/Driver" -I"D:/Injun/Work/STM/H743IICT/Workspace/test/Core/BSP/App" -I../Drivers/STM32H7xx_HAL_Driver/Inc -I../Drivers/STM32H7xx_HAL_Driver/Inc/Legacy -I../Drivers/CMSIS/Device/ST/STM32H7xx/Include -I../Drivers/CMSIS/Include -O0 -ffunction-sections -fdata-sections -Wall -fstack-usage -MMD -MP -MF"Drivers/STM32H7xx_HAL_Driver/Src/stm32h7xx_hal_dma.d" -MT"Drivers/STM32H7xx_HAL_Driver/Src/stm32h7xx_hal_dma.o" --specs=nano.specs -mfpu=fpv5-d16 -mfloat-abi=hard -mthumb -o "Drivers/STM32H7xx_HAL_Driver/Src/stm32h7xx_hal_dma.o"
arm-none-eabi-gcc "../Drivers/STM32H7xx_HAL_Driver/Src/stm32h7xx_hal_dma_ex.c" -mcpu=cortex-m7 -std=gnu11 -g3 -DDEBUG -DUSE_HAL_DRIVER -DSTM32H743xx -c -I../Core/Inc -I"D:/Injun/Work/STM/H743IICT/Workspace/test/Core/BSP/Peri/Uart" -I"D:/Injun/Work/STM/H743IICT/Workspace/test/Core/BSP/Peri/ADC" -I"D:/Injun/Work/STM/H743IICT/Workspace/test/Core/BSP/Driver/DEBUG" -I"D:/Injun/Work/STM/H743IICT/Workspace/test/Core/BSP/Driver/ADC_Data" -I"D:/Injun/Work/STM/H743IICT/Workspace/test/Core/BSP/Peri" -I"D:/Injun/Work/STM/H743IICT/Workspace/test/Core/BSP" -I"D:/Injun/Work/STM/H743IICT/Workspace/test/Core/BSP/Driver" -I"D:/Injun/Work/STM/H743IICT/Workspace/test/Core/BSP/App" -I../Drivers/STM32H7xx_HAL_Driver/Inc -I../Drivers/STM32H7xx_HAL_Driver/Inc/Legacy -I../Drivers/CMSIS/Device/ST/STM32H7xx/Include -I../Drivers/CMSIS/Include -O0 -ffunction-sections -fdata-sections -Wall -fstack-usage -MMD -MP -MF"Drivers/STM32H7xx_HAL_Driver/Src/stm32h7xx_hal_dma_ex.d" -MT"Drivers/STM32H7xx_HAL_Driver/Src/stm32h7xx_hal_dma_ex.o" --specs=nano.specs -mfpu=fpv5-d16 -mfloat-abi=hard -mthumb -o "Drivers/STM32H7xx_HAL_Driver/Src/stm32h7xx_hal_dma_ex.o"
arm-none-eabi-gcc "../Drivers/STM32H7xx_HAL_Driver/Src/stm32h7xx_hal_exti.c" -mcpu=cortex-m7 -std=gnu11 -g3 -DDEBUG -DUSE_HAL_DRIVER -DSTM32H743xx -c -I../Core/Inc -I"D:/Injun/Work/STM/H743IICT/Workspace/test/Core/BSP/Peri/Uart" -I"D:/Injun/Work/STM/H743IICT/Workspace/test/Core/BSP/Peri/ADC" -I"D:/Injun/Work/STM/H743IICT/Workspace/test/Core/BSP/Driver/DEBUG" -I"D:/Injun/Work/STM/H743IICT/Workspace/test/Core/BSP/Driver/ADC_Data" -I"D:/Injun/Work/STM/H743IICT/Workspace/test/Core/BSP/Peri" -I"D:/Injun/Work/STM/H743IICT/Workspace/test/Core/BSP" -I"D:/Injun/Work/STM/H743IICT/Workspace/test/Core/BSP/Driver" -I"D:/Injun/Work/STM/H743IICT/Workspace/test/Core/BSP/App" -I../Drivers/STM32H7xx_HAL_Driver/Inc -I../Drivers/STM32H7xx_HAL_Driver/Inc/Legacy -I../Drivers/CMSIS/Device/ST/STM32H7xx/Include -I../Drivers/CMSIS/Include -O0 -ffunction-sections -fdata-sections -Wall -fstack-usage -MMD -MP -MF"Drivers/STM32H7xx_HAL_Driver/Src/stm32h7xx_hal_exti.d" -MT"Drivers/STM32H7xx_HAL_Driver/Src/stm32h7xx_hal_exti.o" --specs=nano.specs -mfpu=fpv5-d16 -mfloat-abi=hard -mthumb -o "Drivers/STM32H7xx_HAL_Driver/Src/stm32h7xx_hal_exti.o"
arm-none-eabi-gcc "../Drivers/STM32H7xx_HAL_Driver/Src/stm32h7xx_hal_flash.c" -mcpu=cortex-m7 -std=gnu11 -g3 -DDEBUG -DUSE_HAL_DRIVER -DSTM32H743xx -c -I../Core/Inc -I"D:/Injun/Work/STM/H743IICT/Workspace/test/Core/BSP/Peri/Uart" -I"D:/Injun/Work/STM/H743IICT/Workspace/test/Core/BSP/Peri/ADC" -I"D:/Injun/Work/STM/H743IICT/Workspace/test/Core/BSP/Driver/DEBUG" -I"D:/Injun/Work/STM/H743IICT/Workspace/test/Core/BSP/Driver/ADC_Data" -I"D:/Injun/Work/STM/H743IICT/Workspace/test/Core/BSP/Peri" -I"D:/Injun/Work/STM/H743IICT/Workspace/test/Core/BSP" -I"D:/Injun/Work/STM/H743IICT/Workspace/test/Core/BSP/Driver" -I"D:/Injun/Work/STM/H743IICT/Workspace/test/Core/BSP/App" -I../Drivers/STM32H7xx_HAL_Driver/Inc -I../Drivers/STM32H7xx_HAL_Driver/Inc/Legacy -I../Drivers/CMSIS/Device/ST/STM32H7xx/Include -I../Drivers/CMSIS/Include -O0 -ffunction-sections -fdata-sections -Wall -fstack-usage -MMD -MP -MF"Drivers/STM32H7xx_HAL_Driver/Src/stm32h7xx_hal_flash.d" -MT"Drivers/STM32H7xx_HAL_Driver/Src/stm32h7xx_hal_flash.o" --specs=nano.specs -mfpu=fpv5-d16 -mfloat-abi=hard -mthumb -o "Drivers/STM32H7xx_HAL_Driver/Src/stm32h7xx_hal_flash.o"
arm-none-eabi-gcc "../Drivers/STM32H7xx_HAL_Driver/Src/stm32h7xx_hal_flash_ex.c" -mcpu=cortex-m7 -std=gnu11 -g3 -DDEBUG -DUSE_HAL_DRIVER -DSTM32H743xx -c -I../Core/Inc -I"D:/Injun/Work/STM/H743IICT/Workspace/test/Core/BSP/Peri/Uart" -I"D:/Injun/Work/STM/H743IICT/Workspace/test/Core/BSP/Peri/ADC" -I"D:/Injun/Work/STM/H743IICT/Workspace/test/Core/BSP/Driver/DEBUG" -I"D:/Injun/Work/STM/H743IICT/Workspace/test/Core/BSP/Driver/ADC_Data" -I"D:/Injun/Work/STM/H743IICT/Workspace/test/Core/BSP/Peri" -I"D:/Injun/Work/STM/H743IICT/Workspace/test/Core/BSP" -I"D:/Injun/Work/STM/H743IICT/Workspace/test/Core/BSP/Driver" -I"D:/Injun/Work/STM/H743IICT/Workspace/test/Core/BSP/App" -I../Drivers/STM32H7xx_HAL_Driver/Inc -I../Drivers/STM32H7xx_HAL_Driver/Inc/Legacy -I../Drivers/CMSIS/Device/ST/STM32H7xx/Include -I../Drivers/CMSIS/Include -O0 -ffunction-sections -fdata-sections -Wall -fstack-usage -MMD -MP -MF"Drivers/STM32H7xx_HAL_Driver/Src/stm32h7xx_hal_flash_ex.d" -MT"Drivers/STM32H7xx_HAL_Driver/Src/stm32h7xx_hal_flash_ex.o" --specs=nano.specs -mfpu=fpv5-d16 -mfloat-abi=hard -mthumb -o "Drivers/STM32H7xx_HAL_Driver/Src/stm32h7xx_hal_flash_ex.o"
arm-none-eabi-gcc "../Drivers/STM32H7xx_HAL_Driver/Src/stm32h7xx_hal_gpio.c" -mcpu=cortex-m7 -std=gnu11 -g3 -DDEBUG -DUSE_HAL_DRIVER -DSTM32H743xx -c -I../Core/Inc -I"D:/Injun/Work/STM/H743IICT/Workspace/test/Core/BSP/Peri/Uart" -I"D:/Injun/Work/STM/H743IICT/Workspace/test/Core/BSP/Peri/ADC" -I"D:/Injun/Work/STM/H743IICT/Workspace/test/Core/BSP/Driver/DEBUG" -I"D:/Injun/Work/STM/H743IICT/Workspace/test/Core/BSP/Driver/ADC_Data" -I"D:/Injun/Work/STM/H743IICT/Workspace/test/Core/BSP/Peri" -I"D:/Injun/Work/STM/H743IICT/Workspace/test/Core/BSP" -I"D:/Injun/Work/STM/H743IICT/Workspace/test/Core/BSP/Driver" -I"D:/Injun/Work/STM/H743IICT/Workspace/test/Core/BSP/App" -I../Drivers/STM32H7xx_HAL_Driver/Inc -I../Drivers/STM32H7xx_HAL_Driver/Inc/Legacy -I../Drivers/CMSIS/Device/ST/STM32H7xx/Include -I../Drivers/CMSIS/Include -O0 -ffunction-sections -fdata-sections -Wall -fstack-usage -MMD -MP -MF"Drivers/STM32H7xx_HAL_Driver/Src/stm32h7xx_hal_gpio.d" -MT"Drivers/STM32H7xx_HAL_Driver/Src/stm32h7xx_hal_gpio.o" --specs=nano.specs -mfpu=fpv5-d16 -mfloat-abi=hard -mthumb -o "Drivers/STM32H7xx_HAL_Driver/Src/stm32h7xx_hal_gpio.o"
arm-none-eabi-gcc "../Drivers/STM32H7xx_HAL_Driver/Src/stm32h7xx_hal_hsem.c" -mcpu=cortex-m7 -std=gnu11 -g3 -DDEBUG -DUSE_HAL_DRIVER -DSTM32H743xx -c -I../Core/Inc -I"D:/Injun/Work/STM/H743IICT/Workspace/test/Core/BSP/Peri/Uart" -I"D:/Injun/Work/STM/H743IICT/Workspace/test/Core/BSP/Peri/ADC" -I"D:/Injun/Work/STM/H743IICT/Workspace/test/Core/BSP/Driver/DEBUG" -I"D:/Injun/Work/STM/H743IICT/Workspace/test/Core/BSP/Driver/ADC_Data" -I"D:/Injun/Work/STM/H743IICT/Workspace/test/Core/BSP/Peri" -I"D:/Injun/Work/STM/H743IICT/Workspace/test/Core/BSP" -I"D:/Injun/Work/STM/H743IICT/Workspace/test/Core/BSP/Driver" -I"D:/Injun/Work/STM/H743IICT/Workspace/test/Core/BSP/App" -I../Drivers/STM32H7xx_HAL_Driver/Inc -I../Drivers/STM32H7xx_HAL_Driver/Inc/Legacy -I../Drivers/CMSIS/Device/ST/STM32H7xx/Include -I../Drivers/CMSIS/Include -O0 -ffunction-sections -fdata-sections -Wall -fstack-usage -MMD -MP -MF"Drivers/STM32H7xx_HAL_Driver/Src/stm32h7xx_hal_hsem.d" -MT"Drivers/STM32H7xx_HAL_Driver/Src/stm32h7xx_hal_hsem.o" --specs=nano.specs -mfpu=fpv5-d16 -mfloat-abi=hard -mthumb -o "Drivers/STM32H7xx_HAL_Driver/Src/stm32h7xx_hal_hsem.o"
arm-none-eabi-gcc "../Drivers/STM32H7xx_HAL_Driver/Src/stm32h7xx_hal_i2c.c" -mcpu=cortex-m7 -std=gnu11 -g3 -DDEBUG -DUSE_HAL_DRIVER -DSTM32H743xx -c -I../Core/Inc -I"D:/Injun/Work/STM/H743IICT/Workspace/test/Core/BSP/Peri/Uart" -I"D:/Injun/Work/STM/H743IICT/Workspace/test/Core/BSP/Peri/ADC" -I"D:/Injun/Work/STM/H743IICT/Workspace/test/Core/BSP/Driver/DEBUG" -I"D:/Injun/Work/STM/H743IICT/Workspace/test/Core/BSP/Driver/ADC_Data" -I"D:/Injun/Work/STM/H743IICT/Workspace/test/Core/BSP/Peri" -I"D:/Injun/Work/STM/H743IICT/Workspace/test/Core/BSP" -I"D:/Injun/Work/STM/H743IICT/Workspace/test/Core/BSP/Driver" -I"D:/Injun/Work/STM/H743IICT/Workspace/test/Core/BSP/App" -I../Drivers/STM32H7xx_HAL_Driver/Inc -I../Drivers/STM32H7xx_HAL_Driver/Inc/Legacy -I../Drivers/CMSIS/Device/ST/STM32H7xx/Include -I../Drivers/CMSIS/Include -O0 -ffunction-sections -fdata-sections -Wall -fstack-usage -MMD -MP -MF"Drivers/STM32H7xx_HAL_Driver/Src/stm32h7xx_hal_i2c.d" -MT"Drivers/STM32H7xx_HAL_Driver/Src/stm32h7xx_hal_i2c.o" --specs=nano.specs -mfpu=fpv5-d16 -mfloat-abi=hard -mthumb -o "Drivers/STM32H7xx_HAL_Driver/Src/stm32h7xx_hal_i2c.o"
arm-none-eabi-gcc "../Drivers/STM32H7xx_HAL_Driver/Src/stm32h7xx_hal_i2c_ex.c" -mcpu=cortex-m7 -std=gnu11 -g3 -DDEBUG -DUSE_HAL_DRIVER -DSTM32H743xx -c -I../Core/Inc -I"D:/Injun/Work/STM/H743IICT/Workspace/test/Core/BSP/Peri/Uart" -I"D:/Injun/Work/STM/H743IICT/Workspace/test/Core/BSP/Peri/ADC" -I"D:/Injun/Work/STM/H743IICT/Workspace/test/Core/BSP/Driver/DEBUG" -I"D:/Injun/Work/STM/H743IICT/Workspace/test/Core/BSP/Driver/ADC_Data" -I"D:/Injun/Work/STM/H743IICT/Workspace/test/Core/BSP/Peri" -I"D:/Injun/Work/STM/H743IICT/Workspace/test/Core/BSP" -I"D:/Injun/Work/STM/H743IICT/Workspace/test/Core/BSP/Driver" -I"D:/Injun/Work/STM/H743IICT/Workspace/test/Core/BSP/App" -I../Drivers/STM32H7xx_HAL_Driver/Inc -I../Drivers/STM32H7xx_HAL_Driver/Inc/Legacy -I../Drivers/CMSIS/Device/ST/STM32H7xx/Include -I../Drivers/CMSIS/Include -O0 -ffunction-sections -fdata-sections -Wall -fstack-usage -MMD -MP -MF"Drivers/STM32H7xx_HAL_Driver/Src/stm32h7xx_hal_i2c_ex.d" -MT"Drivers/STM32H7xx_HAL_Driver/Src/stm32h7xx_hal_i2c_ex.o" --specs=nano.specs -mfpu=fpv5-d16 -mfloat-abi=hard -mthumb -o "Drivers/STM32H7xx_HAL_Driver/Src/stm32h7xx_hal_i2c_ex.o"
arm-none-eabi-gcc "../Drivers/STM32H7xx_HAL_Driver/Src/stm32h7xx_hal_mdma.c" -mcpu=cortex-m7 -std=gnu11 -g3 -DDEBUG -DUSE_HAL_DRIVER -DSTM32H743xx -c -I../Core/Inc -I"D:/Injun/Work/STM/H743IICT/Workspace/test/Core/BSP/Peri/Uart" -I"D:/Injun/Work/STM/H743IICT/Workspace/test/Core/BSP/Peri/ADC" -I"D:/Injun/Work/STM/H743IICT/Workspace/test/Core/BSP/Driver/DEBUG" -I"D:/Injun/Work/STM/H743IICT/Workspace/test/Core/BSP/Driver/ADC_Data" -I"D:/Injun/Work/STM/H743IICT/Workspace/test/Core/BSP/Peri" -I"D:/Injun/Work/STM/H743IICT/Workspace/test/Core/BSP" -I"D:/Injun/Work/STM/H743IICT/Workspace/test/Core/BSP/Driver" -I"D:/Injun/Work/STM/H743IICT/Workspace/test/Core/BSP/App" -I../Drivers/STM32H7xx_HAL_Driver/Inc -I../Drivers/STM32H7xx_HAL_Driver/Inc/Legacy -I../Drivers/CMSIS/Device/ST/STM32H7xx/Include -I../Drivers/CMSIS/Include -O0 -ffunction-sections -fdata-sections -Wall -fstack-usage -MMD -MP -MF"Drivers/STM32H7xx_HAL_Driver/Src/stm32h7xx_hal_mdma.d" -MT"Drivers/STM32H7xx_HAL_Driver/Src/stm32h7xx_hal_mdma.o" --specs=nano.specs -mfpu=fpv5-d16 -mfloat-abi=hard -mthumb -o "Drivers/STM32H7xx_HAL_Driver/Src/stm32h7xx_hal_mdma.o"
arm-none-eabi-gcc "../Drivers/STM32H7xx_HAL_Driver/Src/stm32h7xx_hal_pwr.c" -mcpu=cortex-m7 -std=gnu11 -g3 -DDEBUG -DUSE_HAL_DRIVER -DSTM32H743xx -c -I../Core/Inc -I"D:/Injun/Work/STM/H743IICT/Workspace/test/Core/BSP/Peri/Uart" -I"D:/Injun/Work/STM/H743IICT/Workspace/test/Core/BSP/Peri/ADC" -I"D:/Injun/Work/STM/H743IICT/Workspace/test/Core/BSP/Driver/DEBUG" -I"D:/Injun/Work/STM/H743IICT/Workspace/test/Core/BSP/Driver/ADC_Data" -I"D:/Injun/Work/STM/H743IICT/Workspace/test/Core/BSP/Peri" -I"D:/Injun/Work/STM/H743IICT/Workspace/test/Core/BSP" -I"D:/Injun/Work/STM/H743IICT/Workspace/test/Core/BSP/Driver" -I"D:/Injun/Work/STM/H743IICT/Workspace/test/Core/BSP/App" -I../Drivers/STM32H7xx_HAL_Driver/Inc -I../Drivers/STM32H7xx_HAL_Driver/Inc/Legacy -I../Drivers/CMSIS/Device/ST/STM32H7xx/Include -I../Drivers/CMSIS/Include -O0 -ffunction-sections -fdata-sections -Wall -fstack-usage -MMD -MP -MF"Drivers/STM32H7xx_HAL_Driver/Src/stm32h7xx_hal_pwr.d" -MT"Drivers/STM32H7xx_HAL_Driver/Src/stm32h7xx_hal_pwr.o" --specs=nano.specs -mfpu=fpv5-d16 -mfloat-abi=hard -mthumb -o "Drivers/STM32H7xx_HAL_Driver/Src/stm32h7xx_hal_pwr.o"
arm-none-eabi-gcc "../Drivers/STM32H7xx_HAL_Driver/Src/stm32h7xx_hal_pwr_ex.c" -mcpu=cortex-m7 -std=gnu11 -g3 -DDEBUG -DUSE_HAL_DRIVER -DSTM32H743xx -c -I../Core/Inc -I"D:/Injun/Work/STM/H743IICT/Workspace/test/Core/BSP/Peri/Uart" -I"D:/Injun/Work/STM/H743IICT/Workspace/test/Core/BSP/Peri/ADC" -I"D:/Injun/Work/STM/H743IICT/Workspace/test/Core/BSP/Driver/DEBUG" -I"D:/Injun/Work/STM/H743IICT/Workspace/test/Core/BSP/Driver/ADC_Data" -I"D:/Injun/Work/STM/H743IICT/Workspace/test/Core/BSP/Peri" -I"D:/Injun/Work/STM/H743IICT/Workspace/test/Core/BSP" -I"D:/Injun/Work/STM/H743IICT/Workspace/test/Core/BSP/Driver" -I"D:/Injun/Work/STM/H743IICT/Workspace/test/Core/BSP/App" -I../Drivers/STM32H7xx_HAL_Driver/Inc -I../Drivers/STM32H7xx_HAL_Driver/Inc/Legacy -I../Drivers/CMSIS/Device/ST/STM32H7xx/Include -I../Drivers/CMSIS/Include -O0 -ffunction-sections -fdata-sections -Wall -fstack-usage -MMD -MP -MF"Drivers/STM32H7xx_HAL_Driver/Src/stm32h7xx_hal_pwr_ex.d" -MT"Drivers/STM32H7xx_HAL_Driver/Src/stm32h7xx_hal_pwr_ex.o" --specs=nano.specs -mfpu=fpv5-d16 -mfloat-abi=hard -mthumb -o "Drivers/STM32H7xx_HAL_Driver/Src/stm32h7xx_hal_pwr_ex.o"
arm-none-eabi-gcc "../Drivers/STM32H7xx_HAL_Driver/Src/stm32h7xx_hal_rcc.c" -mcpu=cortex-m7 -std=gnu11 -g3 -DDEBUG -DUSE_HAL_DRIVER -DSTM32H743xx -c -I../Core/Inc -I"D:/Injun/Work/STM/H743IICT/Workspace/test/Core/BSP/Peri/Uart" -I"D:/Injun/Work/STM/H743IICT/Workspace/test/Core/BSP/Peri/ADC" -I"D:/Injun/Work/STM/H743IICT/Workspace/test/Core/BSP/Driver/DEBUG" -I"D:/Injun/Work/STM/H743IICT/Workspace/test/Core/BSP/Driver/ADC_Data" -I"D:/Injun/Work/STM/H743IICT/Workspace/test/Core/BSP/Peri" -I"D:/Injun/Work/STM/H743IICT/Workspace/test/Core/BSP" -I"D:/Injun/Work/STM/H743IICT/Workspace/test/Core/BSP/Driver" -I"D:/Injun/Work/STM/H743IICT/Workspace/test/Core/BSP/App" -I../Drivers/STM32H7xx_HAL_Driver/Inc -I../Drivers/STM32H7xx_HAL_Driver/Inc/Legacy -I../Drivers/CMSIS/Device/ST/STM32H7xx/Include -I../Drivers/CMSIS/Include -O0 -ffunction-sections -fdata-sections -Wall -fstack-usage -MMD -MP -MF"Drivers/STM32H7xx_HAL_Driver/Src/stm32h7xx_hal_rcc.d" -MT"Drivers/STM32H7xx_HAL_Driver/Src/stm32h7xx_hal_rcc.o" --specs=nano.specs -mfpu=fpv5-d16 -mfloat-abi=hard -mthumb -o "Drivers/STM32H7xx_HAL_Driver/Src/stm32h7xx_hal_rcc.o"
arm-none-eabi-gcc "../Drivers/STM32H7xx_HAL_Driver/Src/stm32h7xx_hal_rcc_ex.c" -mcpu=cortex-m7 -std=gnu11 -g3 -DDEBUG -DUSE_HAL_DRIVER -DSTM32H743xx -c -I../Core/Inc -I"D:/Injun/Work/STM/H743IICT/Workspace/test/Core/BSP/Peri/Uart" -I"D:/Injun/Work/STM/H743IICT/Workspace/test/Core/BSP/Peri/ADC" -I"D:/Injun/Work/STM/H743IICT/Workspace/test/Core/BSP/Driver/DEBUG" -I"D:/Injun/Work/STM/H743IICT/Workspace/test/Core/BSP/Driver/ADC_Data" -I"D:/Injun/Work/STM/H743IICT/Workspace/test/Core/BSP/Peri" -I"D:/Injun/Work/STM/H743IICT/Workspace/test/Core/BSP" -I"D:/Injun/Work/STM/H743IICT/Workspace/test/Core/BSP/Driver" -I"D:/Injun/Work/STM/H743IICT/Workspace/test/Core/BSP/App" -I../Drivers/STM32H7xx_HAL_Driver/Inc -I../Drivers/STM32H7xx_HAL_Driver/Inc/Legacy -I../Drivers/CMSIS/Device/ST/STM32H7xx/Include -I../Drivers/CMSIS/Include -O0 -ffunction-sections -fdata-sections -Wall -fstack-usage -MMD -MP -MF"Drivers/STM32H7xx_HAL_Driver/Src/stm32h7xx_hal_rcc_ex.d" -MT"Drivers/STM32H7xx_HAL_Driver/Src/stm32h7xx_hal_rcc_ex.o" --specs=nano.specs -mfpu=fpv5-d16 -mfloat-abi=hard -mthumb -o "Drivers/STM32H7xx_HAL_Driver/Src/stm32h7xx_hal_rcc_ex.o"
arm-none-eabi-gcc "../Drivers/STM32H7xx_HAL_Driver/Src/stm32h7xx_hal_tim.c" -mcpu=cortex-m7 -std=gnu11 -g3 -DDEBUG -DUSE_HAL_DRIVER -DSTM32H743xx -c -I../Core/Inc -I"D:/Injun/Work/STM/H743IICT/Workspace/test/Core/BSP/Peri/Uart" -I"D:/Injun/Work/STM/H743IICT/Workspace/test/Core/BSP/Peri/ADC" -I"D:/Injun/Work/STM/H743IICT/Workspace/test/Core/BSP/Driver/DEBUG" -I"D:/Injun/Work/STM/H743IICT/Workspace/test/Core/BSP/Driver/ADC_Data" -I"D:/Injun/Work/STM/H743IICT/Workspace/test/Core/BSP/Peri" -I"D:/Injun/Work/STM/H743IICT/Workspace/test/Core/BSP" -I"D:/Injun/Work/STM/H743IICT/Workspace/test/Core/BSP/Driver" -I"D:/Injun/Work/STM/H743IICT/Workspace/test/Core/BSP/App" -I../Drivers/STM32H7xx_HAL_Driver/Inc -I../Drivers/STM32H7xx_HAL_Driver/Inc/Legacy -I../Drivers/CMSIS/Device/ST/STM32H7xx/Include -I../Drivers/CMSIS/Include -O0 -ffunction-sections -fdata-sections -Wall -fstack-usage -MMD -MP -MF"Drivers/STM32H7xx_HAL_Driver/Src/stm32h7xx_hal_tim.d" -MT"Drivers/STM32H7xx_HAL_Driver/Src/stm32h7xx_hal_tim.o" --specs=nano.specs -mfpu=fpv5-d16 -mfloat-abi=hard -mthumb -o "Drivers/STM32H7xx_HAL_Driver/Src/stm32h7xx_hal_tim.o"
arm-none-eabi-gcc "../Drivers/STM32H7xx_HAL_Driver/Src/stm32h7xx_hal_tim_ex.c" -mcpu=cortex-m7 -std=gnu11 -g3 -DDEBUG -DUSE_HAL_DRIVER -DSTM32H743xx -c -I../Core/Inc -I"D:/Injun/Work/STM/H743IICT/Workspace/test/Core/BSP/Peri/Uart" -I"D:/Injun/Work/STM/H743IICT/Workspace/test/Core/BSP/Peri/ADC" -I"D:/Injun/Work/STM/H743IICT/Workspace/test/Core/BSP/Driver/DEBUG" -I"D:/Injun/Work/STM/H743IICT/Workspace/test/Core/BSP/Driver/ADC_Data" -I"D:/Injun/Work/STM/H743IICT/Workspace/test/Core/BSP/Peri" -I"D:/Injun/Work/STM/H743IICT/Workspace/test/Core/BSP" -I"D:/Injun/Work/STM/H743IICT/Workspace/test/Core/BSP/Driver" -I"D:/Injun/Work/STM/H743IICT/Workspace/test/Core/BSP/App" -I../Drivers/STM32H7xx_HAL_Driver/Inc -I../Drivers/STM32H7xx_HAL_Driver/Inc/Legacy -I../Drivers/CMSIS/Device/ST/STM32H7xx/Include -I../Drivers/CMSIS/Include -O0 -ffunction-sections -fdata-sections -Wall -fstack-usage -MMD -MP -MF"Drivers/STM32H7xx_HAL_Driver/Src/stm32h7xx_hal_tim_ex.d" -MT"Drivers/STM32H7xx_HAL_Driver/Src/stm32h7xx_hal_tim_ex.o" --specs=nano.specs -mfpu=fpv5-d16 -mfloat-abi=hard -mthumb -o "Drivers/STM32H7xx_HAL_Driver/Src/stm32h7xx_hal_tim_ex.o"
arm-none-eabi-gcc "../Drivers/STM32H7xx_HAL_Driver/Src/stm32h7xx_hal_uart.c" -mcpu=cortex-m7 -std=gnu11 -g3 -DDEBUG -DUSE_HAL_DRIVER -DSTM32H743xx -c -I../Core/Inc -I"D:/Injun/Work/STM/H743IICT/Workspace/test/Core/BSP/Peri/Uart" -I"D:/Injun/Work/STM/H743IICT/Workspace/test/Core/BSP/Peri/ADC" -I"D:/Injun/Work/STM/H743IICT/Workspace/test/Core/BSP/Driver/DEBUG" -I"D:/Injun/Work/STM/H743IICT/Workspace/test/Core/BSP/Driver/ADC_Data" -I"D:/Injun/Work/STM/H743IICT/Workspace/test/Core/BSP/Peri" -I"D:/Injun/Work/STM/H743IICT/Workspace/test/Core/BSP" -I"D:/Injun/Work/STM/H743IICT/Workspace/test/Core/BSP/Driver" -I"D:/Injun/Work/STM/H743IICT/Workspace/test/Core/BSP/App" -I../Drivers/STM32H7xx_HAL_Driver/Inc -I../Drivers/STM32H7xx_HAL_Driver/Inc/Legacy -I../Drivers/CMSIS/Device/ST/STM32H7xx/Include -I../Drivers/CMSIS/Include -O0 -ffunction-sections -fdata-sections -Wall -fstack-usage -MMD -MP -MF"Drivers/STM32H7xx_HAL_Driver/Src/stm32h7xx_hal_uart.d" -MT"Drivers/STM32H7xx_HAL_Driver/Src/stm32h7xx_hal_uart.o" --specs=nano.specs -mfpu=fpv5-d16 -mfloat-abi=hard -mthumb -o "Drivers/STM32H7xx_HAL_Driver/Src/stm32h7xx_hal_uart.o"
arm-none-eabi-gcc "../Drivers/STM32H7xx_HAL_Driver/Src/stm32h7xx_hal_uart_ex.c" -mcpu=cortex-m7 -std=gnu11 -g3 -DDEBUG -DUSE_HAL_DRIVER -DSTM32H743xx -c -I../Core/Inc -I"D:/Injun/Work/STM/H743IICT/Workspace/test/Core/BSP/Peri/Uart" -I"D:/Injun/Work/STM/H743IICT/Workspace/test/Core/BSP/Peri/ADC" -I"D:/Injun/Work/STM/H743IICT/Workspace/test/Core/BSP/Driver/DEBUG" -I"D:/Injun/Work/STM/H743IICT/Workspace/test/Core/BSP/Driver/ADC_Data" -I"D:/Injun/Work/STM/H743IICT/Workspace/test/Core/BSP/Peri" -I"D:/Injun/Work/STM/H743IICT/Workspace/test/Core/BSP" -I"D:/Injun/Work/STM/H743IICT/Workspace/test/Core/BSP/Driver" -I"D:/Injun/Work/STM/H743IICT/Workspace/test/Core/BSP/App" -I../Drivers/STM32H7xx_HAL_Driver/Inc -I../Drivers/STM32H7xx_HAL_Driver/Inc/Legacy -I../Drivers/CMSIS/Device/ST/STM32H7xx/Include -I../Drivers/CMSIS/Include -O0 -ffunction-sections -fdata-sections -Wall -fstack-usage -MMD -MP -MF"Drivers/STM32H7xx_HAL_Driver/Src/stm32h7xx_hal_uart_ex.d" -MT"Drivers/STM32H7xx_HAL_Driver/Src/stm32h7xx_hal_uart_ex.o" --specs=nano.specs -mfpu=fpv5-d16 -mfloat-abi=hard -mthumb -o "Drivers/STM32H7xx_HAL_Driver/Src/stm32h7xx_hal_uart_ex.o"
arm-none-eabi-gcc "../Core/Src/adc.c" -mcpu=cortex-m7 -std=gnu11 -g3 -DDEBUG -DUSE_HAL_DRIVER -DSTM32H743xx -c -I../Core/Inc -I"D:/Injun/Work/STM/H743IICT/Workspace/test/Core/BSP/Peri/Uart" -I"D:/Injun/Work/STM/H743IICT/Workspace/test/Core/BSP/Peri/ADC" -I"D:/Injun/Work/STM/H743IICT/Workspace/test/Core/BSP/Driver/DEBUG" -I"D:/Injun/Work/STM/H743IICT/Workspace/test/Core/BSP/Driver/ADC_Data" -I"D:/Injun/Work/STM/H743IICT/Workspace/test/Core/BSP/Peri" -I"D:/Injun/Work/STM/H743IICT/Workspace/test/Core/BSP" -I"D:/Injun/Work/STM/H743IICT/Workspace/test/Core/BSP/Driver" -I"D:/Injun/Work/STM/H743IICT/Workspace/test/Core/BSP/App" -I../Drivers/STM32H7xx_HAL_Driver/Inc -I../Drivers/STM32H7xx_HAL_Driver/Inc/Legacy -I../Drivers/CMSIS/Device/ST/STM32H7xx/Include -I../Drivers/CMSIS/Include -O0 -ffunction-sections -fdata-sections -Wall -fstack-usage -MMD -MP -MF"Core/Src/adc.d" -MT"Core/Src/adc.o" --specs=nano.specs -mfpu=fpv5-d16 -mfloat-abi=hard -mthumb -o "Core/Src/adc.o"
arm-none-eabi-gcc "../Core/Src/dma.c" -mcpu=cortex-m7 -std=gnu11 -g3 -DDEBUG -DUSE_HAL_DRIVER -DSTM32H743xx -c -I../Core/Inc -I"D:/Injun/Work/STM/H743IICT/Workspace/test/Core/BSP/Peri/Uart" -I"D:/Injun/Work/STM/H743IICT/Workspace/test/Core/BSP/Peri/ADC" -I"D:/Injun/Work/STM/H743IICT/Workspace/test/Core/BSP/Driver/DEBUG" -I"D:/Injun/Work/STM/H743IICT/Workspace/test/Core/BSP/Driver/ADC_Data" -I"D:/Injun/Work/STM/H743IICT/Workspace/test/Core/BSP/Peri" -I"D:/Injun/Work/STM/H743IICT/Workspace/test/Core/BSP" -I"D:/Injun/Work/STM/H743IICT/Workspace/test/Core/BSP/Driver" -I"D:/Injun/Work/STM/H743IICT/Workspace/test/Core/BSP/App" -I../Drivers/STM32H7xx_HAL_Driver/Inc -I../Drivers/STM32H7xx_HAL_Driver/Inc/Legacy -I../Drivers/CMSIS/Device/ST/STM32H7xx/Include -I../Drivers/CMSIS/Include -O0 -ffunction-sections -fdata-sections -Wall -fstack-usage -MMD -MP -MF"Core/Src/dma.d" -MT"Core/Src/dma.o" --specs=nano.specs -mfpu=fpv5-d16 -mfloat-abi=hard -mthumb -o "Core/Src/dma.o"
arm-none-eabi-gcc "../Core/Src/gpio.c" -mcpu=cortex-m7 -std=gnu11 -g3 -DDEBUG -DUSE_HAL_DRIVER -DSTM32H743xx -c -I../Core/Inc -I"D:/Injun/Work/STM/H743IICT/Workspace/test/Core/BSP/Peri/Uart" -I"D:/Injun/Work/STM/H743IICT/Workspace/test/Core/BSP/Peri/ADC" -I"D:/Injun/Work/STM/H743IICT/Workspace/test/Core/BSP/Driver/DEBUG" -I"D:/Injun/Work/STM/H743IICT/Workspace/test/Core/BSP/Driver/ADC_Data" -I"D:/Injun/Work/STM/H743IICT/Workspace/test/Core/BSP/Peri" -I"D:/Injun/Work/STM/H743IICT/Workspace/test/Core/BSP" -I"D:/Injun/Work/STM/H743IICT/Workspace/test/Core/BSP/Driver" -I"D:/Injun/Work/STM/H743IICT/Workspace/test/Core/BSP/App" -I../Drivers/STM32H7xx_HAL_Driver/Inc -I../Drivers/STM32H7xx_HAL_Driver/Inc/Legacy -I../Drivers/CMSIS/Device/ST/STM32H7xx/Include -I../Drivers/CMSIS/Include -O0 -ffunction-sections -fdata-sections -Wall -fstack-usage -MMD -MP -MF"Core/Src/gpio.d" -MT"Core/Src/gpio.o" --specs=nano.specs -mfpu=fpv5-d16 -mfloat-abi=hard -mthumb -o "Core/Src/gpio.o"
arm-none-eabi-gcc "../Core/Src/main.c" -mcpu=cortex-m7 -std=gnu11 -g3 -DDEBUG -DUSE_HAL_DRIVER -DSTM32H743xx -c -I../Core/Inc -I"D:/Injun/Work/STM/H743IICT/Workspace/test/Core/BSP/Peri/Uart" -I"D:/Injun/Work/STM/H743IICT/Workspace/test/Core/BSP/Peri/ADC" -I"D:/Injun/Work/STM/H743IICT/Workspace/test/Core/BSP/Driver/DEBUG" -I"D:/Injun/Work/STM/H743IICT/Workspace/test/Core/BSP/Driver/ADC_Data" -I"D:/Injun/Work/STM/H743IICT/Workspace/test/Core/BSP/Peri" -I"D:/Injun/Work/STM/H743IICT/Workspace/test/Core/BSP" -I"D:/Injun/Work/STM/H743IICT/Workspace/test/Core/BSP/Driver" -I"D:/Injun/Work/STM/H743IICT/Workspace/test/Core/BSP/App" -I../Drivers/STM32H7xx_HAL_Driver/Inc -I../Drivers/STM32H7xx_HAL_Driver/Inc/Legacy -I../Drivers/CMSIS/Device/ST/STM32H7xx/Include -I../Drivers/CMSIS/Include -O0 -ffunction-sections -fdata-sections -Wall -fstack-usage -MMD -MP -MF"Core/Src/main.d" -MT"Core/Src/main.o" --specs=nano.specs -mfpu=fpv5-d16 -mfloat-abi=hard -mthumb -o "Core/Src/main.o"
arm-none-eabi-gcc "../Core/Src/stm32h7xx_hal_msp.c" -mcpu=cortex-m7 -std=gnu11 -g3 -DDEBUG -DUSE_HAL_DRIVER -DSTM32H743xx -c -I../Core/Inc -I"D:/Injun/Work/STM/H743IICT/Workspace/test/Core/BSP/Peri/Uart" -I"D:/Injun/Work/STM/H743IICT/Workspace/test/Core/BSP/Peri/ADC" -I"D:/Injun/Work/STM/H743IICT/Workspace/test/Core/BSP/Driver/DEBUG" -I"D:/Injun/Work/STM/H743IICT/Workspace/test/Core/BSP/Driver/ADC_Data" -I"D:/Injun/Work/STM/H743IICT/Workspace/test/Core/BSP/Peri" -I"D:/Injun/Work/STM/H743IICT/Workspace/test/Core/BSP" -I"D:/Injun/Work/STM/H743IICT/Workspace/test/Core/BSP/Driver" -I"D:/Injun/Work/STM/H743IICT/Workspace/test/Core/BSP/App" -I../Drivers/STM32H7xx_HAL_Driver/Inc -I../Drivers/STM32H7xx_HAL_Driver/Inc/Legacy -I../Drivers/CMSIS/Device/ST/STM32H7xx/Include -I../Drivers/CMSIS/Include -O0 -ffunction-sections -fdata-sections -Wall -fstack-usage -MMD -MP -MF"Core/Src/stm32h7xx_hal_msp.d" -MT"Core/Src/stm32h7xx_hal_msp.o" --specs=nano.specs -mfpu=fpv5-d16 -mfloat-abi=hard -mthumb -o "Core/Src/stm32h7xx_hal_msp.o"
arm-none-eabi-gcc "../Core/Src/stm32h7xx_it.c" -mcpu=cortex-m7 -std=gnu11 -g3 -DDEBUG -DUSE_HAL_DRIVER -DSTM32H743xx -c -I../Core/Inc -I"D:/Injun/Work/STM/H743IICT/Workspace/test/Core/BSP/Peri/Uart" -I"D:/Injun/Work/STM/H743IICT/Workspace/test/Core/BSP/Peri/ADC" -I"D:/Injun/Work/STM/H743IICT/Workspace/test/Core/BSP/Driver/DEBUG" -I"D:/Injun/Work/STM/H743IICT/Workspace/test/Core/BSP/Driver/ADC_Data" -I"D:/Injun/Work/STM/H743IICT/Workspace/test/Core/BSP/Peri" -I"D:/Injun/Work/STM/H743IICT/Workspace/test/Core/BSP" -I"D:/Injun/Work/STM/H743IICT/Workspace/test/Core/BSP/Driver" -I"D:/Injun/Work/STM/H743IICT/Workspace/test/Core/BSP/App" -I../Drivers/STM32H7xx_HAL_Driver/Inc -I../Drivers/STM32H7xx_HAL_Driver/Inc/Legacy -I../Drivers/CMSIS/Device/ST/STM32H7xx/Include -I../Drivers/CMSIS/Include -O0 -ffunction-sections -fdata-sections -Wall -fstack-usage -MMD -MP -MF"Core/Src/stm32h7xx_it.d" -MT"Core/Src/stm32h7xx_it.o" --specs=nano.specs -mfpu=fpv5-d16 -mfloat-abi=hard -mthumb -o "Core/Src/stm32h7xx_it.o"
arm-none-eabi-gcc "../Core/Src/system_stm32h7xx.c" -mcpu=cortex-m7 -std=gnu11 -g3 -DDEBUG -DUSE_HAL_DRIVER -DSTM32H743xx -c -I../Core/Inc -I"D:/Injun/Work/STM/H743IICT/Workspace/test/Core/BSP/Peri/Uart" -I"D:/Injun/Work/STM/H743IICT/Workspace/test/Core/BSP/Peri/ADC" -I"D:/Injun/Work/STM/H743IICT/Workspace/test/Core/BSP/Driver/DEBUG" -I"D:/Injun/Work/STM/H743IICT/Workspace/test/Core/BSP/Driver/ADC_Data" -I"D:/Injun/Work/STM/H743IICT/Workspace/test/Core/BSP/Peri" -I"D:/Injun/Work/STM/H743IICT/Workspace/test/Core/BSP" -I"D:/Injun/Work/STM/H743IICT/Workspace/test/Core/BSP/Driver" -I"D:/Injun/Work/STM/H743IICT/Workspace/test/Core/BSP/App" -I../Drivers/STM32H7xx_HAL_Driver/Inc -I../Drivers/STM32H7xx_HAL_Driver/Inc/Legacy -I../Drivers/CMSIS/Device/ST/STM32H7xx/Include -I../Drivers/CMSIS/Include -O0 -ffunction-sections -fdata-sections -Wall -fstack-usage -MMD -MP -MF"Core/Src/system_stm32h7xx.d" -MT"Core/Src/system_stm32h7xx.o" --specs=nano.specs -mfpu=fpv5-d16 -mfloat-abi=hard -mthumb -o "Core/Src/system_stm32h7xx.o"
arm-none-eabi-gcc "../Core/Src/usart.c" -mcpu=cortex-m7 -std=gnu11 -g3 -DDEBUG -DUSE_HAL_DRIVER -DSTM32H743xx -c -I../Core/Inc -I"D:/Injun/Work/STM/H743IICT/Workspace/test/Core/BSP/Peri/Uart" -I"D:/Injun/Work/STM/H743IICT/Workspace/test/Core/BSP/Peri/ADC" -I"D:/Injun/Work/STM/H743IICT/Workspace/test/Core/BSP/Driver/DEBUG" -I"D:/Injun/Work/STM/H743IICT/Workspace/test/Core/BSP/Driver/ADC_Data" -I"D:/Injun/Work/STM/H743IICT/Workspace/test/Core/BSP/Peri" -I"D:/Injun/Work/STM/H743IICT/Workspace/test/Core/BSP" -I"D:/Injun/Work/STM/H743IICT/Workspace/test/Core/BSP/Driver" -I"D:/Injun/Work/STM/H743IICT/Workspace/test/Core/BSP/App" -I../Drivers/STM32H7xx_HAL_Driver/Inc -I../Drivers/STM32H7xx_HAL_Driver/Inc/Legacy -I../Drivers/CMSIS/Device/ST/STM32H7xx/Include -I../Drivers/CMSIS/Include -O0 -ffunction-sections -fdata-sections -Wall -fstack-usage -MMD -MP -MF"Core/Src/usart.d" -MT"Core/Src/usart.o" --specs=nano.specs -mfpu=fpv5-d16 -mfloat-abi=hard -mthumb -o "Core/Src/usart.o"
arm-none-eabi-gcc "../Core/BSP/Peri/Uart/Peri_Uart.c" -mcpu=cortex-m7 -std=gnu11 -g3 -DDEBUG -DUSE_HAL_DRIVER -DSTM32H743xx -c -I../Core/Inc -I"D:/Injun/Work/STM/H743IICT/Workspace/test/Core/BSP" -I"D:/Injun/Work/STM/H743IICT/Workspace/test/Core/BSP/Peri" -I"D:/Injun/Work/STM/H743IICT/Workspace/test/Core/BSP/Driver" -I"D:/Injun/Work/STM/H743IICT/Workspace/test/Core/BSP/App" -I../Drivers/STM32H7xx_HAL_Driver/Inc -I../Drivers/STM32H7xx_HAL_Driver/Inc/Legacy -I../Drivers/CMSIS/Device/ST/STM32H7xx/Include -I../Drivers/CMSIS/Include -O0 -ffunction-sections -fdata-sections -Wall -fstack-usage -MMD -MP -MF"Core/BSP/Peri/Uart/Peri_Uart.d" -MT"Core/BSP/Peri/Uart/Peri_Uart.o" --specs=nano.specs -mfpu=fpv5-d16 -mfloat-abi=hard -mthumb -o "Core/BSP/Peri/Uart/Peri_Uart.o"
arm-none-eabi-gcc "../Core/BSP/Peri/ADC/Peri_Adc.c" -mcpu=cortex-m7 -std=gnu11 -g3 -DDEBUG -DUSE_HAL_DRIVER -DSTM32H743xx -c -I../Core/Inc -I"D:/Injun/Work/STM/H743IICT/Workspace/test/Core/BSP" -I"D:/Injun/Work/STM/H743IICT/Workspace/test/Core/BSP/Peri" -I"D:/Injun/Work/STM/H743IICT/Workspace/test/Core/BSP/Driver" -I"D:/Injun/Work/STM/H743IICT/Workspace/test/Core/BSP/App" -I../Drivers/STM32H7xx_HAL_Driver/Inc -I../Drivers/STM32H7xx_HAL_Driver/Inc/Legacy -I../Drivers/CMSIS/Device/ST/STM32H7xx/Include -I../Drivers/CMSIS/Include -O0 -ffunction-sections -fdata-sections -Wall -fstack-usage -MMD -MP -MF"Core/BSP/Peri/ADC/Peri_Adc.d" -MT"Core/BSP/Peri/ADC/Peri_Adc.o" --specs=nano.specs -mfpu=fpv5-d16 -mfloat-abi=hard -mthumb -o "Core/BSP/Peri/ADC/Peri_Adc.o"
arm-none-eabi-gcc "../Core/BSP/Driver/DEBUG/debug.c" -mcpu=cortex-m7 -std=gnu11 -g3 -DDEBUG -DUSE_HAL_DRIVER -DSTM32H743xx -c -I../Core/Inc -I"D:/Injun/Work/STM/H743IICT/Workspace/test/Core/BSP" -I"D:/Injun/Work/STM/H743IICT/Workspace/test/Core/BSP/Peri" -I"D:/Injun/Work/STM/H743IICT/Workspace/test/Core/BSP/Driver" -I"D:/Injun/Work/STM/H743IICT/Workspace/test/Core/BSP/App" -I../Drivers/STM32H7xx_HAL_Driver/Inc -I../Drivers/STM32H7xx_HAL_Driver/Inc/Legacy -I../Drivers/CMSIS/Device/ST/STM32H7xx/Include -I../Drivers/CMSIS/Include -O0 -ffunction-sections -fdata-sections -Wall -fstack-usage -MMD -MP -MF"Core/BSP/Driver/DEBUG/debug.d" -MT"Core/BSP/Driver/DEBUG/debug.o" --specs=nano.specs -mfpu=fpv5-d16 -mfloat-abi=hard -mthumb -o "Core/BSP/Driver/DEBUG/debug.o"
arm-none-eabi-gcc "../Core/BSP/Driver/ADC_Data/ADC_Data.c" -mcpu=cortex-m7 -std=gnu11 -g3 -DDEBUG -DUSE_HAL_DRIVER -DSTM32H743xx -c -I../Core/Inc -I"D:/Injun/Work/STM/H743IICT/Workspace/test/Core/BSP" -I"D:/Injun/Work/STM/H743IICT/Workspace/test/Core/BSP/Peri" -I"D:/Injun/Work/STM/H743IICT/Workspace/test/Core/BSP/Driver" -I"D:/Injun/Work/STM/H743IICT/Workspace/test/Core/BSP/App" -I../Drivers/STM32H7xx_HAL_Driver/Inc -I../Drivers/STM32H7xx_HAL_Driver/Inc/Legacy -I../Drivers/CMSIS/Device/ST/STM32H7xx/Include -I../Drivers/CMSIS/Include -O0 -ffunction-sections -fdata-sections -Wall -fstack-usage -MMD -MP -MF"Core/BSP/Driver/ADC_Data/ADC_Data.d" -MT"Core/BSP/Driver/ADC_Data/ADC_Data.o" --specs=nano.specs -mfpu=fpv5-d16 -mfloat-abi=hard -mthumb -o "Core/BSP/Driver/ADC_Data/ADC_Data.o"
../Core/BSP/Driver/ADC_Data/ADC_Data.c: In function 'Driver_ADC_DMA_Test':
../Core/BSP/Driver/ADC_Data/ADC_Data.c:40:54: warning: passing argument 3 of 'Peri_Adc_DMA_Get' from incompatible pointer type [-Wincompatible-pointer-types]
   40 |  Peri_Adc_DMA_Get(USE_ADC_PORT, (uint32_t*)adc_test, buf, 2);
      |                                                      ^~~
      |                                                      |
      |                                                      uint16_t * {aka short unsigned int *}
In file included from ../Core/BSP/Driver/ADC_Data/ADC_Data.c:8:
D:/Injun/Work/STM/H743IICT/Workspace/test/Core/BSP/Peri/ADC/Peri_Adc.h:35:83: note: expected 'uint32_t *' {aka 'long unsigned int *'} but argument is of type 'uint16_t *' {aka 'short unsigned int *'}
   35 | extern void Peri_Adc_DMA_Get(ADC_HandleTypeDef* adcHandle,uint32_t *src,uint32_t *dst, uint8_t len);
      |                                                                         ~~~~~~~~~~^~~
At top level:
../Core/BSP/Driver/ADC_Data/ADC_Data.c:24:13: warning: 'Driver_ADC_Polling_Test' defined but not used [-Wunused-function]
   24 | static void Driver_ADC_Polling_Test(void)
      |             ^~~~~~~~~~~~~~~~~~~~~~~
arm-none-eabi-gcc -o "test.elf" @"objects.list"   -mcpu=cortex-m7 -T"D:\Injun\Work\STM\H743IICT\Workspace\test\STM32H743IITX_FLASH.ld" --specs=nosys.specs -Wl,-Map="test.map" -Wl,--gc-sections -static --specs=nano.specs -mfpu=fpv5-d16 -mfloat-abi=hard -mthumb -Wl,--start-group -lc -lm -Wl,--end-group
Finished building target: test.elf
 
arm-none-eabi-size   test.elf 
arm-none-eabi-objdump -h -S  test.elf  > "test.list"
arm-none-eabi-objcopy  -O binary  test.elf  "test.bin"
   text	   data	    bss	    dec	    hex	filename
  46912	    124	   8620	  55656	   d968	test.elf
Finished building: default.size.stdout
 
Finished building: test.bin
 
Finished building: test.list
 

03:40:19 Build Finished. 0 errors, 2 warnings. (took 40s.722ms)

