00:50:59 **** Incremental Build of configuration Debug for project test ****
make -j8 all 
arm-none-eabi-gcc "../Core/BSP/Peri/I2C/Peri_I2c.c" -mcpu=cortex-m7 -std=gnu11 -g3 -DDEBUG -DUSE_HAL_DRIVER -DSTM32H743xx -c -I../Core/Inc -I"D:/Injun/Work/STM/H743IICT/Workspace/test/Core/BSP" -I"D:/Injun/Work/STM/H743IICT/Workspace/test/Core/BSP/Peri" -I"D:/Injun/Work/STM/H743IICT/Workspace/test/Core/BSP/Driver" -I"D:/Injun/Work/STM/H743IICT/Workspace/test/Core/BSP/App" -I../Drivers/STM32H7xx_HAL_Driver/Inc -I../Drivers/STM32H7xx_HAL_Driver/Inc/Legacy -I../Drivers/CMSIS/Device/ST/STM32H7xx/Include -I../Drivers/CMSIS/Include -O0 -ffunction-sections -fdata-sections -Wall -fstack-usage -MMD -MP -MF"Core/BSP/Peri/I2C/Peri_I2c.d" -MT"Core/BSP/Peri/I2C/Peri_I2c.o" --specs=nano.specs -mfpu=fpv5-d16 -mfloat-abi=hard -mthumb -o "Core/BSP/Peri/I2C/Peri_I2c.o"
../Core/BSP/Peri/I2C/Peri_I2c.c: In function 'Peri_I2C_Status':
../Core/BSP/Peri/I2C/Peri_I2c.c:167:11: warning: variable 'Error_Result' set but not used [-Wunused-but-set-variable]
  167 |  uint32_t Error_Result=0;
      |           ^~~~~~~~~~~~
../Core/BSP/Peri/I2C/Peri_I2c.c:166:22: warning: variable 'mode' set but not used [-Wunused-but-set-variable]
  166 |  HAL_I2C_ModeTypeDef mode=0;
      |                      ^~~~
../Core/BSP/Peri/I2C/Peri_I2c.c:165:23: warning: variable 'status' set but not used [-Wunused-but-set-variable]
  165 |  HAL_I2C_StateTypeDef status=0;
      |                       ^~~~~~
arm-none-eabi-gcc -o "test.elf" @"objects.list"   -mcpu=cortex-m7 -T"D:\Injun\Work\STM\H743IICT\Workspace\test\STM32H743IITX_FLASH.ld" --specs=nosys.specs -Wl,-Map="test.map" -Wl,--gc-sections -static --specs=nano.specs -mfpu=fpv5-d16 -mfloat-abi=hard -mthumb -Wl,--start-group -lc -lm -Wl,--end-group
Finished building target: test.elf
 
arm-none-eabi-size   test.elf 
arm-none-eabi-objdump -h -S  test.elf  > "test.list"
arm-none-eabi-objcopy  -O binary  test.elf  "test.bin"
   text	   data	    bss	    dec	    hex	filename
  32056	     24	   8664	  40744	   9f28	test.elf
Finished building: default.size.stdout
 
Finished building: test.bin
 
Finished building: test.list
 

00:51:02 Build Finished. 0 errors, 3 warnings. (took 2s.298ms)

