Archive member included to satisfy reference by file (symbol)

d:/st/stm32cubeide_1.8.0/stm32cubeide/plugins/com.st.stm32cube.ide.mcu.externaltools.gnu-tools-for-stm32.9-2020-q2-update.win32_2.0.0.202105311346/tools/bin/../lib/gcc/arm-none-eabi/9.3.1/../../../../arm-none-eabi/lib/thumb/v7e-m+dp/hard\libc_nano.a(lib_a-errno.o)
                              ./Core/Src/syscalls.o (__errno)
d:/st/stm32cubeide_1.8.0/stm32cubeide/plugins/com.st.stm32cube.ide.mcu.externaltools.gnu-tools-for-stm32.9-2020-q2-update.win32_2.0.0.202105311346/tools/bin/../lib/gcc/arm-none-eabi/9.3.1/../../../../arm-none-eabi/lib/thumb/v7e-m+dp/hard\libc_nano.a(lib_a-exit.o)
                              d:/st/stm32cubeide_1.8.0/stm32cubeide/plugins/com.st.stm32cube.ide.mcu.externaltools.gnu-tools-for-stm32.9-2020-q2-update.win32_2.0.0.202105311346/tools/bin/../lib/gcc/arm-none-eabi/9.3.1/../../../../arm-none-eabi/lib/thumb/v7e-m+dp/hard/crt0.o (exit)
d:/st/stm32cubeide_1.8.0/stm32cubeide/plugins/com.st.stm32cube.ide.mcu.externaltools.gnu-tools-for-stm32.9-2020-q2-update.win32_2.0.0.202105311346/tools/bin/../lib/gcc/arm-none-eabi/9.3.1/../../../../arm-none-eabi/lib/thumb/v7e-m+dp/hard\libc_nano.a(lib_a-fflush.o)
                              ./Core/BSP/Driver/DEBUG/debug.o (fflush)
d:/st/stm32cubeide_1.8.0/stm32cubeide/plugins/com.st.stm32cube.ide.mcu.externaltools.gnu-tools-for-stm32.9-2020-q2-update.win32_2.0.0.202105311346/tools/bin/../lib/gcc/arm-none-eabi/9.3.1/../../../../arm-none-eabi/lib/thumb/v7e-m+dp/hard\libc_nano.a(lib_a-findfp.o)
                              d:/st/stm32cubeide_1.8.0/stm32cubeide/plugins/com.st.stm32cube.ide.mcu.externaltools.gnu-tools-for-stm32.9-2020-q2-update.win32_2.0.0.202105311346/tools/bin/../lib/gcc/arm-none-eabi/9.3.1/../../../../arm-none-eabi/lib/thumb/v7e-m+dp/hard\libc_nano.a(lib_a-fflush.o) (__sinit)
d:/st/stm32cubeide_1.8.0/stm32cubeide/plugins/com.st.stm32cube.ide.mcu.externaltools.gnu-tools-for-stm32.9-2020-q2-update.win32_2.0.0.202105311346/tools/bin/../lib/gcc/arm-none-eabi/9.3.1/../../../../arm-none-eabi/lib/thumb/v7e-m+dp/hard\libc_nano.a(lib_a-fwalk.o)
                              d:/st/stm32cubeide_1.8.0/stm32cubeide/plugins/com.st.stm32cube.ide.mcu.externaltools.gnu-tools-for-stm32.9-2020-q2-update.win32_2.0.0.202105311346/tools/bin/../lib/gcc/arm-none-eabi/9.3.1/../../../../arm-none-eabi/lib/thumb/v7e-m+dp/hard\libc_nano.a(lib_a-findfp.o) (_fwalk)
d:/st/stm32cubeide_1.8.0/stm32cubeide/plugins/com.st.stm32cube.ide.mcu.externaltools.gnu-tools-for-stm32.9-2020-q2-update.win32_2.0.0.202105311346/tools/bin/../lib/gcc/arm-none-eabi/9.3.1/../../../../arm-none-eabi/lib/thumb/v7e-m+dp/hard\libc_nano.a(lib_a-impure.o)
                              d:/st/stm32cubeide_1.8.0/stm32cubeide/plugins/com.st.stm32cube.ide.mcu.externaltools.gnu-tools-for-stm32.9-2020-q2-update.win32_2.0.0.202105311346/tools/bin/../lib/gcc/arm-none-eabi/9.3.1/../../../../arm-none-eabi/lib/thumb/v7e-m+dp/hard\libc_nano.a(lib_a-exit.o) (_global_impure_ptr)
d:/st/stm32cubeide_1.8.0/stm32cubeide/plugins/com.st.stm32cube.ide.mcu.externaltools.gnu-tools-for-stm32.9-2020-q2-update.win32_2.0.0.202105311346/tools/bin/../lib/gcc/arm-none-eabi/9.3.1/../../../../arm-none-eabi/lib/thumb/v7e-m+dp/hard\libc_nano.a(lib_a-init.o)
                              d:/st/stm32cubeide_1.8.0/stm32cubeide/plugins/com.st.stm32cube.ide.mcu.externaltools.gnu-tools-for-stm32.9-2020-q2-update.win32_2.0.0.202105311346/tools/bin/../lib/gcc/arm-none-eabi/9.3.1/../../../../arm-none-eabi/lib/thumb/v7e-m+dp/hard/crt0.o (__libc_init_array)
d:/st/stm32cubeide_1.8.0/stm32cubeide/plugins/com.st.stm32cube.ide.mcu.externaltools.gnu-tools-for-stm32.9-2020-q2-update.win32_2.0.0.202105311346/tools/bin/../lib/gcc/arm-none-eabi/9.3.1/../../../../arm-none-eabi/lib/thumb/v7e-m+dp/hard\libc_nano.a(lib_a-lock.o)
                              d:/st/stm32cubeide_1.8.0/stm32cubeide/plugins/com.st.stm32cube.ide.mcu.externaltools.gnu-tools-for-stm32.9-2020-q2-update.win32_2.0.0.202105311346/tools/bin/../lib/gcc/arm-none-eabi/9.3.1/../../../../arm-none-eabi/lib/thumb/v7e-m+dp/hard\libc_nano.a(lib_a-findfp.o) (__retarget_lock_init_recursive)
d:/st/stm32cubeide_1.8.0/stm32cubeide/plugins/com.st.stm32cube.ide.mcu.externaltools.gnu-tools-for-stm32.9-2020-q2-update.win32_2.0.0.202105311346/tools/bin/../lib/gcc/arm-none-eabi/9.3.1/../../../../arm-none-eabi/lib/thumb/v7e-m+dp/hard\libc_nano.a(lib_a-memset.o)
                              d:/st/stm32cubeide_1.8.0/stm32cubeide/plugins/com.st.stm32cube.ide.mcu.externaltools.gnu-tools-for-stm32.9-2020-q2-update.win32_2.0.0.202105311346/tools/bin/../lib/gcc/arm-none-eabi/9.3.1/../../../../arm-none-eabi/lib/thumb/v7e-m+dp/hard/crt0.o (memset)
d:/st/stm32cubeide_1.8.0/stm32cubeide/plugins/com.st.stm32cube.ide.mcu.externaltools.gnu-tools-for-stm32.9-2020-q2-update.win32_2.0.0.202105311346/tools/bin/../lib/gcc/arm-none-eabi/9.3.1/../../../../arm-none-eabi/lib/thumb/v7e-m+dp/hard\libc_nano.a(lib_a-nano-freer.o)
[...]
Memory Configuration

Name             Origin             Length             Attributes
FLASH            0x0000000008000000 0x0000000000200000 xr
DTCMRAM          0x0000000020000000 0x0000000000020000 xrw
RAM_D1           0x0000000024000000 0x0000000000080000 xrw
RAM_D2           0x0000000030000000 0x0000000000048000 xrw
RAM_D3           0x0000000038000000 0x0000000000010000 xrw
ITCMRAM          0x0000000000000000 0x0000000000010000 xrw
*default*        0x0000000000000000 0xffffffffffffffff

Linker script and memory map

LOAD d:/st/stm32cubeide_1.8.0/stm32cubeide/plugins/com.st.stm32cube.ide.mcu.externaltools.gnu-tools-for-stm32.9-2020-q2-update.win32_2.0.0.202105311346/tools/bin/../lib/gcc/arm-none-eabi/9.3.1/thumb/v7e-m+dp/hard/crti.o
LOAD d:/st/stm32cubeide_1.8.0/stm32cubeide/plugins/com.st.stm32cube.ide.mcu.externaltools.gnu-tools-for-stm32.9-2020-q2-update.win32_2.0.0.202105311346/tools/bin/../lib/gcc/arm-none-eabi/9.3.1/thumb/v7e-m+dp/hard/crtbegin.o
LOAD d:/st/stm32cubeide_1.8.0/stm32cubeide/plugins/com.st.stm32cube.ide.mcu.externaltools.gnu-tools-for-stm32.9-2020-q2-update.win32_2.0.0.202105311346/tools/bin/../lib/gcc/arm-none-eabi/9.3.1/../../../../arm-none-eabi/lib/thumb/v7e-m+dp/hard/crt0.o
LOAD ./Core/BSP/App/User_App.o
LOAD ./Core/BSP/BSP.o
LOAD ./Core/BSP/Driver/ADC_Data/ADC_Data.o
LOAD ./Core/BSP/Driver/DEBUG/debug.o
LOAD ./Core/BSP/Driver/Driver.o
LOAD ./Core/BSP/Peri/ADC/Peri_Adc.o
LOAD ./Core/BSP/Peri/I2C/Peri_I2c.o
LOAD ./Core/BSP/Peri/I2S/Peri_I2s.o
LOAD ./Core/BSP/Peri/SPI/Peri_Spi.o
LOAD ./Core/BSP/Peri/Uart/Peri_Uart.o
LOAD ./Core/Src/gpio.o
LOAD ./Core/Src/i2c.o
LOAD ./Core/Src/i2s.o
LOAD ./Core/Src/main.o
LOAD ./Core/Src/spi.o
LOAD ./Core/Src/stm32h7xx_hal_msp.o
LOAD ./Core/Src/stm32h7xx_it.o
LOAD ./Core/Src/syscalls.o
LOAD ./Core/Src/sysmem.o
LOAD ./Core/Src/system_stm32h7xx.o
LOAD ./Core/Src/usart.o
LOAD ./Core/Startup/startup_stm32h743iitx.o
LOAD ./Drivers/STM32H7xx_HAL_Driver/Src/stm32h7xx_hal.o
LOAD ./Drivers/STM32H7xx_HAL_Driver/Src/stm32h7xx_hal_cortex.o
LOAD ./Drivers/STM32H7xx_HAL_Driver/Src/stm32h7xx_hal_dma.o
LOAD ./Drivers/STM32H7xx_HAL_Driver/Src/stm32h7xx_hal_dma_ex.o
LOAD ./Drivers/STM32H7xx_HAL_Driver/Src/stm32h7xx_hal_exti.o
LOAD ./Drivers/STM32H7xx_HAL_Driver/Src/stm32h7xx_hal_flash.o
LOAD ./Drivers/STM32H7xx_HAL_Driver/Src/stm32h7xx_hal_flash_ex.o
LOAD ./Drivers/STM32H7xx_HAL_Driver/Src/stm32h7xx_hal_gpio.o
LOAD ./Drivers/STM32H7xx_HAL_Driver/Src/stm32h7xx_hal_hsem.o
LOAD ./Drivers/STM32H7xx_HAL_Driver/Src/stm32h7xx_hal_i2c.o
LOAD ./Drivers/STM32H7xx_HAL_Driver/Src/stm32h7xx_hal_i2c_ex.o
LOAD ./Drivers/STM32H7xx_HAL_Driver/Src/stm32h7xx_hal_i2s.o
LOAD ./Drivers/STM32H7xx_HAL_Driver/Src/stm32h7xx_hal_i2s_ex.o
LOAD ./Drivers/STM32H7xx_HAL_Driver/Src/stm32h7xx_hal_mdma.o
LOAD ./Drivers/STM32H7xx_HAL_Driver/Src/stm32h7xx_hal_pwr.o
LOAD ./Drivers/STM32H7xx_HAL_Driver/Src/stm32h7xx_hal_pwr_ex.o
LOAD ./Drivers/STM32H7xx_HAL_Driver/Src/stm32h7xx_hal_rcc.o
LOAD ./Drivers/STM32H7xx_HAL_Driver/Src/stm32h7xx_hal_rcc_ex.o
LOAD ./Drivers/STM32H7xx_HAL_Driver/Src/stm32h7xx_hal_spi.o
LOAD ./Drivers/STM32H7xx_HAL_Driver/Src/stm32h7xx_hal_spi_ex.o
LOAD ./Drivers/STM32H7xx_HAL_Driver/Src/stm32h7xx_hal_tim.o
LOAD ./Drivers/STM32H7xx_HAL_Driver/Src/stm32h7xx_hal_tim_ex.o
LOAD ./Drivers/STM32H7xx_HAL_Driver/Src/stm32h7xx_hal_uart.o
LOAD ./Drivers/STM32H7xx_HAL_Driver/Src/stm32h7xx_hal_uart_ex.o
START GROUP
LOAD d:/st/stm32cubeide_1.8.0/stm32cubeide/plugins/com.st.stm32cube.ide.mcu.externaltools.gnu-tools-for-stm32.9-2020-q2-update.win32_2.0.0.202105311346/tools/bin/../lib/gcc/arm-none-eabi/9.3.1/../../../../arm-none-eabi/lib/thumb/v7e-m+dp/hard\libc_nano.a
LOAD d:/st/stm32cubeide_1.8.0/stm32cubeide/plugins/com.st.stm32cube.ide.mcu.externaltools.gnu-tools-for-stm32.9-2020-q2-update.win32_2.0.0.202105311346/tools/bin/../lib/gcc/arm-none-eabi/9.3.1/../../../../arm-none-eabi/lib/thumb/v7e-m+dp/hard\libm.a
END GROUP
START GROUP
LOAD d:/st/stm32cubeide_1.8.0/stm32cubeide/plugins/com.st.stm32cube.ide.mcu.externaltools.gnu-tools-for-stm32.9-2020-q2-update.win32_2.0.0.202105311346/tools/bin/../lib/gcc/arm-none-eabi/9.3.1/thumb/v7e-m+dp/hard\libgcc.a
LOAD d:/st/stm32cubeide_1.8.0/stm32cubeide/plugins/com.st.stm32cube.ide.mcu.externaltools.gnu-tools-for-stm32.9-2020-q2-update.win32_2.0.0.202105311346/tools/bin/../lib/gcc/arm-none-eabi/9.3.1/../../../../arm-none-eabi/lib/thumb/v7e-m+dp/hard\libc_nano.a
END GROUP
START GROUP
LOAD d:/st/stm32cubeide_1.8.0/stm32cubeide/plugins/com.st.stm32cube.ide.mcu.externaltools.gnu-tools-for-stm32.9-2020-q2-update.win32_2.0.0.202105311346/tools/bin/../lib/gcc/arm-none-eabi/9.3.1/thumb/v7e-m+dp/hard\libgcc.a
LOAD d:/st/stm32cubeide_1.8.0/stm32cubeide/plugins/com.st.stm32cube.ide.mcu.externaltools.gnu-tools-for-stm32.9-2020-q2-update.win32_2.0.0.202105311346/tools/bin/../lib/gcc/arm-none-eabi/9.3.1/../../../../arm-none-eabi/lib/thumb/v7e-m+dp/hard\libc_nano.a
LOAD d:/st/stm32cubeide_1.8.0/stm32cubeide/plugins/com.st.stm32cube.ide.mcu.externaltools.gnu-tools-for-stm32.9-2020-q2-update.win32_2.0.0.202105311346/tools/bin/../lib/gcc/arm-none-eabi/9.3.1/../../../../arm-none-eabi/lib/thumb/v7e-m+dp/hard\libnosys.a
END GROUP
START GROUP
LOAD d:/st/stm32cubeide_1.8.0/stm32cubeide/plugins/com.st.stm32cube.ide.mcu.externaltools.gnu-tools-for-stm32.9-2020-q2-update.win32_2.0.0.202105311346/tools/bin/../lib/gcc/arm-none-eabi/9.3.1/thumb/v7e-m+dp/hard\libgcc.a
LOAD d:/st/stm32cubeide_1.8.0/stm32cubeide/plugins/com.st.stm32cube.ide.mcu.externaltools.gnu-tools-for-stm32.9-2020-q2-update.win32_2.0.0.202105311346/tools/bin/../lib/gcc/arm-none-eabi/9.3.1/../../../../arm-none-eabi/lib/thumb/v7e-m+dp/hard\libc_nano.a
LOAD d:/st/stm32cubeide_1.8.0/stm32cubeide/plugins/com.st.stm32cube.ide.mcu.externaltools.gnu-tools-for-stm32.9-2020-q2-update.win32_2.0.0.202105311346/tools/bin/../lib/gcc/arm-none-eabi/9.3.1/../../../../arm-none-eabi/lib/thumb/v7e-m+dp/hard\libnosys.a
END GROUP
LOAD d:/st/stm32cubeide_1.8.0/stm32cubeide/plugins/com.st.stm32cube.ide.mcu.externaltools.gnu-tools-for-stm32.9-2020-q2-update.win32_2.0.0.202105311346/tools/bin/../lib/gcc/arm-none-eabi/9.3.1/thumb/v7e-m+dp/hard/crtend.o
LOAD d:/st/stm32cubeide_1.8.0/stm32cubeide/plugins/com.st.stm32cube.ide.mcu.externaltools.gnu-tools-for-stm32.9-2020-q2-update.win32_2.0.0.202105311346/tools/bin/../lib/gcc/arm-none-eabi/9.3.1/thumb/v7e-m+dp/hard/crtn.o
                0x0000000024080000                _estack = (ORIGIN (RAM_D1) + LENGTH (RAM_D1))
                0x0000000000001000                _Min_Heap_Size = 0x1000
                0x0000000000001000                _Min_Stack_Size = 0x1000

.isr_vector     0x0000000008000000      0x298
                0x0000000008000000                . = ALIGN (0x4)
 *(.isr_vector)
 .isr_vector    0x0000000008000000      0x298 ./Core/Startup/startup_stm32h743iitx.o
                0x0000000008000000                g_pfnVectors
                0x0000000008000298                . = ALIGN (0x4)

.text           0x0000000008000298     0x7a60
                0x0000000008000298                . = ALIGN (0x4)
 *(.text)
 .text          0x0000000008000298       0x40 d:/st/stm32cubeide_1.8.0/stm32cubeide/plugins/com.st.stm32cube.ide.mcu.externaltools.gnu-tools-for-stm32.9-2020-q2-update.win32_2.0.0.202105311346/tools/bin/../lib/gcc/arm-none-eabi/9.3.1/thumb/v7e-m+dp/hard/crtbegin.o
 .text          0x00000000080002d8       0x30 d:/st/stm32cubeide_1.8.0/stm32cubeide/plugins/com.st.stm32cube.ide.mcu.externaltools.gnu-tools-for-stm32.9-2020-q2-update.win32_2.0.0.202105311346/tools/bin/../lib/gcc/arm-none-eabi/9.3.1/thumb/v7e-m+dp/hard\libgcc.a(_aeabi_uldivmod.o)
                0x00000000080002d8                __aeabi_uldivmod
 .text          0x0000000008000308      0x2c4 d:/st/stm32cubeide_1.8.0/stm32cubeide/plugins/com.st.stm32cube.ide.mcu.externaltools.gnu-tools-for-stm32.9-2020-q2-update.win32_2.0.0.202105311346/tools/bin/../lib/gcc/arm-none-eabi/9.3.1/thumb/v7e-m+dp/hard\libgcc.a(_udivmoddi4.o)
                0x0000000008000308                __udivmoddi4
 .text          0x00000000080005cc        0x4 d:/st/stm32cubeide_1.8.0/stm32cubeide/plugins/com.st.stm32cube.ide.mcu.externaltools.gnu-tools-for-stm32.9-2020-q2-update.win32_2.0.0.202105311346/tools/bin/../lib/gcc/arm-none-eabi/9.3.1/thumb/v7e-m+dp/hard\libgcc.a(_dvmd_tls.o)
                0x00000000080005cc                __aeabi_idiv0
                0x00000000080005cc                __aeabi_ldiv0
 *(.text*)
 .text.User_BSP_Init
                0x00000000080005d0        0xc ./Core/BSP/BSP.o
                0x00000000080005d0                User_BSP_Init
 .text.Driver_ADC_Test_Task
                0x00000000080005dc        0xe ./Core/BSP/Driver/ADC_Data/ADC_Data.o
                0x00000000080005dc                Driver_ADC_Test_Task
 *fill*         0x00000000080005ea        0x2 
 .text.Driver_Uart_Debug_Init
                0x00000000080005ec       0x1c ./Core/BSP/Driver/DEBUG/debug.o
                0x00000000080005ec                Driver_Uart_Debug_Init
 .text.BSP_Driver_Init
                0x0000000008000608        0xc ./Core/BSP/Driver/Driver.o
                0x0000000008000608                BSP_Driver_Init
 .text.HAL_I2C_SlaveTxCpltCallback
                0x0000000008000614       0x14 ./Core/BSP/Peri/I2C/Peri_I2c.o
                0x0000000008000614                HAL_I2C_SlaveTxCpltCallback
 .text.HAL_I2C_SlaveRxCpltCallback
                0x0000000008000628       0x14 ./Core/BSP/Peri/I2C/Peri_I2c.o
                0x0000000008000628                HAL_I2C_SlaveRxCpltCallback
 .text.HAL_I2C_AddrCallback
                0x000000000800063c       0x1c ./Core/BSP/Peri/I2C/Peri_I2c.o
                0x000000000800063c                HAL_I2C_AddrCallback
 .text.HAL_I2C_ListenCpltCallback
                0x0000000008000658       0x14 ./Core/BSP/Peri/I2C/Peri_I2c.o
                0x0000000008000658                HAL_I2C_ListenCpltCallback
 .text.HAL_I2C_ErrorCallback
                0x000000000800066c       0x14 ./Core/BSP/Peri/I2C/Peri_I2c.o
                0x000000000800066c                HAL_I2C_ErrorCallback
 .text.HAL_I2C_AbortCpltCallback
                0x0000000008000680       0x14 ./Core/BSP/Peri/I2C/Peri_I2c.o
                0x0000000008000680                HAL_I2C_AbortCpltCallback
 .text.Peri_Uart_Init
                0x0000000008000694       0x48 ./Core/BSP/Peri/Uart/Peri_Uart.o
                0x0000000008000694                Peri_Uart_Init
 .text.Peri_Uart_BuadRate_Change
                0x00000000080006dc       0x1e ./Core/BSP/Peri/Uart/Peri_Uart.o
                0x00000000080006dc                Peri_Uart_BuadRate_Change
 *fill*         0x00000000080006fa        0x2 
 .text.MX_GPIO_Init
                0x00000000080006fc      0x240 ./Core/Src/gpio.o
                0x00000000080006fc                MX_GPIO_Init
 .text.MX_I2C1_Init
                0x000000000800093c       0x80 ./Core/Src/i2c.o
                0x000000000800093c                MX_I2C1_Init
 .text.HAL_I2C_MspInit
                0x00000000080009bc       0xec ./Core/Src/i2c.o
                0x00000000080009bc                HAL_I2C_MspInit
 .text.MX_I2S2_Init
                0x0000000008000aa8       0x64 ./Core/Src/i2s.o
                0x0000000008000aa8                MX_I2S2_Init
 .text.HAL_I2S_MspInit
                0x0000000008000b0c      0x128 ./Core/Src/i2s.o
                0x0000000008000b0c                HAL_I2S_MspInit
 .text.main     0x0000000008000c34       0x2a ./Core/Src/main.o
                0x0000000008000c34                main
 *fill*         0x0000000008000c5e        0x2 
 .text.SystemClock_Config
                0x0000000008000c60       0xf8 ./Core/Src/main.o
                0x0000000008000c60                SystemClock_Config
 .text.Error_Handler
                0x0000000008000d58        0xa ./Core/Src/main.o
                0x0000000008000d58                Error_Handler
 *fill*         0x0000000008000d62        0x2 
 .text.MX_SPI1_Init
                0x0000000008000d64       0xac ./Core/Src/spi.o
                0x0000000008000d64                MX_SPI1_Init
 .text.HAL_SPI_MspInit
                0x0000000008000e10       0xd8 ./Core/Src/spi.o
                0x0000000008000e10                HAL_SPI_MspInit
 .text.HAL_MspInit
                0x0000000008000ee8       0x34 ./Core/Src/stm32h7xx_hal_msp.o
                0x0000000008000ee8                HAL_MspInit
 .text.NMI_Handler
                0x0000000008000f1c        0x6 ./Core/Src/stm32h7xx_it.o
                0x0000000008000f1c                NMI_Handler
 .text.HardFault_Handler
                0x0000000008000f22        0x6 ./Core/Src/stm32h7xx_it.o
                0x0000000008000f22                HardFault_Handler
 .text.MemManage_Handler
                0x0000000008000f28        0x6 ./Core/Src/stm32h7xx_it.o
                0x0000000008000f28                MemManage_Handler
 .text.BusFault_Handler
                0x0000000008000f2e        0x6 ./Core/Src/stm32h7xx_it.o
                0x0000000008000f2e                BusFault_Handler
 .text.UsageFault_Handler
                0x0000000008000f34        0x6 ./Core/Src/stm32h7xx_it.o
                0x0000000008000f34                UsageFault_Handler
 .text.SVC_Handler
                0x0000000008000f3a        0xe ./Core/Src/stm32h7xx_it.o
                0x0000000008000f3a                SVC_Handler
 .text.DebugMon_Handler
                0x0000000008000f48        0xe ./Core/Src/stm32h7xx_it.o
                0x0000000008000f48                DebugMon_Handler
 .text.PendSV_Handler
                0x0000000008000f56        0xe ./Core/Src/stm32h7xx_it.o
                0x0000000008000f56                PendSV_Handler
 .text.SysTick_Handler
                0x0000000008000f64        0xc ./Core/Src/stm32h7xx_it.o
                0x0000000008000f64                SysTick_Handler
 .text.I2C1_EV_IRQHandler
                0x0000000008000f70       0x14 ./Core/Src/stm32h7xx_it.o
                0x0000000008000f70                I2C1_EV_IRQHandler
 .text.I2C1_ER_IRQHandler
                0x0000000008000f84       0x14 ./Core/Src/stm32h7xx_it.o
                0x0000000008000f84                I2C1_ER_IRQHandler
 .text.SPI1_IRQHandler
                0x0000000008000f98       0x14 ./Core/Src/stm32h7xx_it.o
                0x0000000008000f98                SPI1_IRQHandler
 .text.SPI2_IRQHandler
                0x0000000008000fac       0x14 ./Core/Src/stm32h7xx_it.o
                0x0000000008000fac                SPI2_IRQHandler
 .text.SystemInit
                0x0000000008000fc0      0x110 ./Core/Src/system_stm32h7xx.o
                0x0000000008000fc0                SystemInit
 .text.MX_USART1_UART_Init
                0x00000000080010d0       0x98 ./Core/Src/usart.o
                0x00000000080010d0                MX_USART1_UART_Init
 .text.HAL_UART_MspInit
                0x0000000008001168       0xcc ./Core/Src/usart.o
                0x0000000008001168                HAL_UART_MspInit
 .text.Reset_Handler
                0x0000000008001234       0x50 ./Core/Startup/startup_stm32h743iitx.o
                0x0000000008001234                Reset_Handler
 .text.Default_Handler
                0x0000000008001284        0x2 ./Core/Startup/startup_stm32h743iitx.o
                0x0000000008001284                RTC_Alarm_IRQHandler
                0x0000000008001284                EXTI2_IRQHandler
                0x0000000008001284                TIM8_CC_IRQHandler
                0x0000000008001284                HRTIM1_Master_IRQHandler
                0x0000000008001284                UART8_IRQHandler
                0x0000000008001284                SPI4_IRQHandler
                0x0000000008001284                TIM1_CC_IRQHandler
                0x0000000008001284                BDMA_Channel6_IRQHandler
                0x0000000008001284                DMA2_Stream5_IRQHandler
                0x0000000008001284                HRTIM1_FLT_IRQHandler
                0x0000000008001284                JPEG_IRQHandler
                0x0000000008001284                DMA1_Stream5_IRQHandler
                0x0000000008001284                BDMA_Channel1_IRQHandler
                0x0000000008001284                HRTIM1_TIMD_IRQHandler
                0x0000000008001284                TAMP_STAMP_IRQHandler
                0x0000000008001284                EXTI3_IRQHandler
                0x0000000008001284                LPTIM4_IRQHandler
                0x0000000008001284                TIM8_TRG_COM_TIM14_IRQHandler
                0x0000000008001284                LPTIM2_IRQHandler
                0x0000000008001284                DFSDM1_FLT1_IRQHandler
                0x0000000008001284                DMAMUX2_OVR_IRQHandler
                0x0000000008001284                TIM8_UP_TIM13_IRQHandler
                0x0000000008001284                I2C3_ER_IRQHandler
                0x0000000008001284                DFSDM1_FLT2_IRQHandler
                0x0000000008001284                MDMA_IRQHandler
                0x0000000008001284                LPTIM3_IRQHandler
                0x0000000008001284                HSEM1_IRQHandler
                0x0000000008001284                EXTI0_IRQHandler
                0x0000000008001284                I2C2_EV_IRQHandler
                0x0000000008001284                DMA1_Stream2_IRQHandler
                0x0000000008001284                FPU_IRQHandler
                0x0000000008001284                OTG_HS_WKUP_IRQHandler
                0x0000000008001284                FDCAN1_IT1_IRQHandler
                0x0000000008001284                LTDC_ER_IRQHandler
                0x0000000008001284                DMA2_Stream2_IRQHandler
                0x0000000008001284                HRTIM1_TIME_IRQHandler
                0x0000000008001284                TIM6_DAC_IRQHandler
                0x0000000008001284                DCMI_IRQHandler
                0x0000000008001284                HRTIM1_TIMC_IRQHandler
                0x0000000008001284                DMA2_Stream3_IRQHandler
                0x0000000008001284                SAI2_IRQHandler
                0x0000000008001284                DFSDM1_FLT3_IRQHandler
                0x0000000008001284                USART6_IRQHandler
                0x0000000008001284                TIM17_IRQHandler
                0x0000000008001284                USART3_IRQHandler
                0x0000000008001284                BDMA_Channel7_IRQHandler
                0x0000000008001284                LPTIM5_IRQHandler
                0x0000000008001284                UART5_IRQHandler
                0x0000000008001284                ADC3_IRQHandler
                0x0000000008001284                DMA2_Stream0_IRQHandler
                0x0000000008001284                TIM4_IRQHandler
                0x0000000008001284                BDMA_Channel2_IRQHandler
                0x0000000008001284                QUADSPI_IRQHandler
                0x0000000008001284                DMA1_Stream6_IRQHandler
                0x0000000008001284                DMAMUX1_OVR_IRQHandler
                0x0000000008001284                DMA1_Stream1_IRQHandler
                0x0000000008001284                TIM16_IRQHandler
                0x0000000008001284                UART4_IRQHandler
                0x0000000008001284                BDMA_Channel5_IRQHandler
                0x0000000008001284                TIM3_IRQHandler
                0x0000000008001284                RCC_IRQHandler
                0x0000000008001284                TIM8_BRK_TIM12_IRQHandler
                0x0000000008001284                TIM1_TRG_COM_IRQHandler
                0x0000000008001284                Default_Handler
                0x0000000008001284                ECC_IRQHandler
                0x0000000008001284                CEC_IRQHandler
                0x0000000008001284                EXTI15_10_IRQHandler
                0x0000000008001284                BDMA_Channel0_IRQHandler
                0x0000000008001284                ADC_IRQHandler
                0x0000000008001284                DMA1_Stream7_IRQHandler
                0x0000000008001284                HRTIM1_TIMA_IRQHandler
                0x0000000008001284                SPI5_IRQHandler
                0x0000000008001284                TIM7_IRQHandler
                0x0000000008001284                SDMMC1_IRQHandler
                0x0000000008001284                TIM5_IRQHandler
                0x0000000008001284                DMA2_Stream7_IRQHandler
                0x0000000008001284                TIM15_IRQHandler
                0x0000000008001284                PVD_AVD_IRQHandler
                0x0000000008001284                I2C3_EV_IRQHandler
                0x0000000008001284                EXTI9_5_IRQHandler
                0x0000000008001284                RTC_WKUP_IRQHandler
                0x0000000008001284                LTDC_IRQHandler
                0x0000000008001284                SAI3_IRQHandler
                0x0000000008001284                ETH_WKUP_IRQHandler
                0x0000000008001284                SPDIF_RX_IRQHandler
                0x0000000008001284                OTG_HS_EP1_IN_IRQHandler
                0x0000000008001284                DMA1_Stream0_IRQHandler
                0x0000000008001284                CRS_IRQHandler
                0x0000000008001284                EXTI4_IRQHandler
                0x0000000008001284                RNG_IRQHandler
                0x0000000008001284                HRTIM1_TIMB_IRQHandler
                0x0000000008001284                FDCAN2_IT1_IRQHandler
                0x0000000008001284                ETH_IRQHandler
                0x0000000008001284                TIM1_UP_IRQHandler
                0x0000000008001284                BDMA_Channel4_IRQHandler
                0x0000000008001284                OTG_HS_EP1_OUT_IRQHandler
                0x0000000008001284                WWDG_IRQHandler
                0x0000000008001284                SPI6_IRQHandler
                0x0000000008001284                MDIOS_IRQHandler
                0x0000000008001284                I2C4_EV_IRQHandler
                0x0000000008001284                FDCAN2_IT0_IRQHandler
                0x0000000008001284                LPUART1_IRQHandler
                0x0000000008001284                FDCAN1_IT0_IRQHandler
                0x0000000008001284                TIM2_IRQHandler
                0x0000000008001284                OTG_FS_WKUP_IRQHandler
                0x0000000008001284                OTG_HS_IRQHandler
                0x0000000008001284                DMA2D_IRQHandler
                0x0000000008001284                TIM1_BRK_IRQHandler
                0x0000000008001284                EXTI1_IRQHandler
                0x0000000008001284                SDMMC2_IRQHandler
                0x0000000008001284                OTG_FS_EP1_OUT_IRQHandler
                0x0000000008001284                BDMA_Channel3_IRQHandler
                0x0000000008001284                UART7_IRQHandler
                0x0000000008001284                MDIOS_WKUP_IRQHandler
                0x0000000008001284                USART2_IRQHandler
                0x0000000008001284                DFSDM1_FLT0_IRQHandler
                0x0000000008001284                SAI4_IRQHandler
                0x0000000008001284                I2C2_ER_IRQHandler
                0x0000000008001284                DMA2_Stream1_IRQHandler
                0x0000000008001284                FLASH_IRQHandler
                0x0000000008001284                DMA2_Stream4_IRQHandler
                0x0000000008001284                USART1_IRQHandler
                0x0000000008001284                OTG_FS_IRQHandler
                0x0000000008001284                SPI3_IRQHandler
                0x0000000008001284                WAKEUP_PIN_IRQHandler
                0x0000000008001284                DMA1_Stream4_IRQHandler
                0x0000000008001284                OTG_FS_EP1_IN_IRQHandler
                0x0000000008001284                FMC_IRQHandler
                0x0000000008001284                FDCAN_CAL_IRQHandler
                0x0000000008001284                SWPMI1_IRQHandler
                0x0000000008001284                COMP1_IRQHandler
                0x0000000008001284                LPTIM1_IRQHandler
                0x0000000008001284                I2C4_ER_IRQHandler
                0x0000000008001284                DMA2_Stream6_IRQHandler
                0x0000000008001284                SAI1_IRQHandler
                0x0000000008001284                DMA1_Stream3_IRQHandler
 *fill*         0x0000000008001286        0x2 
 .text.HAL_Init
                0x0000000008001288       0x78 ./Drivers/STM32H7xx_HAL_Driver/Src/stm32h7xx_hal.o
                0x0000000008001288                HAL_Init
 .text.HAL_InitTick
                0x0000000008001300       0x6c ./Drivers/STM32H7xx_HAL_Driver/Src/stm32h7xx_hal.o
                0x0000000008001300                HAL_InitTick
 .text.HAL_IncTick
                0x000000000800136c       0x28 ./Drivers/STM32H7xx_HAL_Driver/Src/stm32h7xx_hal.o
                0x000000000800136c                HAL_IncTick
 .text.HAL_GetTick
                0x0000000008001394       0x18 ./Drivers/STM32H7xx_HAL_Driver/Src/stm32h7xx_hal.o
                0x0000000008001394                HAL_GetTick
 .text.HAL_GetREVID
                0x00000000080013ac       0x18 ./Drivers/STM32H7xx_HAL_Driver/Src/stm32h7xx_hal.o
                0x00000000080013ac                HAL_GetREVID
 .text.__NVIC_SetPriorityGrouping
                0x00000000080013c4       0x48 ./Drivers/STM32H7xx_HAL_Driver/Src/stm32h7xx_hal_cortex.o
 .text.__NVIC_GetPriorityGrouping
                0x000000000800140c       0x1c ./Drivers/STM32H7xx_HAL_Driver/Src/stm32h7xx_hal_cortex.o
 .text.__NVIC_EnableIRQ
                0x0000000008001428       0x3c ./Drivers/STM32H7xx_HAL_Driver/Src/stm32h7xx_hal_cortex.o
 .text.__NVIC_SetPriority
                0x0000000008001464       0x54 ./Drivers/STM32H7xx_HAL_Driver/Src/stm32h7xx_hal_cortex.o
 .text.NVIC_EncodePriority
                0x00000000080014b8       0x66 ./Drivers/STM32H7xx_HAL_Driver/Src/stm32h7xx_hal_cortex.o
 *fill*         0x000000000800151e        0x2 
 .text.SysTick_Config
                0x0000000008001520       0x44 ./Drivers/STM32H7xx_HAL_Driver/Src/stm32h7xx_hal_cortex.o
 .text.HAL_NVIC_SetPriorityGrouping
                0x0000000008001564       0x16 ./Drivers/STM32H7xx_HAL_Driver/Src/stm32h7xx_hal_cortex.o
                0x0000000008001564                HAL_NVIC_SetPriorityGrouping
 .text.HAL_NVIC_SetPriority
                0x000000000800157a       0x34 ./Drivers/STM32H7xx_HAL_Driver/Src/stm32h7xx_hal_cortex.o
                0x000000000800157a                HAL_NVIC_SetPriority
 .text.HAL_NVIC_EnableIRQ
                0x00000000080015ae       0x1c ./Drivers/STM32H7xx_HAL_Driver/Src/stm32h7xx_hal_cortex.o
                0x00000000080015ae                HAL_NVIC_EnableIRQ
 .text.HAL_SYSTICK_Config
                0x00000000080015ca       0x18 ./Drivers/STM32H7xx_HAL_Driver/Src/stm32h7xx_hal_cortex.o
                0x00000000080015ca                HAL_SYSTICK_Config
 *fill*         0x00000000080015e2        0x2 
 .text.HAL_DMA_Abort_IT
                0x00000000080015e4      0x488 ./Drivers/STM32H7xx_HAL_Driver/Src/stm32h7xx_hal_dma.o
                0x00000000080015e4                HAL_DMA_Abort_IT
 .text.HAL_DMA_GetState
                0x0000000008001a6c       0x1c ./Drivers/STM32H7xx_HAL_Driver/Src/stm32h7xx_hal_dma.o
                0x0000000008001a6c                HAL_DMA_GetState
 .text.HAL_GPIO_Init
                0x0000000008001a88      0x360 ./Drivers/STM32H7xx_HAL_Driver/Src/stm32h7xx_hal_gpio.o
                0x0000000008001a88                HAL_GPIO_Init
 .text.HAL_I2C_Init
                0x0000000008001de8      0x120 ./Drivers/STM32H7xx_HAL_Driver/Src/stm32h7xx_hal_i2c.o
                0x0000000008001de8                HAL_I2C_Init
 .text.HAL_I2C_EV_IRQHandler
                0x0000000008001f08       0x34 ./Drivers/STM32H7xx_HAL_Driver/Src/stm32h7xx_hal_i2c.o
                0x0000000008001f08                HAL_I2C_EV_IRQHandler
 .text.HAL_I2C_ER_IRQHandler
                0x0000000008001f3c       0xc2 ./Drivers/STM32H7xx_HAL_Driver/Src/stm32h7xx_hal_i2c.o
                0x0000000008001f3c                HAL_I2C_ER_IRQHandler
 .text.I2C_Slave_ISR_IT
                0x0000000008001ffe      0x206 ./Drivers/STM32H7xx_HAL_Driver/Src/stm32h7xx_hal_i2c.o
 .text.I2C_ITAddrCplt
                0x0000000008002204      0x108 ./Drivers/STM32H7xx_HAL_Driver/Src/stm32h7xx_hal_i2c.o
 .text.I2C_ITSlaveSeqCplt
                0x000000000800230c       0xbc ./Drivers/STM32H7xx_HAL_Driver/Src/stm32h7xx_hal_i2c.o
 .text.I2C_ITSlaveCplt
                0x00000000080023c8      0x3f0 ./Drivers/STM32H7xx_HAL_Driver/Src/stm32h7xx_hal_i2c.o
 .text.I2C_ITListenCplt
                0x00000000080027b8       0xac ./Drivers/STM32H7xx_HAL_Driver/Src/stm32h7xx_hal_i2c.o
 .text.I2C_ITError
                0x0000000008002864      0x1a0 ./Drivers/STM32H7xx_HAL_Driver/Src/stm32h7xx_hal_i2c.o
 .text.I2C_TreatErrorCallback
                0x0000000008002a04       0x4e ./Drivers/STM32H7xx_HAL_Driver/Src/stm32h7xx_hal_i2c.o
 .text.I2C_Flush_TXDR
                0x0000000008002a52       0x48 ./Drivers/STM32H7xx_HAL_Driver/Src/stm32h7xx_hal_i2c.o
 .text.I2C_DMAAbort
                0x0000000008002a9a       0x3c ./Drivers/STM32H7xx_HAL_Driver/Src/stm32h7xx_hal_i2c.o
 .text.I2C_Disable_IRQ
                0x0000000008002ad6       0xbc ./Drivers/STM32H7xx_HAL_Driver/Src/stm32h7xx_hal_i2c.o
 .text.HAL_I2CEx_ConfigAnalogFilter
                0x0000000008002b92       0x96 ./Drivers/STM32H7xx_HAL_Driver/Src/stm32h7xx_hal_i2c_ex.o
                0x0000000008002b92                HAL_I2CEx_ConfigAnalogFilter
 .text.HAL_I2CEx_ConfigDigitalFilter
                0x0000000008002c28       0x98 ./Drivers/STM32H7xx_HAL_Driver/Src/stm32h7xx_hal_i2c_ex.o
                0x0000000008002c28                HAL_I2CEx_ConfigDigitalFilter
 .text.HAL_I2S_Init
                0x0000000008002cc0      0x240 ./Drivers/STM32H7xx_HAL_Driver/Src/stm32h7xx_hal_i2s.o
                0x0000000008002cc0                HAL_I2S_Init
 .text.HAL_I2S_IRQHandler
                0x0000000008002f00      0x1ec ./Drivers/STM32H7xx_HAL_Driver/Src/stm32h7xx_hal_i2s.o
                0x0000000008002f00                HAL_I2S_IRQHandler
 .text.HAL_I2S_ErrorCallback
                0x00000000080030ec       0x14 ./Drivers/STM32H7xx_HAL_Driver/Src/stm32h7xx_hal_i2s.o
                0x00000000080030ec                HAL_I2S_ErrorCallback
 .text.HAL_PWREx_ConfigSupply
                0x0000000008003100       0x74 ./Drivers/STM32H7xx_HAL_Driver/Src/stm32h7xx_hal_pwr_ex.o
                0x0000000008003100                HAL_PWREx_ConfigSupply
 .text.HAL_RCC_OscConfig
                0x0000000008003174      0x858 ./Drivers/STM32H7xx_HAL_Driver/Src/stm32h7xx_hal_rcc.o
                0x0000000008003174                HAL_RCC_OscConfig
 .text.HAL_RCC_ClockConfig
                0x00000000080039cc      0x36c ./Drivers/STM32H7xx_HAL_Driver/Src/stm32h7xx_hal_rcc.o
                0x00000000080039cc                HAL_RCC_ClockConfig
 .text.HAL_RCC_GetSysClockFreq
                0x0000000008003d38      0x2f4 ./Drivers/STM32H7xx_HAL_Driver/Src/stm32h7xx_hal_rcc.o
                0x0000000008003d38                HAL_RCC_GetSysClockFreq
 .text.HAL_RCC_GetHCLKFreq
                0x000000000800402c       0x60 ./Drivers/STM32H7xx_HAL_Driver/Src/stm32h7xx_hal_rcc.o
                0x000000000800402c                HAL_RCC_GetHCLKFreq
 .text.HAL_RCC_GetPCLK1Freq
                0x000000000800408c       0x2c ./Drivers/STM32H7xx_HAL_Driver/Src/stm32h7xx_hal_rcc.o
                0x000000000800408c                HAL_RCC_GetPCLK1Freq
 .text.HAL_RCC_GetPCLK2Freq
                0x00000000080040b8       0x2c ./Drivers/STM32H7xx_HAL_Driver/Src/stm32h7xx_hal_rcc.o
                0x00000000080040b8                HAL_RCC_GetPCLK2Freq
 .text.HAL_RCCEx_PeriphCLKConfig
                0x00000000080040e4      0xe80 ./Drivers/STM32H7xx_HAL_Driver/Src/stm32h7xx_hal_rcc_ex.o
                0x00000000080040e4                HAL_RCCEx_PeriphCLKConfig
 .text.HAL_RCCEx_GetPeriphCLKFreq
                0x0000000008004f64      0x9a4 ./Drivers/STM32H7xx_HAL_Driver/Src/stm32h7xx_hal_rcc_ex.o
                0x0000000008004f64                HAL_RCCEx_GetPeriphCLKFreq
 .text.HAL_RCCEx_GetD3PCLK1Freq
                0x0000000008005908       0x2c ./Drivers/STM32H7xx_HAL_Driver/Src/stm32h7xx_hal_rcc_ex.o
                0x0000000008005908                HAL_RCCEx_GetD3PCLK1Freq
 .text.HAL_RCCEx_GetPLL2ClockFreq
                0x0000000008005934      0x2a8 ./Drivers/STM32H7xx_HAL_Driver/Src/stm32h7xx_hal_rcc_ex.o
                0x0000000008005934                HAL_RCCEx_GetPLL2ClockFreq
 .text.HAL_RCCEx_GetPLL3ClockFreq
                0x0000000008005bdc      0x2a8 ./Drivers/STM32H7xx_HAL_Driver/Src/stm32h7xx_hal_rcc_ex.o
                0x0000000008005bdc                HAL_RCCEx_GetPLL3ClockFreq
 .text.HAL_RCCEx_GetPLL1ClockFreq
                0x0000000008005e84      0x2a4 ./Drivers/STM32H7xx_HAL_Driver/Src/stm32h7xx_hal_rcc_ex.o
                0x0000000008005e84                HAL_RCCEx_GetPLL1ClockFreq
 .text.RCCEx_PLL2_Config
                0x0000000008006128      0x164 ./Drivers/STM32H7xx_HAL_Driver/Src/stm32h7xx_hal_rcc_ex.o
 .text.RCCEx_PLL3_Config
                0x000000000800628c      0x164 ./Drivers/STM32H7xx_HAL_Driver/Src/stm32h7xx_hal_rcc_ex.o
 .text.HAL_SPI_Init
                0x00000000080063f0      0x20c ./Drivers/STM32H7xx_HAL_Driver/Src/stm32h7xx_hal_spi.o
                0x00000000080063f0                HAL_SPI_Init
 .text.HAL_SPI_IRQHandler
                0x00000000080065fc      0x3c0 ./Drivers/STM32H7xx_HAL_Driver/Src/stm32h7xx_hal_spi.o
                0x00000000080065fc                HAL_SPI_IRQHandler
 .text.HAL_SPI_TxCpltCallback
                0x00000000080069bc       0x14 ./Drivers/STM32H7xx_HAL_Driver/Src/stm32h7xx_hal_spi.o
                0x00000000080069bc                HAL_SPI_TxCpltCallback
 .text.HAL_SPI_RxCpltCallback
                0x00000000080069d0       0x14 ./Drivers/STM32H7xx_HAL_Driver/Src/stm32h7xx_hal_spi.o
                0x00000000080069d0                HAL_SPI_RxCpltCallback
 .text.HAL_SPI_TxRxCpltCallback
                0x00000000080069e4       0x14 ./Drivers/STM32H7xx_HAL_Driver/Src/stm32h7xx_hal_spi.o
                0x00000000080069e4                HAL_SPI_TxRxCpltCallback
 .text.HAL_SPI_ErrorCallback
                0x00000000080069f8       0x14 ./Drivers/STM32H7xx_HAL_Driver/Src/stm32h7xx_hal_spi.o
                0x00000000080069f8                HAL_SPI_ErrorCallback
 .text.SPI_DMAAbortOnError
                0x0000000008006a0c       0x34 ./Drivers/STM32H7xx_HAL_Driver/Src/stm32h7xx_hal_spi.o
 .text.SPI_CloseTransfer
                0x0000000008006a40      0x140 ./Drivers/STM32H7xx_HAL_Driver/Src/stm32h7xx_hal_spi.o
 .text.SPI_GetPacketSize
                0x0000000008006b80       0x36 ./Drivers/STM32H7xx_HAL_Driver/Src/stm32h7xx_hal_spi.o
 .text.HAL_UART_Init
                0x0000000008006bb6       0xa0 ./Drivers/STM32H7xx_HAL_Driver/Src/stm32h7xx_hal_uart.o
                0x0000000008006bb6                HAL_UART_Init
 *fill*         0x0000000008006c56        0x2 
 .text.UART_SetConfig
                0x0000000008006c58      0xac0 ./Drivers/STM32H7xx_HAL_Driver/Src/stm32h7xx_hal_uart.o
                0x0000000008006c58                UART_SetConfig
 .text.UART_AdvFeatureConfig
                0x0000000008007718      0x144 ./Drivers/STM32H7xx_HAL_Driver/Src/stm32h7xx_hal_uart.o
                0x0000000008007718                UART_AdvFeatureConfig
 .text.UART_CheckIdleState
                0x000000000800785c       0x96 ./Drivers/STM32H7xx_HAL_Driver/Src/stm32h7xx_hal_uart.o
                0x000000000800785c                UART_CheckIdleState
 .text.UART_WaitOnFlagUntilTimeout
                0x00000000080078f2      0x190 ./Drivers/STM32H7xx_HAL_Driver/Src/stm32h7xx_hal_uart.o
                0x00000000080078f2                UART_WaitOnFlagUntilTimeout
 .text.HAL_UARTEx_DisableFifoMode
                0x0000000008007a82       0x72 ./Drivers/STM32H7xx_HAL_Driver/Src/stm32h7xx_hal_uart_ex.o
                0x0000000008007a82                HAL_UARTEx_DisableFifoMode
 .text.HAL_UARTEx_SetTxFifoThreshold
                0x0000000008007af4       0x7c ./Drivers/STM32H7xx_HAL_Driver/Src/stm32h7xx_hal_uart_ex.o
                0x0000000008007af4                HAL_UARTEx_SetTxFifoThreshold
 .text.HAL_UARTEx_SetRxFifoThreshold
                0x0000000008007b70       0x7c ./Drivers/STM32H7xx_HAL_Driver/Src/stm32h7xx_hal_uart_ex.o
                0x0000000008007b70                HAL_UARTEx_SetRxFifoThreshold
 .text.UARTEx_SetNbDataToProcess
                0x0000000008007bec       0x9c ./Drivers/STM32H7xx_HAL_Driver/Src/stm32h7xx_hal_uart_ex.o
 .text.__libc_init_array
                0x0000000008007c88       0x48 d:/st/stm32cubeide_1.8.0/stm32cubeide/plugins/com.st.stm32cube.ide.mcu.externaltools.gnu-tools-for-stm32.9-2020-q2-update.win32_2.0.0.202105311346/tools/bin/../lib/gcc/arm-none-eabi/9.3.1/../../../../arm-none-eabi/lib/thumb/v7e-m+dp/hard\libc_nano.a(lib_a-init.o)
                0x0000000008007c88                __libc_init_array
 .text.memset   0x0000000008007cd0       0x10 d:/st/stm32cubeide_1.8.0/stm32cubeide/plugins/com.st.stm32cube.ide.mcu.externaltools.gnu-tools-for-stm32.9-2020-q2-update.win32_2.0.0.202105311346/tools/bin/../lib/gcc/arm-none-eabi/9.3.1/../../../../arm-none-eabi/lib/thumb/v7e-m+dp/hard\libc_nano.a(lib_a-memset.o)
                0x0000000008007cd0                memset
 *(.glue_7)
 .glue_7        0x0000000008007ce0        0x0 linker stubs
 *(.glue_7t)
 .glue_7t       0x0000000008007ce0        0x0 linker stubs
 *(.eh_frame)
 .eh_frame      0x0000000008007ce0        0x0 d:/st/stm32cubeide_1.8.0/stm32cubeide/plugins/com.st.stm32cube.ide.mcu.externaltools.gnu-tools-for-stm32.9-2020-q2-update.win32_2.0.0.202105311346/tools/bin/../lib/gcc/arm-none-eabi/9.3.1/thumb/v7e-m+dp/hard/crtbegin.o
 *(.init)
 .init          0x0000000008007ce0        0x4 d:/st/stm32cubeide_1.8.0/stm32cubeide/plugins/com.st.stm32cube.ide.mcu.externaltools.gnu-tools-for-stm32.9-2020-q2-update.win32_2.0.0.202105311346/tools/bin/../lib/gcc/arm-none-eabi/9.3.1/thumb/v7e-m+dp/hard/crti.o
                0x0000000008007ce0                _init
 .init          0x0000000008007ce4        0x8 d:/st/stm32cubeide_1.8.0/stm32cubeide/plugins/com.st.stm32cube.ide.mcu.externaltools.gnu-tools-for-stm32.9-2020-q2-update.win32_2.0.0.202105311346/tools/bin/../lib/gcc/arm-none-eabi/9.3.1/thumb/v7e-m+dp/hard/crtn.o
 *(.fini)
 .fini          0x0000000008007cec        0x4 d:/st/stm32cubeide_1.8.0/stm32cubeide/plugins/com.st.stm32cube.ide.mcu.externaltools.gnu-tools-for-stm32.9-2020-q2-update.win32_2.0.0.202105311346/tools/bin/../lib/gcc/arm-none-eabi/9.3.1/thumb/v7e-m+dp/hard/crti.o
                0x0000000008007cec                _fini
 .fini          0x0000000008007cf0        0x8 d:/st/stm32cubeide_1.8.0/stm32cubeide/plugins/com.st.stm32cube.ide.mcu.externaltools.gnu-tools-for-stm32.9-2020-q2-update.win32_2.0.0.202105311346/tools/bin/../lib/gcc/arm-none-eabi/9.3.1/thumb/v7e-m+dp/hard/crtn.o
                0x0000000008007cf8                . = ALIGN (0x4)
                0x0000000008007cf8                _etext = .

.vfp11_veneer   0x0000000008007cf8        0x0
 .vfp11_veneer  0x0000000008007cf8        0x0 linker stubs

.v4_bx          0x0000000008007cf8        0x0
 .v4_bx         0x0000000008007cf8        0x0 linker stubs

.iplt           0x0000000008007cf8        0x0
 .iplt          0x0000000008007cf8        0x0 d:/st/stm32cubeide_1.8.0/stm32cubeide/plugins/com.st.stm32cube.ide.mcu.externaltools.gnu-tools-for-stm32.9-2020-q2-update.win32_2.0.0.202105311346/tools/bin/../lib/gcc/arm-none-eabi/9.3.1/thumb/v7e-m+dp/hard/crtbegin.o

.rodata         0x0000000008007cf8       0x38
                0x0000000008007cf8                . = ALIGN (0x4)
 *(.rodata)
 *(.rodata*)
 .rodata.D1CorePrescTable
                0x0000000008007cf8       0x10 ./Core/Src/system_stm32h7xx.o
                0x0000000008007cf8                D1CorePrescTable
 .rodata.UARTPrescTable
                0x0000000008007d08       0x18 ./Drivers/STM32H7xx_HAL_Driver/Src/stm32h7xx_hal_uart.o
                0x0000000008007d08                UARTPrescTable
 .rodata.numerator.10692
                0x0000000008007d20        0x8 ./Drivers/STM32H7xx_HAL_Driver/Src/stm32h7xx_hal_uart_ex.o
 .rodata.denominator.10693
                0x0000000008007d28        0x8 ./Drivers/STM32H7xx_HAL_Driver/Src/stm32h7xx_hal_uart_ex.o
                0x0000000008007d30                . = ALIGN (0x4)

.ARM.extab
 *(.ARM.extab* .gnu.linkonce.armextab.*)

.ARM            0x0000000008007d30        0x8
                0x0000000008007d30                __exidx_start = .
 *(.ARM.exidx*)
 .ARM.exidx     0x0000000008007d30        0x8 d:/st/stm32cubeide_1.8.0/stm32cubeide/plugins/com.st.stm32cube.ide.mcu.externaltools.gnu-tools-for-stm32.9-2020-q2-update.win32_2.0.0.202105311346/tools/bin/../lib/gcc/arm-none-eabi/9.3.1/thumb/v7e-m+dp/hard\libgcc.a(_udivmoddi4.o)
                0x0000000008007d38                __exidx_end = .

.rel.dyn        0x0000000008007d38        0x0
 .rel.iplt      0x0000000008007d38        0x0 d:/st/stm32cubeide_1.8.0/stm32cubeide/plugins/com.st.stm32cube.ide.mcu.externaltools.gnu-tools-for-stm32.9-2020-q2-update.win32_2.0.0.202105311346/tools/bin/../lib/gcc/arm-none-eabi/9.3.1/thumb/v7e-m+dp/hard/crtbegin.o

.preinit_array  0x0000000008007d38        0x0
                0x0000000008007d38                PROVIDE (__preinit_array_start = .)
 *(.preinit_array*)
                0x0000000008007d38                PROVIDE (__preinit_array_end = .)

.init_array     0x0000000008007d38        0x4
                0x0000000008007d38                PROVIDE (__init_array_start = .)
 *(SORT_BY_NAME(.init_array.*))
 *(.init_array*)
 .init_array    0x0000000008007d38        0x4 d:/st/stm32cubeide_1.8.0/stm32cubeide/plugins/com.st.stm32cube.ide.mcu.externaltools.gnu-tools-for-stm32.9-2020-q2-update.win32_2.0.0.202105311346/tools/bin/../lib/gcc/arm-none-eabi/9.3.1/thumb/v7e-m+dp/hard/crtbegin.o
                0x0000000008007d3c                PROVIDE (__init_array_end = .)

.fini_array     0x0000000008007d3c        0x4
                [!provide]                        PROVIDE (__fini_array_start = .)
 *(SORT_BY_NAME(.fini_array.*))
 *(.fini_array*)
 .fini_array    0x0000000008007d3c        0x4 d:/st/stm32cubeide_1.8.0/stm32cubeide/plugins/com.st.stm32cube.ide.mcu.externaltools.gnu-tools-for-stm32.9-2020-q2-update.win32_2.0.0.202105311346/tools/bin/../lib/gcc/arm-none-eabi/9.3.1/thumb/v7e-m+dp/hard/crtbegin.o
                [!provide]                        PROVIDE (__fini_array_end = .)
                0x0000000008007d40                _sidata = LOADADDR (.data)

.data           0x0000000024000000       0x10 load address 0x0000000008007d40
                0x0000000024000000                . = ALIGN (0x4)
                0x0000000024000000                _sdata = .
 *(.data)
 *(.data*)
 .data.SystemCoreClock
                0x0000000024000000        0x4 ./Core/Src/system_stm32h7xx.o
                0x0000000024000000                SystemCoreClock
 .data.SystemD2Clock
                0x0000000024000004        0x4 ./Core/Src/system_stm32h7xx.o
                0x0000000024000004                SystemD2Clock
 .data.uwTickPrio
                0x0000000024000008        0x4 ./Drivers/STM32H7xx_HAL_Driver/Src/stm32h7xx_hal.o
                0x0000000024000008                uwTickPrio
 .data.uwTickFreq
                0x000000002400000c        0x1 ./Drivers/STM32H7xx_HAL_Driver/Src/stm32h7xx_hal.o
                0x000000002400000c                uwTickFreq
 *(.RamFunc)
 *(.RamFunc*)
                0x0000000024000010                . = ALIGN (0x4)
 *fill*         0x000000002400000d        0x3 
                0x0000000024000010                _edata = .

.igot.plt       0x0000000024000010        0x0 load address 0x0000000008007d50
 .igot.plt      0x0000000024000010        0x0 d:/st/stm32cubeide_1.8.0/stm32cubeide/plugins/com.st.stm32cube.ide.mcu.externaltools.gnu-tools-for-stm32.9-2020-q2-update.win32_2.0.0.202105311346/tools/bin/../lib/gcc/arm-none-eabi/9.3.1/thumb/v7e-m+dp/hard/crtbegin.o
                0x0000000024000010                . = ALIGN (0x4)

.bss            0x0000000024000010      0x1d8 load address 0x0000000008007d50
                0x0000000024000010                _sbss = .
                0x0000000024000010                __bss_start__ = _sbss
 *(.bss)
 .bss           0x0000000024000010       0x1c d:/st/stm32cubeide_1.8.0/stm32cubeide/plugins/com.st.stm32cube.ide.mcu.externaltools.gnu-tools-for-stm32.9-2020-q2-update.win32_2.0.0.202105311346/tools/bin/../lib/gcc/arm-none-eabi/9.3.1/thumb/v7e-m+dp/hard/crtbegin.o
 *(.bss*)
 *(COMMON)
 COMMON         0x000000002400002c       0x4c ./Core/Src/i2c.o
                0x000000002400002c                hi2c1
 COMMON         0x0000000024000078       0x54 ./Core/Src/i2s.o
                0x0000000024000078                hi2s2
 COMMON         0x00000000240000cc       0x88 ./Core/Src/spi.o
                0x00000000240000cc                hspi1
 COMMON         0x0000000024000154       0x90 ./Core/Src/usart.o
                0x0000000024000154                huart1
 COMMON         0x00000000240001e4        0x4 ./Drivers/STM32H7xx_HAL_Driver/Src/stm32h7xx_hal.o
                0x00000000240001e4                uwTick
                0x00000000240001e8                . = ALIGN (0x4)
                0x00000000240001e8                _ebss = .
                0x00000000240001e8                __bss_end__ = _ebss

._user_heap_stack
                0x00000000240001e8     0x2000 load address 0x0000000008007d50
                0x00000000240001e8                . = ALIGN (0x8)
                [!provide]                        PROVIDE (end = .)
                0x00000000240001e8                PROVIDE (_end = .)
                0x00000000240011e8                . = (. + _Min_Heap_Size)
 *fill*         0x00000000240001e8     0x1000 
                0x00000000240021e8                . = (. + _Min_Stack_Size)
 *fill*         0x00000000240011e8     0x1000 
                0x00000000240021e8                . = ALIGN (0x8)

/DISCARD/
 libc.a(*)
 libm.a(*)
 libgcc.a(*)

.ARM.attributes
                0x0000000000000000       0x2e
 *(.ARM.attributes)
 .ARM.attributes
                0x0000000000000000       0x1e d:/st/stm32cubeide_1.8.0/stm32cubeide/plugins/com.st.stm32cube.ide.mcu.externaltools.gnu-tools-for-stm32.9-2020-q2-update.win32_2.0.0.202105311346/tools/bin/../lib/gcc/arm-none-eabi/9.3.1/thumb/v7e-m+dp/hard/crti.o
 .ARM.attributes
                0x000000000000001e       0x32 d:/st/stm32cubeide_1.8.0/stm32cubeide/plugins/com.st.stm32cube.ide.mcu.externaltools.gnu-tools-for-stm32.9-2020-q2-update.win32_2.0.0.202105311346/tools/bin/../lib/gcc/arm-none-eabi/9.3.1/thumb/v7e-m+dp/hard/crtbegin.o
 .ARM.attributes
                0x0000000000000050       0x32 ./Core/BSP/BSP.o
 .ARM.attributes
                0x0000000000000082       0x32 ./Core/BSP/Driver/ADC_Data/ADC_Data.o
 .ARM.attributes
                0x00000000000000b4       0x32 ./Core/BSP/Driver/DEBUG/debug.o
 .ARM.attributes
                0x00000000000000e6       0x32 ./Core/BSP/Driver/Driver.o
 .ARM.attributes
                0x0000000000000118       0x32 ./Core/BSP/Peri/I2C/Peri_I2c.o
 .ARM.attributes
                0x000000000000014a       0x32 ./Core/BSP/Peri/Uart/Peri_Uart.o
 .ARM.attributes
                0x000000000000017c       0x32 ./Core/Src/gpio.o
 .ARM.attributes
                0x00000000000001ae       0x32 ./Core/Src/i2c.o
 .ARM.attributes
                0x00000000000001e0       0x32 ./Core/Src/i2s.o
 .ARM.attributes
                0x0000000000000212       0x32 ./Core/Src/main.o
 .ARM.attributes
                0x0000000000000244       0x32 ./Core/Src/spi.o
 .ARM.attributes
                0x0000000000000276       0x32 ./Core/Src/stm32h7xx_hal_msp.o
 .ARM.attributes
                0x00000000000002a8       0x32 ./Core/Src/stm32h7xx_it.o
 .ARM.attributes
                0x00000000000002da       0x32 ./Core/Src/system_stm32h7xx.o
 .ARM.attributes
                0x000000000000030c       0x32 ./Core/Src/usart.o
 .ARM.attributes
                0x000000000000033e       0x21 ./Core/Startup/startup_stm32h743iitx.o
 .ARM.attributes
                0x000000000000035f       0x32 ./Drivers/STM32H7xx_HAL_Driver/Src/stm32h7xx_hal.o
 .ARM.attributes
                0x0000000000000391       0x32 ./Drivers/STM32H7xx_HAL_Driver/Src/stm32h7xx_hal_cortex.o
 .ARM.attributes
                0x00000000000003c3       0x32 ./Drivers/STM32H7xx_HAL_Driver/Src/stm32h7xx_hal_dma.o
 .ARM.attributes
                0x00000000000003f5       0x32 ./Drivers/STM32H7xx_HAL_Driver/Src/stm32h7xx_hal_gpio.o
 .ARM.attributes
                0x0000000000000427       0x32 ./Drivers/STM32H7xx_HAL_Driver/Src/stm32h7xx_hal_i2c.o
 .ARM.attributes
                0x0000000000000459       0x32 ./Drivers/STM32H7xx_HAL_Driver/Src/stm32h7xx_hal_i2c_ex.o
 .ARM.attributes
                0x000000000000048b       0x32 ./Drivers/STM32H7xx_HAL_Driver/Src/stm32h7xx_hal_i2s.o
 .ARM.attributes
                0x00000000000004bd       0x32 ./Drivers/STM32H7xx_HAL_Driver/Src/stm32h7xx_hal_pwr_ex.o
 .ARM.attributes
                0x00000000000004ef       0x32 ./Drivers/STM32H7xx_HAL_Driver/Src/stm32h7xx_hal_rcc.o
 .ARM.attributes
                0x0000000000000521       0x32 ./Drivers/STM32H7xx_HAL_Driver/Src/stm32h7xx_hal_rcc_ex.o
 .ARM.attributes
                0x0000000000000553       0x32 ./Drivers/STM32H7xx_HAL_Driver/Src/stm32h7xx_hal_spi.o
 .ARM.attributes
                0x0000000000000585       0x32 ./Drivers/STM32H7xx_HAL_Driver/Src/stm32h7xx_hal_uart.o
 .ARM.attributes
                0x00000000000005b7       0x32 ./Drivers/STM32H7xx_HAL_Driver/Src/stm32h7xx_hal_uart_ex.o
 .ARM.attributes
                0x00000000000005e9       0x32 d:/st/stm32cubeide_1.8.0/stm32cubeide/plugins/com.st.stm32cube.ide.mcu.externaltools.gnu-tools-for-stm32.9-2020-q2-update.win32_2.0.0.202105311346/tools/bin/../lib/gcc/arm-none-eabi/9.3.1/../../../../arm-none-eabi/lib/thumb/v7e-m+dp/hard\libc_nano.a(lib_a-init.o)
 .ARM.attributes
                0x000000000000061b       0x32 d:/st/stm32cubeide_1.8.0/stm32cubeide/plugins/com.st.stm32cube.ide.mcu.externaltools.gnu-tools-for-stm32.9-2020-q2-update.win32_2.0.0.202105311346/tools/bin/../lib/gcc/arm-none-eabi/9.3.1/../../../../arm-none-eabi/lib/thumb/v7e-m+dp/hard\libc_nano.a(lib_a-memset.o)
 .ARM.attributes
                0x000000000000064d       0x1e d:/st/stm32cubeide_1.8.0/stm32cubeide/plugins/com.st.stm32cube.ide.mcu.externaltools.gnu-tools-for-stm32.9-2020-q2-update.win32_2.0.0.202105311346/tools/bin/../lib/gcc/arm-none-eabi/9.3.1/thumb/v7e-m+dp/hard\libgcc.a(_aeabi_uldivmod.o)
 .ARM.attributes
                0x000000000000066b       0x32 d:/st/stm32cubeide_1.8.0/stm32cubeide/plugins/com.st.stm32cube.ide.mcu.externaltools.gnu-tools-for-stm32.9-2020-q2-update.win32_2.0.0.202105311346/tools/bin/../lib/gcc/arm-none-eabi/9.3.1/thumb/v7e-m+dp/hard\libgcc.a(_udivmoddi4.o)
 .ARM.attributes
                0x000000000000069d       0x1e d:/st/stm32cubeide_1.8.0/stm32cubeide/plugins/com.st.stm32cube.ide.mcu.externaltools.gnu-tools-for-stm32.9-2020-q2-update.win32_2.0.0.202105311346/tools/bin/../lib/gcc/arm-none-eabi/9.3.1/thumb/v7e-m+dp/hard\libgcc.a(_dvmd_tls.o)
 .ARM.attributes
                0x00000000000006bb       0x1e d:/st/stm32cubeide_1.8.0/stm32cubeide/plugins/com.st.stm32cube.ide.mcu.externaltools.gnu-tools-for-stm32.9-2020-q2-update.win32_2.0.0.202105311346/tools/bin/../lib/gcc/arm-none-eabi/9.3.1/thumb/v7e-m+dp/hard/crtn.o
OUTPUT(test.elf elf32-littlearm)
LOAD linker stubs
LOAD d:/st/stm32cubeide_1.8.0/stm32cubeide/plugins/com.st.stm32cube.ide.mcu.externaltools.gnu-tools-for-stm32.9-2020-q2-update.win32_2.0.0.202105311346/tools/bin/../lib/gcc/arm-none-eabi/9.3.1/../../../../arm-none-eabi/lib/thumb/v7e-m+dp/hard\libc.a
LOAD d:/st/stm32cubeide_1.8.0/stm32cubeide/plugins/com.st.stm32cube.ide.mcu.externaltools.gnu-tools-for-stm32.9-2020-q2-update.win32_2.0.0.202105311346/tools/bin/../lib/gcc/arm-none-eabi/9.3.1/../../../../arm-none-eabi/lib/thumb/v7e-m+dp/hard\libm.a
LOAD d:/st/stm32cubeide_1.8.0/stm32cubeide/plugins/com.st.stm32cube.ide.mcu.externaltools.gnu-tools-for-stm32.9-2020-q2-update.win32_2.0.0.202105311346/tools/bin/../lib/gcc/arm-none-eabi/9.3.1/thumb/v7e-m+dp/hard\libgcc.a

.debug_info     0x0000000000000000    0x2d151
 .debug_info    0x0000000000000000       0x3c ./Core/BSP/BSP.o
 .debug_info    0x000000000000003c       0x4e ./Core/BSP/Driver/ADC_Data/ADC_Data.o
 .debug_info    0x000000000000008a     0x12de ./Core/BSP/Driver/DEBUG/debug.o
 .debug_info    0x0000000000001368       0x3c ./Core/BSP/Driver/Driver.o
 .debug_info    0x00000000000013a4     0x1655 ./Core/BSP/Peri/I2C/Peri_I2c.o
 .debug_info    0x00000000000029f9     0x158f ./Core/BSP/Peri/Uart/Peri_Uart.o
 .debug_info    0x0000000000003f88     0x1173 ./Core/Src/gpio.o
 .debug_info    0x00000000000050fb     0x1d7b ./Core/Src/i2c.o
 .debug_info    0x0000000000006e76     0x1db7 ./Core/Src/i2s.o
 .debug_info    0x0000000000008c2d     0x1f9d ./Core/Src/main.o
 .debug_info    0x000000000000abca     0x1e3d ./Core/Src/spi.o
 .debug_info    0x000000000000ca07      0xf7a ./Core/Src/stm32h7xx_hal_msp.o
 .debug_info    0x000000000000d981     0x181b ./Core/Src/stm32h7xx_it.o
 .debug_info    0x000000000000f19c     0x1787 ./Core/Src/system_stm32h7xx.o
 .debug_info    0x0000000000010923     0x1a79 ./Core/Src/usart.o
 .debug_info    0x000000000001239c       0x22 ./Core/Startup/startup_stm32h743iitx.o
 .debug_info    0x00000000000123be     0x1f9d ./Drivers/STM32H7xx_HAL_Driver/Src/stm32h7xx_hal.o
 .debug_info    0x000000000001435b     0x1c13 ./Drivers/STM32H7xx_HAL_Driver/Src/stm32h7xx_hal_cortex.o
 .debug_info    0x0000000000015f6e     0x174c ./Drivers/STM32H7xx_HAL_Driver/Src/stm32h7xx_hal_dma.o
 .debug_info    0x00000000000176ba     0x17e6 ./Drivers/STM32H7xx_HAL_Driver/Src/stm32h7xx_hal_gpio.o
 .debug_info    0x0000000000018ea0     0x2db8 ./Drivers/STM32H7xx_HAL_Driver/Src/stm32h7xx_hal_i2c.o
 .debug_info    0x000000000001bc58     0x18b6 ./Drivers/STM32H7xx_HAL_Driver/Src/stm32h7xx_hal_i2c_ex.o
 .debug_info    0x000000000001d50e     0x1bb3 ./Drivers/STM32H7xx_HAL_Driver/Src/stm32h7xx_hal_i2s.o
 .debug_info    0x000000000001f0c1     0x1b45 ./Drivers/STM32H7xx_HAL_Driver/Src/stm32h7xx_hal_pwr_ex.o
 .debug_info    0x0000000000020c06     0x1951 ./Drivers/STM32H7xx_HAL_Driver/Src/stm32h7xx_hal_rcc.o
 .debug_info    0x0000000000022557     0x1d00 ./Drivers/STM32H7xx_HAL_Driver/Src/stm32h7xx_hal_rcc_ex.o
 .debug_info    0x0000000000024257     0x1fc7 ./Drivers/STM32H7xx_HAL_Driver/Src/stm32h7xx_hal_spi.o
 .debug_info    0x000000000002621e     0x558a ./Drivers/STM32H7xx_HAL_Driver/Src/stm32h7xx_hal_uart.o
 .debug_info    0x000000000002b7a8     0x19a9 ./Drivers/STM32H7xx_HAL_Driver/Src/stm32h7xx_hal_uart_ex.o

.debug_abbrev   0x0000000000000000     0x44f5
 .debug_abbrev  0x0000000000000000       0x31 ./Core/BSP/BSP.o
 .debug_abbrev  0x0000000000000031       0x31 ./Core/BSP/Driver/ADC_Data/ADC_Data.o
 .debug_abbrev  0x0000000000000062      0x26c ./Core/BSP/Driver/DEBUG/debug.o
 .debug_abbrev  0x00000000000002ce       0x31 ./Core/BSP/Driver/Driver.o
 .debug_abbrev  0x00000000000002ff      0x264 ./Core/BSP/Peri/I2C/Peri_I2c.o
 .debug_abbrev  0x0000000000000563      0x26d ./Core/BSP/Peri/Uart/Peri_Uart.o
 .debug_abbrev  0x00000000000007d0      0x229 ./Core/Src/gpio.o
 .debug_abbrev  0x00000000000009f9      0x265 ./Core/Src/i2c.o
 .debug_abbrev  0x0000000000000c5e      0x265 ./Core/Src/i2s.o
 .debug_abbrev  0x0000000000000ec3      0x28b ./Core/Src/main.o
 .debug_abbrev  0x000000000000114e      0x265 ./Core/Src/spi.o
 .debug_abbrev  0x00000000000013b3      0x20f ./Core/Src/stm32h7xx_hal_msp.o
 .debug_abbrev  0x00000000000015c2      0x1fe ./Core/Src/stm32h7xx_it.o
 .debug_abbrev  0x00000000000017c0      0x262 ./Core/Src/system_stm32h7xx.o
 .debug_abbrev  0x0000000000001a22      0x265 ./Core/Src/usart.o
 .debug_abbrev  0x0000000000001c87       0x12 ./Core/Startup/startup_stm32h743iitx.o
 .debug_abbrev  0x0000000000001c99      0x31b ./Drivers/STM32H7xx_HAL_Driver/Src/stm32h7xx_hal.o
 .debug_abbrev  0x0000000000001fb4      0x409 ./Drivers/STM32H7xx_HAL_Driver/Src/stm32h7xx_hal_cortex.o
 .debug_abbrev  0x00000000000023bd      0x2c1 ./Drivers/STM32H7xx_HAL_Driver/Src/stm32h7xx_hal_dma.o
 .debug_abbrev  0x000000000000267e      0x2cb ./Drivers/STM32H7xx_HAL_Driver/Src/stm32h7xx_hal_gpio.o
 .debug_abbrev  0x0000000000002949      0x2e6 ./Drivers/STM32H7xx_HAL_Driver/Src/stm32h7xx_hal_i2c.o
 .debug_abbrev  0x0000000000002c2f      0x29e ./Drivers/STM32H7xx_HAL_Driver/Src/stm32h7xx_hal_i2c_ex.o
 .debug_abbrev  0x0000000000002ecd      0x2cc ./Drivers/STM32H7xx_HAL_Driver/Src/stm32h7xx_hal_i2s.o
 .debug_abbrev  0x0000000000003199      0x350 ./Drivers/STM32H7xx_HAL_Driver/Src/stm32h7xx_hal_pwr_ex.o
 .debug_abbrev  0x00000000000034e9      0x322 ./Drivers/STM32H7xx_HAL_Driver/Src/stm32h7xx_hal_rcc.o
 .debug_abbrev  0x000000000000380b      0x31d ./Drivers/STM32H7xx_HAL_Driver/Src/stm32h7xx_hal_rcc_ex.o
 .debug_abbrev  0x0000000000003b28      0x313 ./Drivers/STM32H7xx_HAL_Driver/Src/stm32h7xx_hal_spi.o
 .debug_abbrev  0x0000000000003e3b      0x37d ./Drivers/STM32H7xx_HAL_Driver/Src/stm32h7xx_hal_uart.o
 .debug_abbrev  0x00000000000041b8      0x33d ./Drivers/STM32H7xx_HAL_Driver/Src/stm32h7xx_hal_uart_ex.o

.debug_aranges  0x0000000000000000     0x1308
 .debug_aranges
                0x0000000000000000       0x20 ./Core/BSP/BSP.o
 .debug_aranges
                0x0000000000000020       0x28 ./Core/BSP/Driver/ADC_Data/ADC_Data.o
 .debug_aranges
                0x0000000000000048       0x30 ./Core/BSP/Driver/DEBUG/debug.o
 .debug_aranges
                0x0000000000000078       0x20 ./Core/BSP/Driver/Driver.o
 .debug_aranges
                0x0000000000000098       0xa8 ./Core/BSP/Peri/I2C/Peri_I2c.o
 .debug_aranges
                0x0000000000000140       0x98 ./Core/BSP/Peri/Uart/Peri_Uart.o
 .debug_aranges
                0x00000000000001d8       0x20 ./Core/Src/gpio.o
 .debug_aranges
                0x00000000000001f8       0x30 ./Core/Src/i2c.o
 .debug_aranges
                0x0000000000000228       0x30 ./Core/Src/i2s.o
 .debug_aranges
                0x0000000000000258       0x30 ./Core/Src/main.o
 .debug_aranges
                0x0000000000000288       0x30 ./Core/Src/spi.o
 .debug_aranges
                0x00000000000002b8       0x20 ./Core/Src/stm32h7xx_hal_msp.o
 .debug_aranges
                0x00000000000002d8       0x80 ./Core/Src/stm32h7xx_it.o
 .debug_aranges
                0x0000000000000358       0x28 ./Core/Src/system_stm32h7xx.o
 .debug_aranges
                0x0000000000000380       0x30 ./Core/Src/usart.o
 .debug_aranges
                0x00000000000003b0       0x28 ./Core/Startup/startup_stm32h743iitx.o
 .debug_aranges
                0x00000000000003d8      0x198 ./Drivers/STM32H7xx_HAL_Driver/Src/stm32h7xx_hal.o
 .debug_aranges
                0x0000000000000570      0x120 ./Drivers/STM32H7xx_HAL_Driver/Src/stm32h7xx_hal_cortex.o
 .debug_aranges
                0x0000000000000690       0xa0 ./Drivers/STM32H7xx_HAL_Driver/Src/stm32h7xx_hal_dma.o
 .debug_aranges
                0x0000000000000730       0x58 ./Drivers/STM32H7xx_HAL_Driver/Src/stm32h7xx_hal_gpio.o
 .debug_aranges
                0x0000000000000788      0x290 ./Drivers/STM32H7xx_HAL_Driver/Src/stm32h7xx_hal_i2c.o
 .debug_aranges
                0x0000000000000a18       0x48 ./Drivers/STM32H7xx_HAL_Driver/Src/stm32h7xx_hal_i2c_ex.o
 .debug_aranges
                0x0000000000000a60      0x148 ./Drivers/STM32H7xx_HAL_Driver/Src/stm32h7xx_hal_i2s.o
 .debug_aranges
                0x0000000000000ba8      0x158 ./Drivers/STM32H7xx_HAL_Driver/Src/stm32h7xx_hal_pwr_ex.o
 .debug_aranges
                0x0000000000000d00       0x88 ./Drivers/STM32H7xx_HAL_Driver/Src/stm32h7xx_hal_rcc.o
 .debug_aranges
                0x0000000000000d88       0xf8 ./Drivers/STM32H7xx_HAL_Driver/Src/stm32h7xx_hal_rcc_ex.o
 .debug_aranges
                0x0000000000000e80      0x1a0 ./Drivers/STM32H7xx_HAL_Driver/Src/stm32h7xx_hal_spi.o
 .debug_aranges
                0x0000000000001020      0x248 ./Drivers/STM32H7xx_HAL_Driver/Src/stm32h7xx_hal_uart.o
 .debug_aranges
                0x0000000000001268       0xa0 ./Drivers/STM32H7xx_HAL_Driver/Src/stm32h7xx_hal_uart_ex.o

.debug_ranges   0x0000000000000000     0x1170
 .debug_ranges  0x0000000000000000       0x10 ./Core/BSP/BSP.o
 .debug_ranges  0x0000000000000010       0x18 ./Core/BSP/Driver/ADC_Data/ADC_Data.o
 .debug_ranges  0x0000000000000028       0x20 ./Core/BSP/Driver/DEBUG/debug.o
 .debug_ranges  0x0000000000000048       0x10 ./Core/BSP/Driver/Driver.o
 .debug_ranges  0x0000000000000058       0x98 ./Core/BSP/Peri/I2C/Peri_I2c.o
 .debug_ranges  0x00000000000000f0       0x88 ./Core/BSP/Peri/Uart/Peri_Uart.o
 .debug_ranges  0x0000000000000178       0x10 ./Core/Src/gpio.o
 .debug_ranges  0x0000000000000188       0x20 ./Core/Src/i2c.o
 .debug_ranges  0x00000000000001a8       0x20 ./Core/Src/i2s.o
 .debug_ranges  0x00000000000001c8       0x20 ./Core/Src/main.o
 .debug_ranges  0x00000000000001e8       0x20 ./Core/Src/spi.o
 .debug_ranges  0x0000000000000208       0x10 ./Core/Src/stm32h7xx_hal_msp.o
 .debug_ranges  0x0000000000000218       0x70 ./Core/Src/stm32h7xx_it.o
 .debug_ranges  0x0000000000000288       0x18 ./Core/Src/system_stm32h7xx.o
 .debug_ranges  0x00000000000002a0       0x20 ./Core/Src/usart.o
 .debug_ranges  0x00000000000002c0       0x20 ./Core/Startup/startup_stm32h743iitx.o
 .debug_ranges  0x00000000000002e0      0x188 ./Drivers/STM32H7xx_HAL_Driver/Src/stm32h7xx_hal.o
 .debug_ranges  0x0000000000000468      0x110 ./Drivers/STM32H7xx_HAL_Driver/Src/stm32h7xx_hal_cortex.o
 .debug_ranges  0x0000000000000578       0x90 ./Drivers/STM32H7xx_HAL_Driver/Src/stm32h7xx_hal_dma.o
 .debug_ranges  0x0000000000000608       0x48 ./Drivers/STM32H7xx_HAL_Driver/Src/stm32h7xx_hal_gpio.o
 .debug_ranges  0x0000000000000650      0x280 ./Drivers/STM32H7xx_HAL_Driver/Src/stm32h7xx_hal_i2c.o
 .debug_ranges  0x00000000000008d0       0x38 ./Drivers/STM32H7xx_HAL_Driver/Src/stm32h7xx_hal_i2c_ex.o
 .debug_ranges  0x0000000000000908      0x138 ./Drivers/STM32H7xx_HAL_Driver/Src/stm32h7xx_hal_i2s.o
 .debug_ranges  0x0000000000000a40      0x148 ./Drivers/STM32H7xx_HAL_Driver/Src/stm32h7xx_hal_pwr_ex.o
 .debug_ranges  0x0000000000000b88       0x78 ./Drivers/STM32H7xx_HAL_Driver/Src/stm32h7xx_hal_rcc.o
 .debug_ranges  0x0000000000000c00       0xe8 ./Drivers/STM32H7xx_HAL_Driver/Src/stm32h7xx_hal_rcc_ex.o
 .debug_ranges  0x0000000000000ce8      0x190 ./Drivers/STM32H7xx_HAL_Driver/Src/stm32h7xx_hal_spi.o
 .debug_ranges  0x0000000000000e78      0x268 ./Drivers/STM32H7xx_HAL_Driver/Src/stm32h7xx_hal_uart.o
 .debug_ranges  0x00000000000010e0       0x90 ./Drivers/STM32H7xx_HAL_Driver/Src/stm32h7xx_hal_uart_ex.o

.debug_macro    0x0000000000000000    0x37c84
 .debug_macro   0x0000000000000000       0x1b ./Core/BSP/BSP.o
 .debug_macro   0x000000000000001b       0x11 ./Core/BSP/Driver/ADC_Data/ADC_Data.o
 .debug_macro   0x000000000000002c      0x3a6 ./Core/BSP/Driver/DEBUG/debug.o
 .debug_macro   0x00000000000003d2      0x23e ./Core/BSP/Driver/DEBUG/debug.o
 .debug_macro   0x0000000000000610       0x2e ./Core/BSP/Driver/DEBUG/debug.o
 .debug_macro   0x000000000000063e       0x3b ./Core/BSP/Driver/DEBUG/debug.o
 .debug_macro   0x0000000000000679       0x22 ./Core/BSP/Driver/DEBUG/debug.o
 .debug_macro   0x000000000000069b       0x8e ./Core/BSP/Driver/DEBUG/debug.o
 .debug_macro   0x0000000000000729       0x51 ./Core/BSP/Driver/DEBUG/debug.o
 .debug_macro   0x000000000000077a      0x103 ./Core/BSP/Driver/DEBUG/debug.o
 .debug_macro   0x000000000000087d       0x6a ./Core/BSP/Driver/DEBUG/debug.o
 .debug_macro   0x00000000000008e7      0x1df ./Core/BSP/Driver/DEBUG/debug.o
 .debug_macro   0x0000000000000ac6       0x1c ./Core/BSP/Driver/DEBUG/debug.o
 .debug_macro   0x0000000000000ae2       0x22 ./Core/BSP/Driver/DEBUG/debug.o
 .debug_macro   0x0000000000000b04      0x101 ./Core/BSP/Driver/DEBUG/debug.o
 .debug_macro   0x0000000000000c05     0x1305 ./Core/BSP/Driver/DEBUG/debug.o
 .debug_macro   0x0000000000001f0a      0x11f ./Core/BSP/Driver/DEBUG/debug.o
 .debug_macro   0x0000000000002029       0x27 ./Core/BSP/Driver/DEBUG/debug.o
 .debug_macro   0x0000000000002050    0x25862 ./Core/BSP/Driver/DEBUG/debug.o
 .debug_macro   0x00000000000278b2       0x6d ./Core/BSP/Driver/DEBUG/debug.o
 .debug_macro   0x000000000002791f     0x3d1e ./Core/BSP/Driver/DEBUG/debug.o
 .debug_macro   0x000000000002b63d      0x174 ./Core/BSP/Driver/DEBUG/debug.o
 .debug_macro   0x000000000002b7b1       0x52 ./Core/BSP/Driver/DEBUG/debug.o
 .debug_macro   0x000000000002b803       0x17 ./Core/BSP/Driver/DEBUG/debug.o
 .debug_macro   0x000000000002b81a       0x3c ./Core/BSP/Driver/DEBUG/debug.o
 .debug_macro   0x000000000002b856       0x34 ./Core/BSP/Driver/DEBUG/debug.o
 .debug_macro   0x000000000002b88a       0x16 ./Core/BSP/Driver/DEBUG/debug.o
 .debug_macro   0x000000000002b8a0       0x43 ./Core/BSP/Driver/DEBUG/debug.o
 .debug_macro   0x000000000002b8e3       0x34 ./Core/BSP/Driver/DEBUG/debug.o
 .debug_macro   0x000000000002b917       0x10 ./Core/BSP/Driver/DEBUG/debug.o
 .debug_macro   0x000000000002b927       0x58 ./Core/BSP/Driver/DEBUG/debug.o
 .debug_macro   0x000000000002b97f       0x71 ./Core/BSP/Driver/DEBUG/debug.o
 .debug_macro   0x000000000002b9f0       0x1c ./Core/BSP/Driver/DEBUG/debug.o
 .debug_macro   0x000000000002ba0c      0x12a ./Core/BSP/Driver/DEBUG/debug.o
 .debug_macro   0x000000000002bb36      0x333 ./Core/BSP/Driver/DEBUG/debug.o
 .debug_macro   0x000000000002be69      0x1a9 ./Core/BSP/Driver/DEBUG/debug.o
 .debug_macro   0x000000000002c012       0x5d ./Core/BSP/Driver/DEBUG/debug.o
 .debug_macro   0x000000000002c06f     0x2382 ./Core/BSP/Driver/DEBUG/debug.o
 .debug_macro   0x000000000002e3f1     0x1002 ./Core/BSP/Driver/DEBUG/debug.o
 .debug_macro   0x000000000002f3f3      0x14d ./Core/BSP/Driver/DEBUG/debug.o
 .debug_macro   0x000000000002f540      0x114 ./Core/BSP/Driver/DEBUG/debug.o
 .debug_macro   0x000000000002f654      0x3b2 ./Core/BSP/Driver/DEBUG/debug.o
 .debug_macro   0x000000000002fa06       0xac ./Core/BSP/Driver/DEBUG/debug.o
 .debug_macro   0x000000000002fab2      0x72d ./Core/BSP/Driver/DEBUG/debug.o
 .debug_macro   0x00000000000301df      0x228 ./Core/BSP/Driver/DEBUG/debug.o
 .debug_macro   0x0000000000030407       0x66 ./Core/BSP/Driver/DEBUG/debug.o
 .debug_macro   0x000000000003046d      0x3bb ./Core/BSP/Driver/DEBUG/debug.o
 .debug_macro   0x0000000000030828      0x3e4 ./Core/BSP/Driver/DEBUG/debug.o
 .debug_macro   0x0000000000030c0c      0x275 ./Core/BSP/Driver/DEBUG/debug.o
 .debug_macro   0x0000000000030e81      0x3ca ./Core/BSP/Driver/DEBUG/debug.o
 .debug_macro   0x000000000003124b      0x408 ./Core/BSP/Driver/DEBUG/debug.o
 .debug_macro   0x0000000000031653       0x51 ./Core/BSP/Driver/DEBUG/debug.o
 .debug_macro   0x00000000000316a4       0x4a ./Core/BSP/Driver/DEBUG/debug.o
 .debug_macro   0x00000000000316ee      0x22c ./Core/BSP/Driver/DEBUG/debug.o
 .debug_macro   0x000000000003191a       0x67 ./Core/BSP/Driver/DEBUG/debug.o
 .debug_macro   0x0000000000031981       0xa5 ./Core/BSP/Driver/DEBUG/debug.o
 .debug_macro   0x0000000000031a26      0x25d ./Core/BSP/Driver/DEBUG/debug.o
 .debug_macro   0x0000000000031c83      0x1c4 ./Core/BSP/Driver/DEBUG/debug.o
 .debug_macro   0x0000000000031e47      0x25e ./Core/BSP/Driver/DEBUG/debug.o
 .debug_macro   0x00000000000320a5       0x35 ./Core/BSP/Driver/DEBUG/debug.o
 .debug_macro   0x00000000000320da      0x5e4 ./Core/BSP/Driver/DEBUG/debug.o
 .debug_macro   0x00000000000326be       0x9e ./Core/BSP/Driver/DEBUG/debug.o
 .debug_macro   0x000000000003275c      0x67e ./Core/BSP/Driver/DEBUG/debug.o
 .debug_macro   0x0000000000032dda       0xa6 ./Core/BSP/Driver/DEBUG/debug.o
 .debug_macro   0x0000000000032e80      0x5a0 ./Core/BSP/Driver/DEBUG/debug.o
 .debug_macro   0x0000000000033420       0x1c ./Core/BSP/Driver/DEBUG/debug.o
 .debug_macro   0x000000000003343c       0x35 ./Core/BSP/Driver/DEBUG/debug.o
 .debug_macro   0x0000000000033471       0x10 ./Core/BSP/Driver/DEBUG/debug.o
 .debug_macro   0x0000000000033481       0x10 ./Core/BSP/Driver/DEBUG/debug.o
 .debug_macro   0x0000000000033491       0x1c ./Core/BSP/Driver/DEBUG/debug.o
 .debug_macro   0x00000000000334ad       0x52 ./Core/BSP/Driver/DEBUG/debug.o
 .debug_macro   0x00000000000334ff       0x22 ./Core/BSP/Driver/DEBUG/debug.o
 .debug_macro   0x0000000000033521       0x10 ./Core/BSP/Driver/DEBUG/debug.o
 .debug_macro   0x0000000000033531       0x40 ./Core/BSP/Driver/DEBUG/debug.o
 .debug_macro   0x0000000000033571       0xd5 ./Core/BSP/Driver/DEBUG/debug.o
 .debug_macro   0x0000000000033646       0x1c ./Core/BSP/Driver/DEBUG/debug.o
 .debug_macro   0x0000000000033662       0x3d ./Core/BSP/Driver/DEBUG/debug.o
 .debug_macro   0x000000000003369f       0x16 ./Core/BSP/Driver/DEBUG/debug.o
 .debug_macro   0x00000000000336b5      0x145 ./Core/BSP/Driver/DEBUG/debug.o
 .debug_macro   0x00000000000337fa       0x1b ./Core/BSP/Driver/Driver.o
 .debug_macro   0x0000000000033815      0x2d9 ./Core/BSP/Peri/I2C/Peri_I2c.o
 .debug_macro   0x0000000000033aee      0x2d9 ./Core/BSP/Peri/Uart/Peri_Uart.o
 .debug_macro   0x0000000000033dc7      0x2cb ./Core/Src/gpio.o
 .debug_macro   0x0000000000034092      0x2cb ./Core/Src/i2c.o
 .debug_macro   0x000000000003435d      0x2cb ./Core/Src/i2s.o
 .debug_macro   0x0000000000034628      0x31f ./Core/Src/main.o
 .debug_macro   0x0000000000034947      0x2cb ./Core/Src/spi.o
 .debug_macro   0x0000000000034c12      0x2c1 ./Core/Src/stm32h7xx_hal_msp.o
 .debug_macro   0x0000000000034ed3      0x2cb ./Core/Src/stm32h7xx_it.o
 .debug_macro   0x000000000003519e      0x2b7 ./Core/Src/system_stm32h7xx.o
 .debug_macro   0x0000000000035455      0x2cb ./Core/Src/usart.o
 .debug_macro   0x0000000000035720      0x2e1 ./Drivers/STM32H7xx_HAL_Driver/Src/stm32h7xx_hal.o
 .debug_macro   0x0000000000035a01      0x2b7 ./Drivers/STM32H7xx_HAL_Driver/Src/stm32h7xx_hal_cortex.o
 .debug_macro   0x0000000000035cb8      0x30a ./Drivers/STM32H7xx_HAL_Driver/Src/stm32h7xx_hal_dma.o
 .debug_macro   0x0000000000035fc2      0x2be ./Drivers/STM32H7xx_HAL_Driver/Src/stm32h7xx_hal_gpio.o
 .debug_macro   0x0000000000036280      0x383 ./Drivers/STM32H7xx_HAL_Driver/Src/stm32h7xx_hal_i2c.o
 .debug_macro   0x0000000000036603      0x2b7 ./Drivers/STM32H7xx_HAL_Driver/Src/stm32h7xx_hal_i2c_ex.o
 .debug_macro   0x00000000000368ba      0x2bf ./Drivers/STM32H7xx_HAL_Driver/Src/stm32h7xx_hal_i2s.o
 .debug_macro   0x0000000000036b79      0x2f0 ./Drivers/STM32H7xx_HAL_Driver/Src/stm32h7xx_hal_pwr_ex.o
 .debug_macro   0x0000000000036e69      0x2db ./Drivers/STM32H7xx_HAL_Driver/Src/stm32h7xx_hal_rcc.o
 .debug_macro   0x0000000000037144      0x2d5 ./Drivers/STM32H7xx_HAL_Driver/Src/stm32h7xx_hal_rcc_ex.o
 .debug_macro   0x0000000000037419      0x2c6 ./Drivers/STM32H7xx_HAL_Driver/Src/stm32h7xx_hal_spi.o
 .debug_macro   0x00000000000376df      0x2e2 ./Drivers/STM32H7xx_HAL_Driver/Src/stm32h7xx_hal_uart.o
 .debug_macro   0x00000000000379c1      0x2c3 ./Drivers/STM32H7xx_HAL_Driver/Src/stm32h7xx_hal_uart_ex.o

.debug_line     0x0000000000000000    0x1cbec
 .debug_line    0x0000000000000000       0x8f ./Core/BSP/BSP.o
 .debug_line    0x000000000000008f       0x6c ./Core/BSP/Driver/ADC_Data/ADC_Data.o
 .debug_line    0x00000000000000fb      0x9b2 ./Core/BSP/Driver/DEBUG/debug.o
 .debug_line    0x0000000000000aad       0x77 ./Core/BSP/Driver/Driver.o
 .debug_line    0x0000000000000b24      0xaad ./Core/BSP/Peri/I2C/Peri_I2c.o
 .debug_line    0x00000000000015d1      0xa1a ./Core/BSP/Peri/Uart/Peri_Uart.o
 .debug_line    0x0000000000001feb      0x8d1 ./Core/Src/gpio.o
 .debug_line    0x00000000000028bc      0x905 ./Core/Src/i2c.o
 .debug_line    0x00000000000031c1      0x904 ./Core/Src/i2s.o
 .debug_line    0x0000000000003ac5      0xa53 ./Core/Src/main.o
 .debug_line    0x0000000000004518      0x914 ./Core/Src/spi.o
 .debug_line    0x0000000000004e2c      0x86f ./Core/Src/stm32h7xx_hal_msp.o
 .debug_line    0x000000000000569b      0x993 ./Core/Src/stm32h7xx_it.o
 .debug_line    0x000000000000602e      0xa23 ./Core/Src/system_stm32h7xx.o
 .debug_line    0x0000000000006a51      0x911 ./Core/Src/usart.o
 .debug_line    0x0000000000007362       0x88 ./Core/Startup/startup_stm32h743iitx.o
 .debug_line    0x00000000000073ea      0xe1e ./Drivers/STM32H7xx_HAL_Driver/Src/stm32h7xx_hal.o
 .debug_line    0x0000000000008208      0xe24 ./Drivers/STM32H7xx_HAL_Driver/Src/stm32h7xx_hal_cortex.o
 .debug_line    0x000000000000902c     0x2765 ./Drivers/STM32H7xx_HAL_Driver/Src/stm32h7xx_hal_dma.o
 .debug_line    0x000000000000b791      0xce1 ./Drivers/STM32H7xx_HAL_Driver/Src/stm32h7xx_hal_gpio.o
 .debug_line    0x000000000000c472     0x3834 ./Drivers/STM32H7xx_HAL_Driver/Src/stm32h7xx_hal_i2c.o
 .debug_line    0x000000000000fca6      0xa8e ./Drivers/STM32H7xx_HAL_Driver/Src/stm32h7xx_hal_i2c_ex.o
 .debug_line    0x0000000000010734     0x17f6 ./Drivers/STM32H7xx_HAL_Driver/Src/stm32h7xx_hal_i2s.o
 .debug_line    0x0000000000011f2a      0xf38 ./Drivers/STM32H7xx_HAL_Driver/Src/stm32h7xx_hal_pwr_ex.o
 .debug_line    0x0000000000012e62     0x1389 ./Drivers/STM32H7xx_HAL_Driver/Src/stm32h7xx_hal_rcc.o
 .debug_line    0x00000000000141eb     0x1b37 ./Drivers/STM32H7xx_HAL_Driver/Src/stm32h7xx_hal_rcc_ex.o
 .debug_line    0x0000000000015d22     0x2157 ./Drivers/STM32H7xx_HAL_Driver/Src/stm32h7xx_hal_spi.o
 .debug_line    0x0000000000017e79     0x3e77 ./Drivers/STM32H7xx_HAL_Driver/Src/stm32h7xx_hal_uart.o
 .debug_line    0x000000000001bcf0      0xefc ./Drivers/STM32H7xx_HAL_Driver/Src/stm32h7xx_hal_uart_ex.o

.debug_str      0x0000000000000000   0x15e115
 .debug_str     0x0000000000000000     0x2e0e ./Core/BSP/BSP.o
 .debug_str     0x0000000000002e0e       0x51 ./Core/BSP/Driver/ADC_Data/ADC_Data.o
                                       0x2e30 (size before relaxing)
 .debug_str     0x0000000000002e5f   0x154c24 ./Core/BSP/Driver/DEBUG/debug.o
                                     0x157f96 (size before relaxing)
 .debug_str     0x0000000000157a83       0x41 ./Core/BSP/Driver/Driver.o
                                       0x2e20 (size before relaxing)
 .debug_str     0x0000000000157ac4      0x539 ./Core/BSP/Peri/I2C/Peri_I2c.o
                                     0x15725d (size before relaxing)
 .debug_str     0x0000000000157ffd      0x303 ./Core/BSP/Peri/Uart/Peri_Uart.o
                                     0x1572b5 (size before relaxing)
 .debug_str     0x0000000000158300      0x2b4 ./Core/Src/gpio.o
                                     0x156cba (size before relaxing)
 .debug_str     0x00000000001585b4      0xaf8 ./Core/Src/i2c.o
                                     0x157df2 (size before relaxing)
 .debug_str     0x00000000001590ac      0x1e9 ./Core/Src/i2s.o
                                     0x157d51 (size before relaxing)
 .debug_str     0x0000000000159295      0x453 ./Core/Src/main.o
                                     0x157892 (size before relaxing)
 .debug_str     0x00000000001596e8       0x4b ./Core/Src/spi.o
                                     0x157e08 (size before relaxing)
 .debug_str     0x0000000000159733       0x2c ./Core/Src/stm32h7xx_hal_msp.o
                                     0x156c4d (size before relaxing)
 .debug_str     0x000000000015975f      0x103 ./Core/Src/stm32h7xx_it.o
                                     0x1574b8 (size before relaxing)
 .debug_str     0x0000000000159862      0x315 ./Core/Src/system_stm32h7xx.o
                                     0x156f3f (size before relaxing)
 .debug_str     0x0000000000159b77       0x4c ./Core/Src/usart.o
                                     0x15757a (size before relaxing)
 .debug_str     0x0000000000159bc3       0x36 ./Core/Startup/startup_stm32h743iitx.o
                                         0x66 (size before relaxing)
 .debug_str     0x0000000000159bf9      0x745 ./Drivers/STM32H7xx_HAL_Driver/Src/stm32h7xx_hal.o
                                     0x157d6d (size before relaxing)
 .debug_str     0x000000000015a33e      0x39f ./Drivers/STM32H7xx_HAL_Driver/Src/stm32h7xx_hal_cortex.o
                                     0x157875 (size before relaxing)
 .debug_str     0x000000000015a6dd      0x88e ./Drivers/STM32H7xx_HAL_Driver/Src/stm32h7xx_hal_dma.o
                                     0x157655 (size before relaxing)
 .debug_str     0x000000000015af6b      0x146 ./Drivers/STM32H7xx_HAL_Driver/Src/stm32h7xx_hal_gpio.o
                                     0x156f23 (size before relaxing)
 .debug_str     0x000000000015b0b1      0xc56 ./Drivers/STM32H7xx_HAL_Driver/Src/stm32h7xx_hal_i2c.o
                                     0x157eef (size before relaxing)
 .debug_str     0x000000000015bd07       0xb8 ./Drivers/STM32H7xx_HAL_Driver/Src/stm32h7xx_hal_i2c_ex.o
                                     0x157333 (size before relaxing)
 .debug_str     0x000000000015bdbf      0x3ca ./Drivers/STM32H7xx_HAL_Driver/Src/stm32h7xx_hal_i2s.o
                                     0x157341 (size before relaxing)
 .debug_str     0x000000000015c189      0x63e ./Drivers/STM32H7xx_HAL_Driver/Src/stm32h7xx_hal_pwr_ex.o
                                     0x1573c6 (size before relaxing)
 .debug_str     0x000000000015c7c7      0x26c ./Drivers/STM32H7xx_HAL_Driver/Src/stm32h7xx_hal_rcc.o
                                     0x157287 (size before relaxing)
 .debug_str     0x000000000015ca33      0x653 ./Drivers/STM32H7xx_HAL_Driver/Src/stm32h7xx_hal_rcc_ex.o
                                     0x15774d (size before relaxing)
 .debug_str     0x000000000015d086      0x4df ./Drivers/STM32H7xx_HAL_Driver/Src/stm32h7xx_hal_spi.o
                                     0x157577 (size before relaxing)
 .debug_str     0x000000000015d565      0x8c9 ./Drivers/STM32H7xx_HAL_Driver/Src/stm32h7xx_hal_uart.o
                                     0x157ca3 (size before relaxing)
 .debug_str     0x000000000015de2e      0x2e7 ./Drivers/STM32H7xx_HAL_Driver/Src/stm32h7xx_hal_uart_ex.o
                                     0x1572cb (size before relaxing)

.comment        0x0000000000000000       0x53
 .comment       0x0000000000000000       0x53 ./Core/BSP/BSP.o
                                         0x54 (size before relaxing)
 .comment       0x0000000000000053       0x54 ./Core/BSP/Driver/ADC_Data/ADC_Data.o
 .comment       0x0000000000000053       0x54 ./Core/BSP/Driver/DEBUG/debug.o
 .comment       0x0000000000000053       0x54 ./Core/BSP/Driver/Driver.o
 .comment       0x0000000000000053       0x54 ./Core/BSP/Peri/I2C/Peri_I2c.o
 .comment       0x0000000000000053       0x54 ./Core/BSP/Peri/Uart/Peri_Uart.o
 .comment       0x0000000000000053       0x54 ./Core/Src/gpio.o
 .comment       0x0000000000000053       0x54 ./Core/Src/i2c.o
 .comment       0x0000000000000053       0x54 ./Core/Src/i2s.o
 .comment       0x0000000000000053       0x54 ./Core/Src/main.o
 .comment       0x0000000000000053       0x54 ./Core/Src/spi.o
 .comment       0x0000000000000053       0x54 ./Core/Src/stm32h7xx_hal_msp.o
 .comment       0x0000000000000053       0x54 ./Core/Src/stm32h7xx_it.o
 .comment       0x0000000000000053       0x54 ./Core/Src/system_stm32h7xx.o
 .comment       0x0000000000000053       0x54 ./Core/Src/usart.o
 .comment       0x0000000000000053       0x54 ./Drivers/STM32H7xx_HAL_Driver/Src/stm32h7xx_hal.o
 .comment       0x0000000000000053       0x54 ./Drivers/STM32H7xx_HAL_Driver/Src/stm32h7xx_hal_cortex.o
 .comment       0x0000000000000053       0x54 ./Drivers/STM32H7xx_HAL_Driver/Src/stm32h7xx_hal_dma.o
 .comment       0x0000000000000053       0x54 ./Drivers/STM32H7xx_HAL_Driver/Src/stm32h7xx_hal_gpio.o
 .comment       0x0000000000000053       0x54 ./Drivers/STM32H7xx_HAL_Driver/Src/stm32h7xx_hal_i2c.o
 .comment       0x0000000000000053       0x54 ./Drivers/STM32H7xx_HAL_Driver/Src/stm32h7xx_hal_i2c_ex.o
 .comment       0x0000000000000053       0x54 ./Drivers/STM32H7xx_HAL_Driver/Src/stm32h7xx_hal_i2s.o
 .comment       0x0000000000000053       0x54 ./Drivers/STM32H7xx_HAL_Driver/Src/stm32h7xx_hal_pwr_ex.o
 .comment       0x0000000000000053       0x54 ./Drivers/STM32H7xx_HAL_Driver/Src/stm32h7xx_hal_rcc.o
 .comment       0x0000000000000053       0x54 ./Drivers/STM32H7xx_HAL_Driver/Src/stm32h7xx_hal_rcc_ex.o
 .comment       0x0000000000000053       0x54 ./Drivers/STM32H7xx_HAL_Driver/Src/stm32h7xx_hal_spi.o
 .comment       0x0000000000000053       0x54 ./Drivers/STM32H7xx_HAL_Driver/Src/stm32h7xx_hal_uart.o
 .comment       0x0000000000000053       0x54 ./Drivers/STM32H7xx_HAL_Driver/Src/stm32h7xx_hal_uart_ex.o

.debug_frame    0x0000000000000000     0x4d78
 .debug_frame   0x0000000000000000       0x2c ./Core/BSP/BSP.o
 .debug_frame   0x000000000000002c       0x50 ./Core/BSP/Driver/ADC_Data/ADC_Data.o
 .debug_frame   0x000000000000007c       0x84 ./Core/BSP/Driver/DEBUG/debug.o
 .debug_frame   0x0000000000000100       0x2c ./Core/BSP/Driver/Driver.o
 .debug_frame   0x000000000000012c      0x2c0 ./Core/BSP/Peri/I2C/Peri_I2c.o
 .debug_frame   0x00000000000003ec      0x26c ./Core/BSP/Peri/Uart/Peri_Uart.o
 .debug_frame   0x0000000000000658       0x38 ./Core/Src/gpio.o
 .debug_frame   0x0000000000000690       0x78 ./Core/Src/i2c.o
 .debug_frame   0x0000000000000708       0x78 ./Core/Src/i2s.o
 .debug_frame   0x0000000000000780       0x68 ./Core/Src/main.o
 .debug_frame   0x00000000000007e8       0x78 ./Core/Src/spi.o
 .debug_frame   0x0000000000000860       0x38 ./Core/Src/stm32h7xx_hal_msp.o
 .debug_frame   0x0000000000000898      0x174 ./Core/Src/stm32h7xx_it.o
 .debug_frame   0x0000000000000a0c       0x58 ./Core/Src/system_stm32h7xx.o
 .debug_frame   0x0000000000000a64       0x78 ./Core/Src/usart.o
 .debug_frame   0x0000000000000adc      0x690 ./Drivers/STM32H7xx_HAL_Driver/Src/stm32h7xx_hal.o
 .debug_frame   0x000000000000116c      0x4b8 ./Drivers/STM32H7xx_HAL_Driver/Src/stm32h7xx_hal_cortex.o
 .debug_frame   0x0000000000001624      0x2b4 ./Drivers/STM32H7xx_HAL_Driver/Src/stm32h7xx_hal_dma.o
 .debug_frame   0x00000000000018d8      0x14c ./Drivers/STM32H7xx_HAL_Driver/Src/stm32h7xx_hal_gpio.o
 .debug_frame   0x0000000000001a24      0xbf0 ./Drivers/STM32H7xx_HAL_Driver/Src/stm32h7xx_hal_i2c.o
 .debug_frame   0x0000000000002614      0x100 ./Drivers/STM32H7xx_HAL_Driver/Src/stm32h7xx_hal_i2c_ex.o
 .debug_frame   0x0000000000002714      0x5ac ./Drivers/STM32H7xx_HAL_Driver/Src/stm32h7xx_hal_i2s.o
 .debug_frame   0x0000000000002cc0      0x580 ./Drivers/STM32H7xx_HAL_Driver/Src/stm32h7xx_hal_pwr_ex.o
 .debug_frame   0x0000000000003240      0x1f8 ./Drivers/STM32H7xx_HAL_Driver/Src/stm32h7xx_hal_rcc.o
 .debug_frame   0x0000000000003438      0x3f4 ./Drivers/STM32H7xx_HAL_Driver/Src/stm32h7xx_hal_rcc_ex.o
 .debug_frame   0x000000000000382c      0x778 ./Drivers/STM32H7xx_HAL_Driver/Src/stm32h7xx_hal_spi.o
 .debug_frame   0x0000000000003fa4      0xa8c ./Drivers/STM32H7xx_HAL_Driver/Src/stm32h7xx_hal_uart.o
 .debug_frame   0x0000000000004a30      0x29c ./Drivers/STM32H7xx_HAL_Driver/Src/stm32h7xx_hal_uart_ex.o
 .debug_frame   0x0000000000004ccc       0x2c d:/st/stm32cubeide_1.8.0/stm32cubeide/plugins/com.st.stm32cube.ide.mcu.externaltools.gnu-tools-for-stm32.9-2020-q2-update.win32_2.0.0.202105311346/tools/bin/../lib/gcc/arm-none-eabi/9.3.1/../../../../arm-none-eabi/lib/thumb/v7e-m+dp/hard\libc_nano.a(lib_a-init.o)
 .debug_frame   0x0000000000004cf8       0x20 d:/st/stm32cubeide_1.8.0/stm32cubeide/plugins/com.st.stm32cube.ide.mcu.externaltools.gnu-tools-for-stm32.9-2020-q2-update.win32_2.0.0.202105311346/tools/bin/../lib/gcc/arm-none-eabi/9.3.1/../../../../arm-none-eabi/lib/thumb/v7e-m+dp/hard\libc_nano.a(lib_a-memset.o)
 .debug_frame   0x0000000000004d18       0x2c d:/st/stm32cubeide_1.8.0/stm32cubeide/plugins/com.st.stm32cube.ide.mcu.externaltools.gnu-tools-for-stm32.9-2020-q2-update.win32_2.0.0.202105311346/tools/bin/../lib/gcc/arm-none-eabi/9.3.1/thumb/v7e-m+dp/hard\libgcc.a(_aeabi_uldivmod.o)
 .debug_frame   0x0000000000004d44       0x34 d:/st/stm32cubeide_1.8.0/stm32cubeide/plugins/com.st.stm32cube.ide.mcu.externaltools.gnu-tools-for-stm32.9-2020-q2-update.win32_2.0.0.202105311346/tools/bin/../lib/gcc/arm-none-eabi/9.3.1/thumb/v7e-m+dp/hard\libgcc.a(_udivmoddi4.o)
